../Core/Src/main.c:81:5:main	8	static
../Core/Src/main.c:143:6:SystemClock_Config	88	static
../Core/Src/main.c:185:13:MX_CRC_Init	8	static
../Core/Src/main.c:211:13:MX_USART2_UART_Init	8	static
../Core/Src/main.c:244:13:MX_GPIO_Init	32	static
../Core/Src/main.c:270:13:printmsg	96	static
../Core/Src/main.c:283:6:bootloader_uart_read_data	16	static
../Core/Src/main.c:339:6:bootloader_jump_to_user_app	24	static,ignoring_inline_asm
../Core/Src/main.c:364:6:HAL_GPIO_EXTI_Callback	16	static
../Core/Src/main.c:372:6:bootloader_handle_getver_cmd	32	static
../Core/Src/main.c:403:6:bootloader_handle_gethelp_cmd	16	static
../Core/Src/main.c:407:6:bootloader_handle_getcid_cmd	16	static
../Core/Src/main.c:411:6:bootloader_handle_getrdp_cmd	16	static
../Core/Src/main.c:415:6:bootloader_handle_go_cmd	16	static
../Core/Src/main.c:419:6:bootloader_handle_flash_erase_cmd	16	static
../Core/Src/main.c:423:6:bootloader_handle_mem_write_cmd	16	static
../Core/Src/main.c:427:6:bootloader_handle_en_rw_protect	16	static
../Core/Src/main.c:431:6:bootloader_handle_mem_read	16	static
../Core/Src/main.c:435:6:bootloader_handle_read_sector_protection_status	16	static
../Core/Src/main.c:439:6:bootloader_handle_read_otp	16	static
../Core/Src/main.c:443:6:bootloader_handle_dis_rw_protect	16	static
../Core/Src/main.c:450:13:bootloader_send_ack	24	static
../Core/Src/main.c:458:13:bootloader_send_nack	16	static
../Core/Src/main.c:464:16:get_bootloader_version	16	static
../Core/Src/main.c:470:9:bootloader_verify_crc	40	static
../Core/Src/main.c:492:13:bootloader_uart_write_data	16	static
../Core/Src/main.c:507:6:Error_Handler	4	static,ignoring_inline_asm
