2025-11-17 07:59:34,482 [INFO] Activator:176 - 


2025-11-17 07:59:34,491 [INFO] Activator:177 - !SESSION log4j initialized
2025-11-17 07:59:47,411 [INFO] LogOutputStream:77 - [STDOUT_REDIRECT] 
2025-11-17 07:59:52,032 [INFO] ApplicationProperties:184 - Using Application install path: C:\ST\STM32CubeIDE_1.18.0\STM32CubeIDE\plugins\com.st.stm32cube.common.mx_6.14.0.202502271554
2025-11-17 07:59:52,074 [INFO] DbMcusXml:78 - Set database path to: C:\ST\STM32CubeIDE_1.18.0\STM32CubeIDE\plugins\com.st.stm32cube.common.mx_6.14.0.202502271554\\db\/mcu/
2025-11-17 07:59:52,075 [INFO] ApiDb:274 - Set plugin database path to: C:\ST\STM32CubeIDE_1.18.0\STM32CubeIDE\plugins\com.st.stm32cube.common.mx_6.14.0.202502271554\\db\/plugins/boardmanager/
2025-11-17 07:59:52,076 [WARN] ApiDb:259 - Overriding images path with different value:  => C:\ST\STM32CubeIDE_1.18.0\STM32CubeIDE\plugins\com.st.stm32cube.common.mx_6.14.0.202502271554\\db\/plugins/mcufinder/images/
2025-11-17 07:59:52,096 [INFO] ApiDb:250 - Set database path to: C:\Users\user\.stmcufinder\plugins\mcufinder//mcu/
2025-11-17 07:59:52,099 [INFO] DbMcusAds:125 - Set database path to: C:\Users\user\.stmcufinder\plugins\mcufinder//mcu/
2025-11-17 07:59:52,107 [INFO] CrossReferenceDbSqlite:203 - Set database path to: C:\Users\user\.stmcufinder\plugins\mcufinder//mcu/cs/
2025-11-17 07:59:52,367 [INFO] RulesReader:64 - Compatibility file has been processed (301 Rules)
2025-11-17 07:59:52,508 [INFO] DbMcusXml:78 - Set database path to: C:\ST\STM32CubeIDE_1.18.0\STM32CubeIDE\plugins\com.st.stm32cube.common.mx_6.14.0.202502271554\\db\/mcu/
2025-11-17 07:59:52,508 [INFO] ApiDb:274 - Set plugin database path to: C:\ST\STM32CubeIDE_1.18.0\STM32CubeIDE\plugins\com.st.stm32cube.common.mx_6.14.0.202502271554\\db\/plugins/boardmanager/
2025-11-17 07:59:52,508 [INFO] ApiDb:261 - Set plugin images path to: C:\ST\STM32CubeIDE_1.18.0\STM32CubeIDE\plugins\com.st.stm32cube.common.mx_6.14.0.202502271554\\db\/plugins/mcufinder/images/
2025-11-17 07:59:52,508 [WARN] DbFile:41 - Overriding database path with different value: C:\Users\user\.stmcufinder\plugins\mcufinder/ => C:\Users\user\.stmcufinder\plugins\mcufinder
2025-11-17 07:59:52,508 [INFO] ApiDb:250 - Set database path to: C:\Users\user\.stmcufinder\plugins\mcufinder//mcu/
2025-11-17 07:59:52,509 [WARN] DbFile:41 - Overriding database path with different value: C:\Users\user\.stmcufinder\plugins\mcufinder/ => C:\Users\user\.stmcufinder\plugins\mcufinder
2025-11-17 07:59:52,509 [INFO] DbMcusAds:125 - Set database path to: C:\Users\user\.stmcufinder\plugins\mcufinder//mcu/
2025-11-17 07:59:52,509 [WARN] DbFile:41 - Overriding database path with different value: C:\Users\user\.stmcufinder\plugins\mcufinder/ => C:\Users\user\.stmcufinder\plugins\mcufinder
2025-11-17 07:59:52,509 [WARN] DbFile:41 - Overriding database path with different value: C:\Users\user\.stmcufinder\plugins\mcufinder/ => C:\Users\user\.stmcufinder\plugins\mcufinder
2025-11-17 07:59:52,509 [INFO] CrossReferenceDbSqlite:203 - Set database path to: C:\Users\user\.stmcufinder\plugins\mcufinder//mcu/cs/
2025-11-17 07:59:52,647 [INFO] MainPanel:272 - HeapMemory: 268435456
2025-11-17 07:59:52,842 [INFO] DbMcusXml:78 - Set database path to: C:\ST\STM32CubeIDE_1.18.0\STM32CubeIDE\plugins\com.st.stm32cube.common.mx_6.14.0.202502271554\\db\/mcu/
2025-11-17 07:59:52,842 [INFO] ApiDb:274 - Set plugin database path to: C:\ST\STM32CubeIDE_1.18.0\STM32CubeIDE\plugins\com.st.stm32cube.common.mx_6.14.0.202502271554\\db\/plugins/boardmanager/
2025-11-17 07:59:52,842 [INFO] ApiDb:261 - Set plugin images path to: C:\ST\STM32CubeIDE_1.18.0\STM32CubeIDE\plugins\com.st.stm32cube.common.mx_6.14.0.202502271554\\db\/plugins/mcufinder/images/
2025-11-17 07:59:52,842 [WARN] DbFile:41 - Overriding database path with different value: C:\Users\user\.stmcufinder\plugins\mcufinder/ => C:\Users\user\.stmcufinder\plugins\mcufinder
2025-11-17 07:59:52,843 [INFO] ApiDb:250 - Set database path to: C:\Users\user\.stmcufinder\plugins\mcufinder//mcu/
2025-11-17 07:59:52,843 [WARN] DbFile:41 - Overriding database path with different value: C:\Users\user\.stmcufinder\plugins\mcufinder/ => C:\Users\user\.stmcufinder\plugins\mcufinder
2025-11-17 07:59:52,843 [INFO] DbMcusAds:125 - Set database path to: C:\Users\user\.stmcufinder\plugins\mcufinder//mcu/
2025-11-17 07:59:52,843 [WARN] DbFile:41 - Overriding database path with different value: C:\Users\user\.stmcufinder\plugins\mcufinder/ => C:\Users\user\.stmcufinder\plugins\mcufinder
2025-11-17 07:59:52,843 [WARN] DbFile:41 - Overriding database path with different value: C:\Users\user\.stmcufinder\plugins\mcufinder/ => C:\Users\user\.stmcufinder\plugins\mcufinder
2025-11-17 07:59:52,843 [INFO] CrossReferenceDbSqlite:203 - Set database path to: C:\Users\user\.stmcufinder\plugins\mcufinder//mcu/cs/
2025-11-17 07:59:52,871 [INFO] ApplicationProperties:184 - Using Application install path: C:\ST\STM32CubeIDE_1.18.0\STM32CubeIDE\plugins\com.st.stm32cube.common.mx_6.14.0.202502271554
2025-11-17 07:59:52,872 [INFO] PluginManage:196 - Search for loadable plugins [exclusion list=, ]
2025-11-17 07:59:52,876 [INFO] PluginManage:310 - Check plugin analytics
2025-11-17 07:59:53,139 [INFO] AnalyticsPlugin:253 - Accepted Software Licenses: 
2025-11-17 07:59:53,139 [INFO] AnalyticsPlugin:255 - Accepted CMSIS Pack Licenses: 
2025-11-17 07:59:53,139 [INFO] AnalyticsPlugin:257 - Accepted Firmware Licenses: FW.F4.1.28.0,FW.G0.1.6.0
2025-11-17 07:59:53,143 [INFO] PluginManage:359 - Loaded plugin analytics (category:tool,tabindex:-1)
2025-11-17 07:59:53,143 [INFO] PluginManage:310 - Check plugin cadmodel
2025-11-17 07:59:53,153 [INFO] CADModel:105 - Init CAD model plugin
2025-11-17 07:59:53,153 [INFO] PluginManage:359 - Loaded plugin cadmodel (category:power,tabindex:5)
2025-11-17 07:59:53,154 [INFO] PluginManage:310 - Check plugin clock
2025-11-17 07:59:53,171 [INFO] PluginManage:359 - Loaded plugin clock (category:base,tabindex:2)
2025-11-17 07:59:53,171 [INFO] PluginManage:310 - Check plugin ddr
2025-11-17 07:59:53,175 [INFO] PluginManage:359 - Loaded plugin ddr (category:tool,tabindex:6)
2025-11-17 07:59:53,175 [INFO] PluginManage:310 - Check plugin filemanager
2025-11-17 07:59:53,498 [INFO] PluginManage:359 - Loaded plugin filemanager (category:base,tabindex:10)
2025-11-17 07:59:53,498 [INFO] PluginManage:310 - Check plugin ipmanager
2025-11-17 07:59:53,515 [INFO] PluginManage:359 - Loaded plugin ipmanager (category:base,tabindex:5)
2025-11-17 07:59:53,515 [INFO] PluginManage:310 - Check plugin lpbam
2025-11-17 07:59:53,547 [INFO] PluginManage:359 - Loaded plugin lpbam (category:base,tabindex:0)
2025-11-17 07:59:53,547 [INFO] PluginManage:310 - Check plugin memorymap
2025-11-17 07:59:53,604 [INFO] PluginManage:359 - Loaded plugin memorymap (category:base,tabindex:4)
2025-11-17 07:59:53,605 [INFO] PluginManage:310 - Check plugin pinoutandconfiguration
2025-11-17 07:59:53,662 [INFO] PluginManage:359 - Loaded plugin pinoutandconfiguration (category:base,tabindex:1)
2025-11-17 07:59:53,662 [INFO] PluginManage:310 - Check plugin pinoutconfig
2025-11-17 07:59:53,891 [WARN] SupportedApi:132 - Cannot load RTOS API schema: s4s-elt-must-match.1: The content of 'definitions' must match (annotation?, (simpleType | complexType)?, (unique | key | keyref)*)). A problem was found starting at: attribute.
2025-11-17 07:59:54,207 [INFO] PluginManage:359 - Loaded plugin pinoutconfig (category:base,tabindex:0)
2025-11-17 07:59:54,207 [INFO] PluginManage:310 - Check plugin power
2025-11-17 07:59:54,266 [INFO] PluginManage:359 - Loaded plugin power (category:power,tabindex:4)
2025-11-17 07:59:54,266 [INFO] PluginManage:310 - Check plugin projectmanager
2025-11-17 07:59:54,396 [INFO] PluginManage:359 - Loaded plugin projectmanager (category:projectmanager,tabindex:4)
2025-11-17 07:59:54,396 [INFO] PluginManage:310 - Check plugin rif
2025-11-17 07:59:54,422 [INFO] PluginManage:359 - Loaded plugin rif (category:base,tabindex:3)
2025-11-17 07:59:54,423 [INFO] PluginManage:310 - Check plugin thirdparty
2025-11-17 07:59:55,045 [INFO] PluginManage:359 - Loaded plugin thirdparty (category:base,tabindex:-1)
2025-11-17 07:59:55,047 [INFO] PluginManage:310 - Check plugin tools
2025-11-17 07:59:55,047 [WARN] IntegrityCheckThread:84 - waiting for thirdparty lock release [integrity check]
2025-11-17 07:59:55,048 [INFO] IntegrityCheckThread:86 - entering critical section [integrity check]
2025-11-17 07:59:55,048 [INFO] ThirdPartyUpdaterWithRetryManager:70 - Updater plugin not ready yet. [1/15]
2025-11-17 07:59:55,057 [INFO] PluginManage:359 - Loaded plugin tools (category:base,tabindex:7)
2025-11-17 07:59:55,057 [INFO] PluginManage:310 - Check plugin tutovideos
2025-11-17 07:59:55,478 [INFO] PluginManage:359 - Loaded plugin tutovideos (category:base,tabindex:-1)
2025-11-17 07:59:55,479 [INFO] PluginManage:310 - Check plugin updater
2025-11-17 07:59:55,547 [INFO] PluginManage:359 - Loaded plugin updater (category:base,tabindex:12)
2025-11-17 07:59:55,547 [INFO] PluginManage:310 - Check plugin userauth
2025-11-17 07:59:55,560 [INFO] UserAuth:118 - Init User Auth plugin
2025-11-17 07:59:55,562 [INFO] PluginManage:359 - Loaded plugin userauth (category:base,tabindex:14)
2025-11-17 07:59:55,563 [INFO] PluginManage:283 - PluginManage : Loaded plugins [18]
2025-11-17 07:59:56,191 [INFO] PinOutPanel:1589 - setPackage(No Configuration,No Configuration)
2025-11-17 07:59:56,398 [INFO] CADModel:165 - CPN selected for project level
2025-11-17 07:59:56,399 [INFO] CADModel:114 - Register for checkConnection events
2025-11-17 07:59:56,443 [INFO] IPUIPlugin:80 - create IPUIPlugin
2025-11-17 07:59:56,443 [INFO] PluginManager:220 - loadIPPluginJar : add adc
2025-11-17 07:59:56,448 [INFO] IPUIPlugin:80 - create IPUIPlugin
2025-11-17 07:59:56,448 [INFO] PluginManager:220 - loadIPPluginJar : add aes
2025-11-17 07:59:56,459 [INFO] IPUIPlugin:80 - create IPUIPlugin
2025-11-17 07:59:56,459 [INFO] PluginManager:220 - loadIPPluginJar : add can
2025-11-17 07:59:56,464 [INFO] IPUIPlugin:80 - create IPUIPlugin
2025-11-17 07:59:56,465 [INFO] PluginManager:220 - loadIPPluginJar : add comp
2025-11-17 07:59:56,472 [INFO] IPUIPlugin:80 - create IPUIPlugin
2025-11-17 07:59:56,472 [INFO] PluginManager:220 - loadIPPluginJar : add cryp
2025-11-17 07:59:56,493 [INFO] IPUIPlugin:80 - create IPUIPlugin
2025-11-17 07:59:56,493 [INFO] PluginManager:220 - loadIPPluginJar : add ddr_ctrl_phy
2025-11-17 07:59:56,508 [INFO] IPUIPlugin:80 - create IPUIPlugin
2025-11-17 07:59:56,509 [INFO] PluginManager:220 - loadIPPluginJar : add dfsdm
2025-11-17 07:59:56,520 [INFO] IPUIPlugin:80 - create IPUIPlugin
2025-11-17 07:59:56,521 [INFO] PluginManager:220 - loadIPPluginJar : add dma
2025-11-17 07:59:56,531 [INFO] IPUIPlugin:80 - create IPUIPlugin
2025-11-17 07:59:56,533 [INFO] PluginManager:220 - loadIPPluginJar : add dma3
2025-11-17 07:59:56,546 [INFO] IPUIPlugin:80 - create IPUIPlugin
2025-11-17 07:59:56,546 [INFO] PluginManager:220 - loadIPPluginJar : add extmemmanager
2025-11-17 07:59:56,555 [INFO] IPUIPlugin:80 - create IPUIPlugin
2025-11-17 07:59:56,555 [INFO] PluginManager:220 - loadIPPluginJar : add fatfs
2025-11-17 07:59:56,577 [INFO] IPUIPlugin:80 - create IPUIPlugin
2025-11-17 07:59:56,577 [INFO] PluginManager:220 - loadIPPluginJar : add fmc
2025-11-17 07:59:56,735 [INFO] IPUIPlugin:80 - create IPUIPlugin
2025-11-17 07:59:56,737 [INFO] PluginManager:220 - loadIPPluginJar : add freertos
2025-11-17 07:59:56,770 [INFO] IPUIPlugin:80 - create IPUIPlugin
2025-11-17 07:59:56,771 [INFO] PluginManager:220 - loadIPPluginJar : add genericplugin
2025-11-17 07:59:56,776 [INFO] IPUIPlugin:80 - create IPUIPlugin
2025-11-17 07:59:56,777 [INFO] PluginManager:220 - loadIPPluginJar : add gfxmmu
2025-11-17 07:59:56,786 [INFO] IPUIPlugin:80 - create IPUIPlugin
2025-11-17 07:59:56,787 [INFO] PluginManager:220 - loadIPPluginJar : add gic
2025-11-17 07:59:56,847 [INFO] IPUIPlugin:80 - create IPUIPlugin
2025-11-17 07:59:56,847 [INFO] PluginManager:220 - loadIPPluginJar : add gpio
2025-11-17 07:59:56,898 [INFO] IPUIPlugin:80 - create IPUIPlugin
2025-11-17 07:59:56,898 [INFO] PluginManager:220 - loadIPPluginJar : add gtzc
2025-11-17 07:59:56,906 [INFO] IPUIPlugin:80 - create IPUIPlugin
2025-11-17 07:59:56,906 [INFO] PluginManager:220 - loadIPPluginJar : add hash
2025-11-17 07:59:56,912 [INFO] IPUIPlugin:80 - create IPUIPlugin
2025-11-17 07:59:56,912 [INFO] PluginManager:220 - loadIPPluginJar : add i2c
2025-11-17 07:59:56,919 [INFO] IPUIPlugin:80 - create IPUIPlugin
2025-11-17 07:59:56,920 [INFO] PluginManager:220 - loadIPPluginJar : add i2s
2025-11-17 07:59:56,926 [INFO] IPUIPlugin:80 - create IPUIPlugin
2025-11-17 07:59:56,927 [INFO] PluginManager:220 - loadIPPluginJar : add i3c
2025-11-17 07:59:56,947 [INFO] IPUIPlugin:80 - create IPUIPlugin
2025-11-17 07:59:56,953 [INFO] PluginManager:220 - loadIPPluginJar : add ipddr
2025-11-17 07:59:56,972 [INFO] IPUIPlugin:80 - create IPUIPlugin
2025-11-17 07:59:56,976 [INFO] PluginManager:220 - loadIPPluginJar : add linkedlist
2025-11-17 07:59:56,987 [INFO] IPUIPlugin:80 - create IPUIPlugin
2025-11-17 07:59:56,987 [INFO] PluginManager:220 - loadIPPluginJar : add lorawan
2025-11-17 07:59:56,996 [INFO] IPUIPlugin:80 - create IPUIPlugin
2025-11-17 07:59:56,996 [INFO] PluginManager:220 - loadIPPluginJar : add ltdc
2025-11-17 07:59:57,011 [INFO] IPUIPlugin:80 - create IPUIPlugin
2025-11-17 07:59:57,011 [INFO] PluginManager:220 - loadIPPluginJar : add mdma
2025-11-17 07:59:57,020 [INFO] IPUIPlugin:80 - create IPUIPlugin
2025-11-17 07:59:57,020 [INFO] PluginManager:220 - loadIPPluginJar : add nvic
2025-11-17 07:59:57,027 [INFO] IPUIPlugin:80 - create IPUIPlugin
2025-11-17 07:59:57,028 [INFO] PluginManager:220 - loadIPPluginJar : add opamp
2025-11-17 07:59:57,061 [INFO] IPUIPlugin:80 - create IPUIPlugin
2025-11-17 07:59:57,061 [INFO] PluginManager:220 - loadIPPluginJar : add openamp
2025-11-17 07:59:57,078 [INFO] IPUIPlugin:80 - create IPUIPlugin
2025-11-17 07:59:57,078 [INFO] PluginManager:220 - loadIPPluginJar : add pdm2pcm
2025-11-17 07:59:57,091 [INFO] IPUIPlugin:80 - create IPUIPlugin
2025-11-17 07:59:57,096 [INFO] PluginManager:220 - loadIPPluginJar : add plateformsettings
2025-11-17 07:59:57,102 [INFO] IPUIPlugin:80 - create IPUIPlugin
2025-11-17 07:59:57,103 [INFO] PluginManager:220 - loadIPPluginJar : add quadspi
2025-11-17 07:59:57,106 [INFO] IPUIPlugin:80 - create IPUIPlugin
2025-11-17 07:59:57,107 [INFO] PluginManager:220 - loadIPPluginJar : add radio
2025-11-17 07:59:57,203 [INFO] IPUIPlugin:80 - create IPUIPlugin
2025-11-17 07:59:57,204 [INFO] PluginManager:220 - loadIPPluginJar : add resmgrutility
2025-11-17 07:59:57,211 [INFO] IPUIPlugin:80 - create IPUIPlugin
2025-11-17 07:59:57,211 [INFO] PluginManager:220 - loadIPPluginJar : add sai
2025-11-17 07:59:57,215 [INFO] IPUIPlugin:80 - create IPUIPlugin
2025-11-17 07:59:57,215 [INFO] PluginManager:220 - loadIPPluginJar : add spi
2025-11-17 07:59:57,295 [INFO] IPUIPlugin:80 - create IPUIPlugin
2025-11-17 07:59:57,296 [INFO] PluginManager:220 - loadIPPluginJar : add stm32_wpan
2025-11-17 07:59:57,313 [INFO] IPUIPlugin:80 - create IPUIPlugin
2025-11-17 07:59:57,313 [INFO] PluginManager:220 - loadIPPluginJar : add tim
2025-11-17 07:59:57,356 [INFO] IPUIPlugin:80 - create IPUIPlugin
2025-11-17 07:59:57,356 [INFO] PluginManager:220 - loadIPPluginJar : add touchsensing
2025-11-17 07:59:57,360 [INFO] IPUIPlugin:80 - create IPUIPlugin
2025-11-17 07:59:57,360 [INFO] PluginManager:220 - loadIPPluginJar : add tracer_emb
2025-11-17 07:59:57,371 [INFO] IPUIPlugin:80 - create IPUIPlugin
2025-11-17 07:59:57,372 [INFO] PluginManager:220 - loadIPPluginJar : add ts
2025-11-17 07:59:57,378 [INFO] IPUIPlugin:80 - create IPUIPlugin
2025-11-17 07:59:57,379 [INFO] PluginManager:220 - loadIPPluginJar : add tsc
2025-11-17 07:59:57,385 [INFO] IPUIPlugin:80 - create IPUIPlugin
2025-11-17 07:59:57,386 [INFO] PluginManager:220 - loadIPPluginJar : add ucpd
2025-11-17 07:59:57,392 [INFO] IPUIPlugin:80 - create IPUIPlugin
2025-11-17 07:59:57,392 [INFO] PluginManager:220 - loadIPPluginJar : add usart
2025-11-17 07:59:57,398 [INFO] IPUIPlugin:80 - create IPUIPlugin
2025-11-17 07:59:57,399 [INFO] PluginManager:220 - loadIPPluginJar : add usbx
2025-11-17 07:59:57,625 [FATAL] Updater:351 - Updater called before beeing initialized
2025-11-17 07:59:57,672 [INFO] RulesReader:64 - Compatibility file has been processed (301 Rules)
2025-11-17 07:59:57,755 [INFO] RulesReader:64 - Compatibility file has been processed (301 Rules)
2025-11-17 07:59:57,815 [INFO] CADModel:165 - CPN selected for project level
2025-11-17 07:59:57,816 [INFO] CADModel:114 - Register for checkConnection events
2025-11-17 07:59:57,816 [FATAL] Updater:351 - Updater called before beeing initialized
2025-11-17 07:59:57,816 [ERROR] CADModel:125 - Updater not yet initialized, retry later 
2025-11-17 07:59:58,085 [INFO] ThirdPartyUpdaterWithRetryManager:70 - Updater plugin not ready yet. [2/15]
2025-11-17 07:59:58,725 [FATAL] Updater:351 - Updater called before beeing initialized
2025-11-17 07:59:58,731 [INFO] CADModel:165 - CPN selected for project level
2025-11-17 07:59:58,731 [INFO] CADModel:114 - Register for checkConnection events
2025-11-17 07:59:58,732 [FATAL] Updater:351 - Updater called before beeing initialized
2025-11-17 07:59:58,732 [ERROR] CADModel:125 - Updater not yet initialized, retry later 
2025-11-17 07:59:58,791 [FATAL] Updater:351 - Updater called before beeing initialized
2025-11-17 08:00:00,580 [FATAL] Updater:351 - Updater called before beeing initialized
2025-11-17 08:00:00,596 [INFO] DbMcusAds:53 - JSON generation date=Mon Nov 10 16:13:01 IST 2025 (1762771381096)
2025-11-17 08:00:00,596 [FATAL] Updater:351 - Updater called before beeing initialized
2025-11-17 08:00:00,996 [WARN] DetailPanel:346 - Failed to get advertising image, set to default
2025-11-17 08:00:01,125 [FATAL] Updater:351 - Updater called before beeing initialized
2025-11-17 08:00:01,127 [ERROR] IntegrityCheckThread:130 - Cannot retrieve database content from updater: error 21
2025-11-17 08:00:01,128 [INFO] ThirdParty:978 - Integrity check success = false
2025-11-17 08:00:01,129 [INFO] IntegrityCheckThread:100 - exiting critical section [integrity check]
2025-11-17 08:00:01,129 [INFO] IntegrityCheckThread:103 - End integrity checks thread
2025-11-17 08:00:02,204 [FATAL] Updater:351 - Updater called before beeing initialized
2025-11-17 08:00:02,207 [FATAL] Updater:351 - Updater called before beeing initialized
2025-11-17 08:00:02,208 [FATAL] Updater:351 - Updater called before beeing initialized
2025-11-17 08:00:02,208 [WARN] DetailPanel:346 - Failed to get advertising image, set to default
2025-11-17 08:00:02,209 [FATAL] Updater:351 - Updater called before beeing initialized
2025-11-17 08:00:02,326 [ERROR] Updater:1198 - MainUpdater not yet initialized. External WinMGr cannot be set.
2025-11-17 08:00:02,329 [INFO] Updater:1134 - Updater Version found : 6.14.0
2025-11-17 08:00:02,369 [INFO] ApplicationProperties:184 - Using Application install path: C:\ST\STM32CubeIDE_1.18.0\STM32CubeIDE\plugins\com.st.stm32cube.common.mx_6.14.0.202502271554
2025-11-17 08:00:03,965 [ERROR] LogOutputStream:75 - [STDERR_REDIRECT] Nov 17, 2025 8:00:03 AM java.util.prefs.WindowsPreferences <init>
2025-11-17 08:00:03,968 [ERROR] LogOutputStream:75 - [STDERR_REDIRECT] WARNING: Could not open/create prefs root node Software\JavaSoft\Prefs at root 0xffffffff80000002. Windows RegCreateKeyEx(...) returned error code 5.
2025-11-17 08:00:03,969 [ERROR] LogOutputStream:75 - [STDERR_REDIRECT] 
2025-11-17 08:00:04,901 [INFO] MainUpdater:2872 - connection check result : 10
2025-11-17 08:00:04,902 [INFO] MainUpdater:289 - Updater Check For Update Now.
2025-11-17 08:00:04,902 [INFO] MicroXplorer:498 - Change Database Version : DB.6.0.140
2025-11-17 08:00:04,915 [INFO] McuFinderGlobals:63 - Set McuFinder mode to 2 (CubeIDE integrated)
2025-11-17 08:00:04,916 [INFO] UserAuth:486 - Internet connection configuration mode: 1
2025-11-17 08:00:05,101 [INFO] JxBrowserEngine:152 - Initiate JxBrowser Engine with user profile folder
2025-11-17 08:00:06,706 [INFO] CheckServerUpdateThread:120 - End of CheckServer Thread
2025-11-17 08:00:09,289 [INFO] WebApp:169 - Instantiating new browser for Auth
2025-11-17 08:00:13,110 [INFO] WebApp:463 - Apply proxy settings
2025-11-17 08:00:13,111 [INFO] WebApp:548 - Chromium requires no authentication
2025-11-17 08:00:13,167 [INFO] WebApp:491 - Direct internet connection detected
2025-11-17 08:00:13,300 [INFO] WebApp:894 - Register for checkConnection events
2025-11-17 08:00:13,300 [INFO] WebApp:463 - Apply proxy settings
2025-11-17 08:00:13,301 [INFO] WebApp:548 - Chromium requires no authentication
2025-11-17 08:00:13,307 [INFO] WebApp:491 - Direct internet connection detected
2025-11-17 08:00:13,622 [INFO] WebApp:191 - Connection restablished
2025-11-17 08:00:14,708 [INFO] WebApp:225 - Starting web application
2025-11-17 08:00:14,708 [INFO] WebApp:593 - Web application path used C:\ST\STM32CubeIDE_1.18.0\STM32CubeIDE\plugins\com.st.stm32cube.common.mx_6.14.0.202502271554\db\plugins\mcufinder\reactClient1\index.html
2025-11-17 08:00:15,207 [INFO] UserAuth:486 - Internet connection configuration mode: 1
2025-11-17 09:00:14,489 [ERROR] LogOutputStream:75 - [STDERR_REDIRECT] 
2025-11-17 09:00:14,499 [ERROR] LogOutputStream:75 - [STDERR_REDIRECT] 
2025-11-17 15:21:49,327 [INFO] Activator:176 - 


2025-11-17 15:21:49,330 [INFO] Activator:177 - !SESSION log4j initialized
2025-11-17 15:21:56,869 [INFO] LogOutputStream:77 - [STDOUT_REDIRECT] 
2025-11-17 15:21:57,965 [ERROR] ConfigurationRetriever:142 - IOException on connection: sw-center.st.com
2025-11-17 15:21:57,966 [ERROR] ConfigurationRetriever:142 - IOException on connection: sw-center.st.com
2025-11-17 15:21:57,967 [ERROR] ConfigurationRetriever:142 - IOException on connection: sw-center.st.com
2025-11-17 15:21:59,411 [INFO] ApplicationProperties:184 - Using Application install path: C:\ST\STM32CubeIDE_1.18.0\STM32CubeIDE\plugins\com.st.stm32cube.common.mx_6.14.0.202502271554
2025-11-17 15:21:59,444 [INFO] DbMcusXml:78 - Set database path to: C:\ST\STM32CubeIDE_1.18.0\STM32CubeIDE\plugins\com.st.stm32cube.common.mx_6.14.0.202502271554\\db\/mcu/
2025-11-17 15:21:59,445 [INFO] ApiDb:274 - Set plugin database path to: C:\ST\STM32CubeIDE_1.18.0\STM32CubeIDE\plugins\com.st.stm32cube.common.mx_6.14.0.202502271554\\db\/plugins/boardmanager/
2025-11-17 15:21:59,445 [WARN] ApiDb:259 - Overriding images path with different value:  => C:\ST\STM32CubeIDE_1.18.0\STM32CubeIDE\plugins\com.st.stm32cube.common.mx_6.14.0.202502271554\\db\/plugins/mcufinder/images/
2025-11-17 15:21:59,462 [INFO] ApiDb:250 - Set database path to: C:\Users\user\.stmcufinder\plugins\mcufinder//mcu/
2025-11-17 15:21:59,463 [INFO] DbMcusAds:125 - Set database path to: C:\Users\user\.stmcufinder\plugins\mcufinder//mcu/
2025-11-17 15:21:59,469 [INFO] CrossReferenceDbSqlite:203 - Set database path to: C:\Users\user\.stmcufinder\plugins\mcufinder//mcu/cs/
2025-11-17 15:21:59,630 [INFO] RulesReader:64 - Compatibility file has been processed (301 Rules)
2025-11-17 15:21:59,739 [INFO] DbMcusXml:78 - Set database path to: C:\ST\STM32CubeIDE_1.18.0\STM32CubeIDE\plugins\com.st.stm32cube.common.mx_6.14.0.202502271554\\db\/mcu/
2025-11-17 15:21:59,740 [INFO] ApiDb:274 - Set plugin database path to: C:\ST\STM32CubeIDE_1.18.0\STM32CubeIDE\plugins\com.st.stm32cube.common.mx_6.14.0.202502271554\\db\/plugins/boardmanager/
2025-11-17 15:21:59,740 [INFO] ApiDb:261 - Set plugin images path to: C:\ST\STM32CubeIDE_1.18.0\STM32CubeIDE\plugins\com.st.stm32cube.common.mx_6.14.0.202502271554\\db\/plugins/mcufinder/images/
2025-11-17 15:21:59,740 [WARN] DbFile:41 - Overriding database path with different value: C:\Users\user\.stmcufinder\plugins\mcufinder/ => C:\Users\user\.stmcufinder\plugins\mcufinder
2025-11-17 15:21:59,740 [INFO] ApiDb:250 - Set database path to: C:\Users\user\.stmcufinder\plugins\mcufinder//mcu/
2025-11-17 15:21:59,740 [WARN] DbFile:41 - Overriding database path with different value: C:\Users\user\.stmcufinder\plugins\mcufinder/ => C:\Users\user\.stmcufinder\plugins\mcufinder
2025-11-17 15:21:59,740 [INFO] DbMcusAds:125 - Set database path to: C:\Users\user\.stmcufinder\plugins\mcufinder//mcu/
2025-11-17 15:21:59,740 [WARN] DbFile:41 - Overriding database path with different value: C:\Users\user\.stmcufinder\plugins\mcufinder/ => C:\Users\user\.stmcufinder\plugins\mcufinder
2025-11-17 15:21:59,741 [WARN] DbFile:41 - Overriding database path with different value: C:\Users\user\.stmcufinder\plugins\mcufinder/ => C:\Users\user\.stmcufinder\plugins\mcufinder
2025-11-17 15:21:59,741 [INFO] CrossReferenceDbSqlite:203 - Set database path to: C:\Users\user\.stmcufinder\plugins\mcufinder//mcu/cs/
2025-11-17 15:21:59,853 [INFO] MainPanel:272 - HeapMemory: 268435456
2025-11-17 15:22:00,041 [INFO] DbMcusXml:78 - Set database path to: C:\ST\STM32CubeIDE_1.18.0\STM32CubeIDE\plugins\com.st.stm32cube.common.mx_6.14.0.202502271554\\db\/mcu/
2025-11-17 15:22:00,042 [INFO] ApiDb:274 - Set plugin database path to: C:\ST\STM32CubeIDE_1.18.0\STM32CubeIDE\plugins\com.st.stm32cube.common.mx_6.14.0.202502271554\\db\/plugins/boardmanager/
2025-11-17 15:22:00,042 [INFO] ApiDb:261 - Set plugin images path to: C:\ST\STM32CubeIDE_1.18.0\STM32CubeIDE\plugins\com.st.stm32cube.common.mx_6.14.0.202502271554\\db\/plugins/mcufinder/images/
2025-11-17 15:22:00,042 [WARN] DbFile:41 - Overriding database path with different value: C:\Users\user\.stmcufinder\plugins\mcufinder/ => C:\Users\user\.stmcufinder\plugins\mcufinder
2025-11-17 15:22:00,042 [INFO] ApiDb:250 - Set database path to: C:\Users\user\.stmcufinder\plugins\mcufinder//mcu/
2025-11-17 15:22:00,042 [WARN] DbFile:41 - Overriding database path with different value: C:\Users\user\.stmcufinder\plugins\mcufinder/ => C:\Users\user\.stmcufinder\plugins\mcufinder
2025-11-17 15:22:00,043 [INFO] DbMcusAds:125 - Set database path to: C:\Users\user\.stmcufinder\plugins\mcufinder//mcu/
2025-11-17 15:22:00,043 [WARN] DbFile:41 - Overriding database path with different value: C:\Users\user\.stmcufinder\plugins\mcufinder/ => C:\Users\user\.stmcufinder\plugins\mcufinder
2025-11-17 15:22:00,043 [WARN] DbFile:41 - Overriding database path with different value: C:\Users\user\.stmcufinder\plugins\mcufinder/ => C:\Users\user\.stmcufinder\plugins\mcufinder
2025-11-17 15:22:00,043 [INFO] CrossReferenceDbSqlite:203 - Set database path to: C:\Users\user\.stmcufinder\plugins\mcufinder//mcu/cs/
2025-11-17 15:22:00,073 [INFO] ApplicationProperties:184 - Using Application install path: C:\ST\STM32CubeIDE_1.18.0\STM32CubeIDE\plugins\com.st.stm32cube.common.mx_6.14.0.202502271554
2025-11-17 15:22:00,074 [INFO] PluginManage:196 - Search for loadable plugins [exclusion list=, ]
2025-11-17 15:22:00,077 [INFO] PluginManage:310 - Check plugin analytics
2025-11-17 15:22:00,337 [INFO] AnalyticsPlugin:253 - Accepted Software Licenses: 
2025-11-17 15:22:00,337 [INFO] AnalyticsPlugin:255 - Accepted CMSIS Pack Licenses: 
2025-11-17 15:22:00,337 [INFO] AnalyticsPlugin:257 - Accepted Firmware Licenses: FW.F4.1.28.0,FW.G0.1.6.0
2025-11-17 15:22:00,342 [INFO] PluginManage:359 - Loaded plugin analytics (category:tool,tabindex:-1)
2025-11-17 15:22:00,343 [INFO] PluginManage:310 - Check plugin cadmodel
2025-11-17 15:22:00,347 [ERROR] ConfigurationRetriever:142 - IOException on connection: sw-center.st.com
2025-11-17 15:22:00,348 [ERROR] ConfigurationRetriever:142 - IOException on connection: sw-center.st.com
2025-11-17 15:22:00,349 [ERROR] ConfigurationRetriever:142 - IOException on connection: sw-center.st.com
2025-11-17 15:22:00,357 [INFO] CADModel:105 - Init CAD model plugin
2025-11-17 15:22:00,357 [INFO] PluginManage:359 - Loaded plugin cadmodel (category:power,tabindex:5)
2025-11-17 15:22:00,358 [INFO] PluginManage:310 - Check plugin clock
2025-11-17 15:22:00,376 [INFO] PluginManage:359 - Loaded plugin clock (category:base,tabindex:2)
2025-11-17 15:22:00,377 [INFO] PluginManage:310 - Check plugin ddr
2025-11-17 15:22:00,382 [INFO] PluginManage:359 - Loaded plugin ddr (category:tool,tabindex:6)
2025-11-17 15:22:00,382 [INFO] PluginManage:310 - Check plugin filemanager
2025-11-17 15:22:00,588 [INFO] PluginManage:359 - Loaded plugin filemanager (category:base,tabindex:10)
2025-11-17 15:22:00,588 [INFO] PluginManage:310 - Check plugin ipmanager
2025-11-17 15:22:00,596 [INFO] PluginManage:359 - Loaded plugin ipmanager (category:base,tabindex:5)
2025-11-17 15:22:00,597 [INFO] PluginManage:310 - Check plugin lpbam
2025-11-17 15:22:00,607 [INFO] PluginManage:359 - Loaded plugin lpbam (category:base,tabindex:0)
2025-11-17 15:22:00,607 [INFO] PluginManage:310 - Check plugin memorymap
2025-11-17 15:22:00,631 [INFO] PluginManage:359 - Loaded plugin memorymap (category:base,tabindex:4)
2025-11-17 15:22:00,631 [INFO] PluginManage:310 - Check plugin pinoutandconfiguration
2025-11-17 15:22:00,649 [INFO] PluginManage:359 - Loaded plugin pinoutandconfiguration (category:base,tabindex:1)
2025-11-17 15:22:00,650 [INFO] PluginManage:310 - Check plugin pinoutconfig
2025-11-17 15:22:00,777 [WARN] SupportedApi:132 - Cannot load RTOS API schema: s4s-elt-must-match.1: The content of 'definitions' must match (annotation?, (simpleType | complexType)?, (unique | key | keyref)*)). A problem was found starting at: attribute.
2025-11-17 15:22:00,955 [INFO] PluginManage:359 - Loaded plugin pinoutconfig (category:base,tabindex:0)
2025-11-17 15:22:00,955 [INFO] PluginManage:310 - Check plugin power
2025-11-17 15:22:00,969 [INFO] PluginManage:359 - Loaded plugin power (category:power,tabindex:4)
2025-11-17 15:22:00,969 [INFO] PluginManage:310 - Check plugin projectmanager
2025-11-17 15:22:00,988 [INFO] PluginManage:359 - Loaded plugin projectmanager (category:projectmanager,tabindex:4)
2025-11-17 15:22:00,988 [INFO] PluginManage:310 - Check plugin rif
2025-11-17 15:22:00,998 [INFO] PluginManage:359 - Loaded plugin rif (category:base,tabindex:3)
2025-11-17 15:22:00,999 [INFO] PluginManage:310 - Check plugin thirdparty
2025-11-17 15:22:01,194 [INFO] PluginManage:359 - Loaded plugin thirdparty (category:base,tabindex:-1)
2025-11-17 15:22:01,195 [INFO] PluginManage:310 - Check plugin tools
2025-11-17 15:22:01,194 [WARN] IntegrityCheckThread:84 - waiting for thirdparty lock release [integrity check]
2025-11-17 15:22:01,195 [INFO] IntegrityCheckThread:86 - entering critical section [integrity check]
2025-11-17 15:22:01,196 [INFO] ThirdPartyUpdaterWithRetryManager:70 - Updater plugin not ready yet. [1/15]
2025-11-17 15:22:01,200 [INFO] PluginManage:359 - Loaded plugin tools (category:base,tabindex:7)
2025-11-17 15:22:01,201 [INFO] PluginManage:310 - Check plugin tutovideos
2025-11-17 15:22:01,486 [INFO] PluginManage:359 - Loaded plugin tutovideos (category:base,tabindex:-1)
2025-11-17 15:22:01,486 [INFO] PluginManage:310 - Check plugin updater
2025-11-17 15:22:01,521 [INFO] PluginManage:359 - Loaded plugin updater (category:base,tabindex:12)
2025-11-17 15:22:01,522 [INFO] PluginManage:310 - Check plugin userauth
2025-11-17 15:22:01,529 [INFO] UserAuth:118 - Init User Auth plugin
2025-11-17 15:22:01,530 [INFO] PluginManage:359 - Loaded plugin userauth (category:base,tabindex:14)
2025-11-17 15:22:01,531 [INFO] PluginManage:283 - PluginManage : Loaded plugins [18]
2025-11-17 15:22:01,875 [INFO] PinOutPanel:1589 - setPackage(No Configuration,No Configuration)
2025-11-17 15:22:01,992 [INFO] CADModel:165 - CPN selected for project level
2025-11-17 15:22:01,992 [INFO] CADModel:114 - Register for checkConnection events
2025-11-17 15:22:02,017 [INFO] IPUIPlugin:80 - create IPUIPlugin
2025-11-17 15:22:02,017 [INFO] PluginManager:220 - loadIPPluginJar : add adc
2025-11-17 15:22:02,021 [INFO] IPUIPlugin:80 - create IPUIPlugin
2025-11-17 15:22:02,021 [INFO] PluginManager:220 - loadIPPluginJar : add aes
2025-11-17 15:22:02,025 [INFO] IPUIPlugin:80 - create IPUIPlugin
2025-11-17 15:22:02,025 [INFO] PluginManager:220 - loadIPPluginJar : add can
2025-11-17 15:22:02,028 [INFO] IPUIPlugin:80 - create IPUIPlugin
2025-11-17 15:22:02,029 [INFO] PluginManager:220 - loadIPPluginJar : add comp
2025-11-17 15:22:02,033 [INFO] IPUIPlugin:80 - create IPUIPlugin
2025-11-17 15:22:02,033 [INFO] PluginManager:220 - loadIPPluginJar : add cryp
2025-11-17 15:22:02,040 [INFO] IPUIPlugin:80 - create IPUIPlugin
2025-11-17 15:22:02,040 [INFO] PluginManager:220 - loadIPPluginJar : add ddr_ctrl_phy
2025-11-17 15:22:02,044 [INFO] IPUIPlugin:80 - create IPUIPlugin
2025-11-17 15:22:02,044 [INFO] PluginManager:220 - loadIPPluginJar : add dfsdm
2025-11-17 15:22:02,051 [INFO] IPUIPlugin:80 - create IPUIPlugin
2025-11-17 15:22:02,051 [INFO] PluginManager:220 - loadIPPluginJar : add dma
2025-11-17 15:22:02,061 [INFO] IPUIPlugin:80 - create IPUIPlugin
2025-11-17 15:22:02,062 [INFO] PluginManager:220 - loadIPPluginJar : add dma3
2025-11-17 15:22:02,066 [INFO] IPUIPlugin:80 - create IPUIPlugin
2025-11-17 15:22:02,066 [INFO] PluginManager:220 - loadIPPluginJar : add extmemmanager
2025-11-17 15:22:02,069 [INFO] IPUIPlugin:80 - create IPUIPlugin
2025-11-17 15:22:02,069 [INFO] PluginManager:220 - loadIPPluginJar : add fatfs
2025-11-17 15:22:02,074 [INFO] IPUIPlugin:80 - create IPUIPlugin
2025-11-17 15:22:02,075 [INFO] PluginManager:220 - loadIPPluginJar : add fmc
2025-11-17 15:22:02,082 [INFO] IPUIPlugin:80 - create IPUIPlugin
2025-11-17 15:22:02,082 [INFO] PluginManager:220 - loadIPPluginJar : add freertos
2025-11-17 15:22:02,087 [INFO] IPUIPlugin:80 - create IPUIPlugin
2025-11-17 15:22:02,087 [INFO] PluginManager:220 - loadIPPluginJar : add genericplugin
2025-11-17 15:22:02,091 [INFO] IPUIPlugin:80 - create IPUIPlugin
2025-11-17 15:22:02,091 [INFO] PluginManager:220 - loadIPPluginJar : add gfxmmu
2025-11-17 15:22:02,097 [INFO] IPUIPlugin:80 - create IPUIPlugin
2025-11-17 15:22:02,097 [INFO] PluginManager:220 - loadIPPluginJar : add gic
2025-11-17 15:22:02,102 [INFO] IPUIPlugin:80 - create IPUIPlugin
2025-11-17 15:22:02,103 [INFO] PluginManager:220 - loadIPPluginJar : add gpio
2025-11-17 15:22:02,107 [INFO] IPUIPlugin:80 - create IPUIPlugin
2025-11-17 15:22:02,107 [INFO] PluginManager:220 - loadIPPluginJar : add gtzc
2025-11-17 15:22:02,111 [INFO] IPUIPlugin:80 - create IPUIPlugin
2025-11-17 15:22:02,111 [INFO] PluginManager:220 - loadIPPluginJar : add hash
2025-11-17 15:22:02,115 [INFO] IPUIPlugin:80 - create IPUIPlugin
2025-11-17 15:22:02,115 [INFO] PluginManager:220 - loadIPPluginJar : add i2c
2025-11-17 15:22:02,119 [INFO] IPUIPlugin:80 - create IPUIPlugin
2025-11-17 15:22:02,119 [INFO] PluginManager:220 - loadIPPluginJar : add i2s
2025-11-17 15:22:02,123 [INFO] IPUIPlugin:80 - create IPUIPlugin
2025-11-17 15:22:02,123 [INFO] PluginManager:220 - loadIPPluginJar : add i3c
2025-11-17 15:22:02,127 [INFO] IPUIPlugin:80 - create IPUIPlugin
2025-11-17 15:22:02,127 [INFO] PluginManager:220 - loadIPPluginJar : add ipddr
2025-11-17 15:22:02,138 [INFO] IPUIPlugin:80 - create IPUIPlugin
2025-11-17 15:22:02,138 [INFO] PluginManager:220 - loadIPPluginJar : add linkedlist
2025-11-17 15:22:02,142 [INFO] IPUIPlugin:80 - create IPUIPlugin
2025-11-17 15:22:02,142 [INFO] PluginManager:220 - loadIPPluginJar : add lorawan
2025-11-17 15:22:02,145 [INFO] IPUIPlugin:80 - create IPUIPlugin
2025-11-17 15:22:02,145 [INFO] PluginManager:220 - loadIPPluginJar : add ltdc
2025-11-17 15:22:02,152 [INFO] IPUIPlugin:80 - create IPUIPlugin
2025-11-17 15:22:02,152 [INFO] PluginManager:220 - loadIPPluginJar : add mdma
2025-11-17 15:22:02,156 [INFO] IPUIPlugin:80 - create IPUIPlugin
2025-11-17 15:22:02,156 [INFO] PluginManager:220 - loadIPPluginJar : add nvic
2025-11-17 15:22:02,161 [INFO] IPUIPlugin:80 - create IPUIPlugin
2025-11-17 15:22:02,161 [INFO] PluginManager:220 - loadIPPluginJar : add opamp
2025-11-17 15:22:02,166 [INFO] IPUIPlugin:80 - create IPUIPlugin
2025-11-17 15:22:02,166 [INFO] PluginManager:220 - loadIPPluginJar : add openamp
2025-11-17 15:22:02,171 [INFO] IPUIPlugin:80 - create IPUIPlugin
2025-11-17 15:22:02,171 [INFO] PluginManager:220 - loadIPPluginJar : add pdm2pcm
2025-11-17 15:22:02,179 [INFO] IPUIPlugin:80 - create IPUIPlugin
2025-11-17 15:22:02,183 [INFO] PluginManager:220 - loadIPPluginJar : add plateformsettings
2025-11-17 15:22:02,186 [INFO] IPUIPlugin:80 - create IPUIPlugin
2025-11-17 15:22:02,186 [INFO] PluginManager:220 - loadIPPluginJar : add quadspi
2025-11-17 15:22:02,189 [INFO] IPUIPlugin:80 - create IPUIPlugin
2025-11-17 15:22:02,190 [INFO] PluginManager:220 - loadIPPluginJar : add radio
2025-11-17 15:22:02,196 [INFO] IPUIPlugin:80 - create IPUIPlugin
2025-11-17 15:22:02,197 [INFO] PluginManager:220 - loadIPPluginJar : add resmgrutility
2025-11-17 15:22:02,201 [INFO] IPUIPlugin:80 - create IPUIPlugin
2025-11-17 15:22:02,201 [INFO] PluginManager:220 - loadIPPluginJar : add sai
2025-11-17 15:22:02,206 [INFO] IPUIPlugin:80 - create IPUIPlugin
2025-11-17 15:22:02,206 [INFO] PluginManager:220 - loadIPPluginJar : add spi
2025-11-17 15:22:02,214 [INFO] IPUIPlugin:80 - create IPUIPlugin
2025-11-17 15:22:02,214 [INFO] PluginManager:220 - loadIPPluginJar : add stm32_wpan
2025-11-17 15:22:02,216 [INFO] IPUIPlugin:80 - create IPUIPlugin
2025-11-17 15:22:02,217 [INFO] PluginManager:220 - loadIPPluginJar : add tim
2025-11-17 15:22:02,221 [INFO] IPUIPlugin:80 - create IPUIPlugin
2025-11-17 15:22:02,222 [INFO] PluginManager:220 - loadIPPluginJar : add touchsensing
2025-11-17 15:22:02,225 [INFO] IPUIPlugin:80 - create IPUIPlugin
2025-11-17 15:22:02,225 [INFO] PluginManager:220 - loadIPPluginJar : add tracer_emb
2025-11-17 15:22:02,228 [INFO] IPUIPlugin:80 - create IPUIPlugin
2025-11-17 15:22:02,228 [INFO] PluginManager:220 - loadIPPluginJar : add ts
2025-11-17 15:22:02,231 [INFO] IPUIPlugin:80 - create IPUIPlugin
2025-11-17 15:22:02,231 [INFO] PluginManager:220 - loadIPPluginJar : add tsc
2025-11-17 15:22:02,234 [INFO] IPUIPlugin:80 - create IPUIPlugin
2025-11-17 15:22:02,234 [INFO] PluginManager:220 - loadIPPluginJar : add ucpd
2025-11-17 15:22:02,239 [INFO] IPUIPlugin:80 - create IPUIPlugin
2025-11-17 15:22:02,240 [INFO] PluginManager:220 - loadIPPluginJar : add usart
2025-11-17 15:22:02,244 [INFO] IPUIPlugin:80 - create IPUIPlugin
2025-11-17 15:22:02,244 [INFO] PluginManager:220 - loadIPPluginJar : add usbx
2025-11-17 15:22:02,387 [FATAL] Updater:351 - Updater called before beeing initialized
2025-11-17 15:22:02,425 [INFO] RulesReader:64 - Compatibility file has been processed (301 Rules)
2025-11-17 15:22:02,441 [INFO] RulesReader:64 - Compatibility file has been processed (301 Rules)
2025-11-17 15:22:02,453 [INFO] CADModel:165 - CPN selected for project level
2025-11-17 15:22:02,453 [INFO] CADModel:114 - Register for checkConnection events
2025-11-17 15:22:02,454 [FATAL] Updater:351 - Updater called before beeing initialized
2025-11-17 15:22:02,454 [ERROR] CADModel:125 - Updater not yet initialized, retry later 
2025-11-17 15:22:02,676 [FATAL] Updater:351 - Updater called before beeing initialized
2025-11-17 15:22:02,679 [INFO] CADModel:165 - CPN selected for project level
2025-11-17 15:22:02,679 [INFO] CADModel:114 - Register for checkConnection events
2025-11-17 15:22:02,679 [FATAL] Updater:351 - Updater called before beeing initialized
2025-11-17 15:22:02,680 [ERROR] CADModel:125 - Updater not yet initialized, retry later 
2025-11-17 15:22:02,684 [FATAL] Updater:351 - Updater called before beeing initialized
2025-11-17 15:22:02,823 [FATAL] Updater:351 - Updater called before beeing initialized
2025-11-17 15:22:02,828 [INFO] DbMcusAds:53 - JSON generation date=Mon Nov 10 16:13:01 IST 2025 (1762771381096)
2025-11-17 15:22:02,828 [FATAL] Updater:351 - Updater called before beeing initialized
2025-11-17 15:22:02,877 [WARN] DetailPanel:346 - Failed to get advertising image, set to default
2025-11-17 15:22:03,198 [FATAL] Updater:351 - Updater called before beeing initialized
2025-11-17 15:22:03,200 [FATAL] Updater:351 - Updater called before beeing initialized
2025-11-17 15:22:03,200 [FATAL] Updater:351 - Updater called before beeing initialized
2025-11-17 15:22:03,200 [WARN] DetailPanel:346 - Failed to get advertising image, set to default
2025-11-17 15:22:03,201 [FATAL] Updater:351 - Updater called before beeing initialized
2025-11-17 15:22:03,274 [ERROR] Updater:1198 - MainUpdater not yet initialized. External WinMGr cannot be set.
2025-11-17 15:22:03,277 [INFO] Updater:1134 - Updater Version found : 6.14.0
2025-11-17 15:22:03,301 [INFO] ApplicationProperties:184 - Using Application install path: C:\ST\STM32CubeIDE_1.18.0\STM32CubeIDE\plugins\com.st.stm32cube.common.mx_6.14.0.202502271554
2025-11-17 15:22:04,197 [INFO] ThirdPartyUpdaterWithRetryManager:70 - Updater plugin not ready yet. [2/15]
2025-11-17 15:22:04,883 [ERROR] LogOutputStream:75 - [STDERR_REDIRECT] Nov 17, 2025 3:22:04 PM java.util.prefs.WindowsPreferences <init>
2025-11-17 15:22:04,885 [ERROR] LogOutputStream:75 - [STDERR_REDIRECT] WARNING: Could not open/create prefs root node Software\JavaSoft\Prefs at root 0xffffffff80000002. Windows RegCreateKeyEx(...) returned error code 5.
2025-11-17 15:22:04,885 [ERROR] LogOutputStream:75 - [STDERR_REDIRECT] 
2025-11-17 15:22:05,223 [INFO] MainUpdater:2872 - connection check result : 22
2025-11-17 15:22:05,224 [INFO] MainUpdater:289 - Updater Check For Update Now.
2025-11-17 15:22:05,224 [INFO] MicroXplorer:498 - Change Database Version : DB.6.0.140
2025-11-17 15:22:05,241 [INFO] McuFinderGlobals:63 - Set McuFinder mode to 2 (CubeIDE integrated)
2025-11-17 15:22:05,244 [INFO] UserAuth:486 - Internet connection configuration mode: 2
2025-11-17 15:22:05,257 [INFO] UserAuth:486 - Internet connection configuration mode: 2
2025-11-17 15:22:05,513 [INFO] CheckServerUpdateThread:120 - End of CheckServer Thread
2025-11-17 15:22:07,564 [WARN] PackLoader:240 - Cannot read IP mode file for STMicroelectronics.FP-SNS-MOTENVWB1.1.4.0
2025-11-17 15:22:07,575 [WARN] PackLoader:240 - Cannot read IP mode file for STMicroelectronics.FP-ATR-ASTRA1.2.0.2
2025-11-17 15:22:07,588 [WARN] PackLoader:240 - Cannot read IP mode file for STMicroelectronics.X-CUBE-SMBUS.2.1.0
2025-11-17 15:22:07,596 [WARN] PackLoader:240 - Cannot read IP mode file for STMicroelectronics.X-CUBE-ST60.1.0.0
2025-11-17 15:22:07,640 [WARN] PackLoader:240 - Cannot read IP mode file for STMicroelectronics.X-CUBE-AZRTOS-F7.1.1.0
2025-11-17 15:22:07,651 [ERROR] Engine:466 - C:\Users\user\.stm32cubemx\thirdparties\pdsc\STMicroelectronics.FP-SNS-MOTENV1.5.1.0.pdsc: PDSC version is not supported
2025-11-17 15:22:07,685 [WARN] PackLoader:240 - Cannot read IP mode file for Infineon.AIROC-Wi-Fi-Bluetooth-STM32.1.7.1
2025-11-17 15:22:07,752 [WARN] PackLoader:240 - Cannot read IP mode file for STMicroelectronics.X-CUBE-AZRTOS-H7.3.4.0
2025-11-17 15:22:07,771 [WARN] PackLoader:240 - Cannot read IP mode file for STMicroelectronics.X-CUBE-DISPLAY.3.0.0
2025-11-17 15:22:07,789 [WARN] PackLoader:240 - Cannot read IP mode file for STMicroelectronics.X-CUBE-NFC10.1.0.0
2025-11-17 15:22:07,797 [WARN] PackLoader:240 - Cannot read IP mode file for STMicroelectronics.X-CUBE-ST60.1.1.0
2025-11-17 15:22:07,810 [WARN] PackLoader:240 - Cannot read IP mode file for emotas.I-CUBE-CANOPEN.1.3.0
2025-11-17 15:22:07,818 [WARN] PackLoader:240 - Cannot read IP mode file for STMicroelectronics.X-CUBE-GNSS1.7.1.0
2025-11-17 15:22:07,826 [ERROR] Engine:466 - C:\Users\user\.stm32cubemx\thirdparties\pdsc\STMicroelectronics.FP-SNS-STBOX1.2.1.0.pdsc: PDSC version is not supported
2025-11-17 15:22:07,832 [WARN] PackLoader:240 - Cannot read IP mode file for STMicroelectronics.FP-SNS-SMARTAG2.1.2.0
2025-11-17 15:22:07,838 [WARN] PackLoader:240 - Cannot read IP mode file for STMicroelectronics.FP-SNS-FLIGHT1.5.1.0
2025-11-17 15:22:07,849 [INFO] LogOutputStream:77 - [STDOUT_REDIRECT] 1 : Invalid condition id : UX_CORESTACK_Condition cause : null
2025-11-17 15:22:07,850 [INFO] LogOutputStream:77 - [STDOUT_REDIRECT] 1 : Invalid condition id : UX_CORESTACK_Condition cause : null
2025-11-17 15:22:07,852 [INFO] LogOutputStream:77 - [STDOUT_REDIRECT] 1 : Invalid condition id : UX_CORESTACK_Condition cause : null
2025-11-17 15:22:07,854 [INFO] LogOutputStream:77 - [STDOUT_REDIRECT] 1 : Invalid condition id : UX_CORESTACK_Condition cause : null
2025-11-17 15:22:07,856 [INFO] LogOutputStream:77 - [STDOUT_REDIRECT] 1 : Invalid condition id : UX_CORESTACK_Condition cause : null
2025-11-17 15:22:07,859 [WARN] PackLoader:240 - Cannot read IP mode file for STMicroelectronics.X-CUBE-AZRTOS-WL.2.0.0
2025-11-17 15:22:07,869 [WARN] PackLoader:240 - Cannot read IP mode file for STMicroelectronics.FP-SNS-MOTENV1.5.0.0
2025-11-17 15:22:07,880 [WARN] PackLoader:240 - Cannot read IP mode file for WES.I-CUBE-Cesium.1.3.0
2025-11-17 15:22:07,888 [WARN] PackLoader:240 - Cannot read IP mode file for STMicroelectronics.X-CUBE-BLE2.3.3.0
2025-11-17 15:22:07,896 [WARN] PackLoader:240 - Cannot read IP mode file for STMicroelectronics.X-CUBE-NFC9.1.0.0
2025-11-17 15:22:07,908 [WARN] PackLoader:240 - Cannot read IP mode file for wolfSSL.I-CUBE-wolfSSL.5.8.2
2025-11-17 15:22:07,917 [WARN] PackLoader:240 - Cannot read IP mode file for STMicroelectronics.X-CUBE-BLE1.7.1.0
2025-11-17 15:22:07,921 [WARN] PackLoader:240 - Cannot read IP mode file for wolfSSL.I-CUBE-wolfMQTT.1.19.2
2025-11-17 15:22:07,928 [WARN] PackLoader:240 - Cannot read IP mode file for STMicroelectronics.X-CUBE-EEPRMA1.5.2.0
2025-11-17 15:22:07,935 [ERROR] Engine:466 - C:\Users\user\.stm32cubemx\thirdparties\pdsc\STMicroelectronics.X-CUBE-ST67W61.1.1.0.pdsc: PDSC version is not supported
2025-11-17 15:22:07,939 [WARN] PackLoader:240 - Cannot read IP mode file for STMicroelectronics.X-CUBE-AI.10.1.0
2025-11-17 15:22:07,957 [WARN] PackLoader:240 - Cannot read IP mode file for STMicroelectronics.X-CUBE-AZRTOS-G0.1.1.0
2025-11-17 15:22:07,968 [WARN] PackLoader:240 - Cannot read IP mode file for STMicroelectronics.X-CUBE-SAFEA1.1.2.2
2025-11-17 15:22:07,977 [WARN] PackLoader:240 - Cannot read IP mode file for STMicroelectronics.X-CUBE-NFC4.3.0.0
2025-11-17 15:22:07,989 [WARN] PackLoader:240 - Cannot read IP mode file for EmbeddedOffice.I-CUBE-FS-RTOS.1.0.1
2025-11-17 15:22:07,997 [WARN] PackLoader:240 - Cannot read IP mode file for STMicroelectronics.X-CUBE-WB05N.2.0.0
2025-11-17 15:22:08,003 [WARN] PackLoader:240 - Cannot read IP mode file for wolfSSL.I-CUBE-wolfTPM.3.8.0
2025-11-17 15:22:08,011 [WARN] PackLoader:240 - Cannot read IP mode file for STMicroelectronics.X-CUBE-TCPP.4.2.0
2025-11-17 15:22:08,019 [WARN] PackLoader:240 - Cannot read IP mode file for RealThread.X-CUBE-RT-Thread_Nano.4.1.1
2025-11-17 15:22:08,024 [WARN] PackLoader:240 - Cannot read IP mode file for STMicroelectronics.FP-ATR-SIGFOX1.3.2.0
2025-11-17 15:22:08,032 [WARN] PackLoader:240 - Cannot read IP mode file for ITTIA_DB.I-CUBE-ITTIADB.8.9.0
2025-11-17 15:22:08,040 [WARN] PackLoader:240 - Cannot read IP mode file for STMicroelectronics.X-CUBE-ST67W61.1.0.0
2025-11-17 15:22:08,044 [WARN] PackLoader:240 - Cannot read IP mode file for STMicroelectronics.X-CUBE-AI.10.2.0
2025-11-17 15:22:08,086 [WARN] PackLoader:240 - Cannot read IP mode file for SEGGER.I-CUBE-embOS.1.3.1
2025-11-17 15:22:08,210 [WARN] PackLoader:240 - Cannot read IP mode file for STMicroelectronics.X-CUBE-ALGOBUILD.1.4.0
2025-11-17 15:22:08,298 [WARN] PackLoader:240 - Cannot read IP mode file for STMicroelectronics.X-CUBE-MEMS1.11.3.0
2025-11-17 15:22:08,853 [WARN] PackLoader:240 - Cannot read IP mode file for STMicroelectronics.X-CUBE-PM33A1.1.0.0
2025-11-17 15:22:08,875 [WARN] PackLoader:240 - Cannot read IP mode file for STMicroelectronics.X-CUBE-AZRTOS-F4.1.1.0
2025-11-17 15:22:08,883 [WARN] PackLoader:240 - Cannot read IP mode file for STMicroelectronics.X-CUBE-ISPU.2.1.0
2025-11-17 15:22:08,890 [ERROR] Engine:466 - C:\Users\user\.stm32cubemx\thirdparties\pdsc\STMicroelectronics.X-CUBE-IPS.3.2.0.pdsc: PDSC version is not supported
2025-11-17 15:22:08,898 [WARN] PackLoader:240 - Cannot read IP mode file for STMicroelectronics.X-CUBE-NFC12.1.0.0
2025-11-17 15:22:08,920 [WARN] PackLoader:240 - Cannot read IP mode file for STMicroelectronics.X-CUBE-AZRTOS-L5.2.0.0
2025-11-17 15:22:08,932 [WARN] PackLoader:240 - Cannot read IP mode file for STMicroelectronics.X-CUBE-NFC6.3.1.0
2025-11-17 15:22:08,941 [WARN] PackLoader:240 - Cannot read IP mode file for STMicroelectronics.X-CUBE-FREERTOS.1.3.1
2025-11-17 15:22:08,947 [WARN] PackLoader:240 - Cannot read IP mode file for STMicroelectronics.X-CUBE-TOUCHGFX.4.26.0
2025-11-17 15:22:08,953 [WARN] PackLoader:240 - Cannot read IP mode file for STMicroelectronics.FP-SNS-STAIOTCFT.1.0.0
2025-11-17 15:22:08,962 [WARN] PackLoader:240 - Cannot read IP mode file for STMicroelectronics.X-CUBE-DPower.1.3.0
2025-11-17 15:22:08,993 [WARN] ConditionMgr:438 - getConditionDescription Invalid condition id : LAN8742 Phy interface Condition cause : null
2025-11-17 15:22:08,994 [WARN] PackLoader:240 - Cannot read IP mode file for STMicroelectronics.X-CUBE-AZRTOS-L4.2.0.0
2025-11-17 15:22:08,996 [WARN] ConditionMgr:1044 - genDependencies : Invalid condition id : LAN8742 Phy interface Condition cause : null
2025-11-17 15:22:08,997 [WARN] ConditionMgr:1044 - genDependencies : Invalid condition id : LAN8742 Phy interface Condition cause : null
2025-11-17 15:22:08,997 [WARN] ConditionMgr:1044 - genDependencies : Invalid condition id : LAN8742 Phy interface Condition cause : null
2025-11-17 15:22:09,008 [WARN] PackLoader:240 - Cannot read IP mode file for STMicroelectronics.X-CUBE-SFXS2LP1.4.0.0
2025-11-17 15:22:09,025 [WARN] PackLoader:240 - Cannot read IP mode file for STMicroelectronics.X-CUBE-BLEMGR.4.1.0
2025-11-17 15:22:09,045 [WARN] ConditionMgr:438 - getConditionDescription Invalid condition id : UX DEVICE CLASS RTOS Condition cause : null
2025-11-17 15:22:09,046 [WARN] ConditionMgr:438 - getConditionDescription Invalid condition id : UX DEVICE CLASS RTOS Condition cause : null
2025-11-17 15:22:09,049 [WARN] PackLoader:240 - Cannot read IP mode file for STMicroelectronics.X-CUBE-AZRTOS-WB.2.0.0
2025-11-17 15:22:09,049 [WARN] ConditionMgr:1044 - genDependencies : Invalid condition id : UX DEVICE CLASS RTOS Condition cause : null
2025-11-17 15:22:09,050 [WARN] ConditionMgr:1044 - genDependencies : Invalid condition id : UX DEVICE CLASS RTOS Condition cause : null
2025-11-17 15:22:09,050 [WARN] ConditionMgr:1044 - genDependencies : Invalid condition id : UX DEVICE CLASS RTOS Condition cause : null
2025-11-17 15:22:09,051 [WARN] ConditionMgr:1044 - genDependencies : Invalid condition id : UX DEVICE CLASS RTOS Condition cause : null
2025-11-17 15:22:09,051 [WARN] ConditionMgr:1044 - genDependencies : Invalid condition id : UX DEVICE CLASS RTOS Condition cause : null
2025-11-17 15:22:09,062 [WARN] PackLoader:240 - Cannot read IP mode file for STMicroelectronics.X-CUBE-GNSS1.7.0.1
2025-11-17 15:22:09,066 [WARN] PackLoader:240 - Cannot read IP mode file for STMicroelectronics.X-CUBE-TOUCHGFX.4.25.0
2025-11-17 15:22:09,074 [WARN] PackLoader:240 - Cannot read IP mode file for STMicroelectronics.FP-SNS-STBOX1.2.0.0
2025-11-17 15:22:09,080 [WARN] ConditionMgr:438 - getConditionDescription Invalid condition id : Cortex-A Device cause : null
2025-11-17 15:22:09,093 [WARN] ConditionMgr:1044 - genDependencies : Invalid condition id : Cortex-A Device cause : null
2025-11-17 15:22:09,093 [WARN] ConditionMgr:1044 - genDependencies : Invalid condition id : Cortex-A Device cause : null
2025-11-17 15:22:09,093 [WARN] ConditionMgr:1044 - genDependencies : Invalid condition id : Cortex-A Device cause : null
2025-11-17 15:22:09,104 [WARN] PackLoader:240 - Cannot read IP mode file for STMicroelectronics.X-CUBE-SUBG2.5.0.0
2025-11-17 15:22:09,123 [WARN] PackLoader:240 - Cannot read IP mode file for STMicroelectronics.X-CUBE-AZRTOS-H7RS.1.1.0
2025-11-17 15:22:09,129 [WARN] PackLoader:240 - Cannot read IP mode file for Cesanta.I-CUBE-Mongoose.7.13.0
2025-11-17 15:22:09,140 [WARN] PackLoader:240 - Cannot read IP mode file for STMicroelectronics.X-CUBE-AZRTOS-G4.2.0.0
2025-11-17 15:22:09,146 [WARN] PackLoader:240 - Cannot read IP mode file for wolfSSL.I-CUBE-wolfSSH.1.4.20
2025-11-17 15:22:09,151 [WARN] PackLoader:240 - Cannot read IP mode file for STMicroelectronics.X-CUBE-NFC7.2.0.0
2025-11-17 15:22:09,164 [WARN] PackLoader:240 - Cannot read IP mode file for STMicroelectronics.X-CUBE-IPS.3.1.0
2025-11-17 15:22:09,174 [WARN] PackLoader:240 - Cannot read IP mode file for STMicroelectronics.X-CUBE-ALS.1.0.2
2025-11-17 15:22:09,180 [WARN] PackLoader:240 - Cannot read IP mode file for STMicroelectronics.X-CUBE-STSE01.1.0.0
2025-11-17 15:22:09,186 [WARN] PackLoader:240 - Cannot read IP mode file for portGmbH.I-Cube-SoM-uGOAL.1.1.0
2025-11-17 15:22:09,198 [WARN] PackLoader:240 - Cannot read IP mode file for STMicroelectronics.X-CUBE-TOF1.3.4.3
2025-11-17 15:22:09,213 [INFO] ThirdParty:978 - Integrity check success = true
2025-11-17 15:22:09,213 [INFO] IntegrityCheckThread:100 - exiting critical section [integrity check]
2025-11-17 15:22:09,213 [INFO] IntegrityCheckThread:103 - End integrity checks thread
2025-11-17 16:58:28,131 [ERROR] LogOutputStream:75 - [STDERR_REDIRECT] 
2025-11-17 18:10:42,504 [INFO] Activator:176 - 


2025-11-17 18:10:42,508 [INFO] Activator:177 - !SESSION log4j initialized
2025-11-17 18:10:51,603 [INFO] LogOutputStream:77 - [STDOUT_REDIRECT] 
2025-11-17 18:10:53,361 [INFO] ApplicationProperties:184 - Using Application install path: C:\ST\STM32CubeIDE_1.18.0\STM32CubeIDE\plugins\com.st.stm32cube.common.mx_6.14.0.202502271554
2025-11-17 18:10:53,390 [INFO] DbMcusXml:78 - Set database path to: C:\ST\STM32CubeIDE_1.18.0\STM32CubeIDE\plugins\com.st.stm32cube.common.mx_6.14.0.202502271554\\db\/mcu/
2025-11-17 18:10:53,391 [INFO] ApiDb:274 - Set plugin database path to: C:\ST\STM32CubeIDE_1.18.0\STM32CubeIDE\plugins\com.st.stm32cube.common.mx_6.14.0.202502271554\\db\/plugins/boardmanager/
2025-11-17 18:10:53,391 [WARN] ApiDb:259 - Overriding images path with different value:  => C:\ST\STM32CubeIDE_1.18.0\STM32CubeIDE\plugins\com.st.stm32cube.common.mx_6.14.0.202502271554\\db\/plugins/mcufinder/images/
2025-11-17 18:10:53,408 [INFO] ApiDb:250 - Set database path to: C:\Users\user\.stmcufinder\plugins\mcufinder//mcu/
2025-11-17 18:10:53,410 [INFO] DbMcusAds:125 - Set database path to: C:\Users\user\.stmcufinder\plugins\mcufinder//mcu/
2025-11-17 18:10:53,415 [INFO] CrossReferenceDbSqlite:203 - Set database path to: C:\Users\user\.stmcufinder\plugins\mcufinder//mcu/cs/
2025-11-17 18:10:53,598 [INFO] RulesReader:64 - Compatibility file has been processed (301 Rules)
2025-11-17 18:10:53,710 [INFO] DbMcusXml:78 - Set database path to: C:\ST\STM32CubeIDE_1.18.0\STM32CubeIDE\plugins\com.st.stm32cube.common.mx_6.14.0.202502271554\\db\/mcu/
2025-11-17 18:10:53,710 [INFO] ApiDb:274 - Set plugin database path to: C:\ST\STM32CubeIDE_1.18.0\STM32CubeIDE\plugins\com.st.stm32cube.common.mx_6.14.0.202502271554\\db\/plugins/boardmanager/
2025-11-17 18:10:53,710 [INFO] ApiDb:261 - Set plugin images path to: C:\ST\STM32CubeIDE_1.18.0\STM32CubeIDE\plugins\com.st.stm32cube.common.mx_6.14.0.202502271554\\db\/plugins/mcufinder/images/
2025-11-17 18:10:53,710 [WARN] DbFile:41 - Overriding database path with different value: C:\Users\user\.stmcufinder\plugins\mcufinder/ => C:\Users\user\.stmcufinder\plugins\mcufinder
2025-11-17 18:10:53,710 [INFO] ApiDb:250 - Set database path to: C:\Users\user\.stmcufinder\plugins\mcufinder//mcu/
2025-11-17 18:10:53,711 [WARN] DbFile:41 - Overriding database path with different value: C:\Users\user\.stmcufinder\plugins\mcufinder/ => C:\Users\user\.stmcufinder\plugins\mcufinder
2025-11-17 18:10:53,711 [INFO] DbMcusAds:125 - Set database path to: C:\Users\user\.stmcufinder\plugins\mcufinder//mcu/
2025-11-17 18:10:53,711 [WARN] DbFile:41 - Overriding database path with different value: C:\Users\user\.stmcufinder\plugins\mcufinder/ => C:\Users\user\.stmcufinder\plugins\mcufinder
2025-11-17 18:10:53,711 [WARN] DbFile:41 - Overriding database path with different value: C:\Users\user\.stmcufinder\plugins\mcufinder/ => C:\Users\user\.stmcufinder\plugins\mcufinder
2025-11-17 18:10:53,711 [INFO] CrossReferenceDbSqlite:203 - Set database path to: C:\Users\user\.stmcufinder\plugins\mcufinder//mcu/cs/
2025-11-17 18:10:53,816 [INFO] MainPanel:272 - HeapMemory: 268435456
2025-11-17 18:10:53,970 [INFO] DbMcusXml:78 - Set database path to: C:\ST\STM32CubeIDE_1.18.0\STM32CubeIDE\plugins\com.st.stm32cube.common.mx_6.14.0.202502271554\\db\/mcu/
2025-11-17 18:10:53,970 [INFO] ApiDb:274 - Set plugin database path to: C:\ST\STM32CubeIDE_1.18.0\STM32CubeIDE\plugins\com.st.stm32cube.common.mx_6.14.0.202502271554\\db\/plugins/boardmanager/
2025-11-17 18:10:53,970 [INFO] ApiDb:261 - Set plugin images path to: C:\ST\STM32CubeIDE_1.18.0\STM32CubeIDE\plugins\com.st.stm32cube.common.mx_6.14.0.202502271554\\db\/plugins/mcufinder/images/
2025-11-17 18:10:53,971 [WARN] DbFile:41 - Overriding database path with different value: C:\Users\user\.stmcufinder\plugins\mcufinder/ => C:\Users\user\.stmcufinder\plugins\mcufinder
2025-11-17 18:10:53,971 [INFO] ApiDb:250 - Set database path to: C:\Users\user\.stmcufinder\plugins\mcufinder//mcu/
2025-11-17 18:10:53,971 [WARN] DbFile:41 - Overriding database path with different value: C:\Users\user\.stmcufinder\plugins\mcufinder/ => C:\Users\user\.stmcufinder\plugins\mcufinder
2025-11-17 18:10:53,971 [INFO] DbMcusAds:125 - Set database path to: C:\Users\user\.stmcufinder\plugins\mcufinder//mcu/
2025-11-17 18:10:53,971 [WARN] DbFile:41 - Overriding database path with different value: C:\Users\user\.stmcufinder\plugins\mcufinder/ => C:\Users\user\.stmcufinder\plugins\mcufinder
2025-11-17 18:10:53,971 [WARN] DbFile:41 - Overriding database path with different value: C:\Users\user\.stmcufinder\plugins\mcufinder/ => C:\Users\user\.stmcufinder\plugins\mcufinder
2025-11-17 18:10:53,971 [INFO] CrossReferenceDbSqlite:203 - Set database path to: C:\Users\user\.stmcufinder\plugins\mcufinder//mcu/cs/
2025-11-17 18:10:53,997 [INFO] ApplicationProperties:184 - Using Application install path: C:\ST\STM32CubeIDE_1.18.0\STM32CubeIDE\plugins\com.st.stm32cube.common.mx_6.14.0.202502271554
2025-11-17 18:10:53,998 [INFO] PluginManage:196 - Search for loadable plugins [exclusion list=, ]
2025-11-17 18:10:54,001 [INFO] PluginManage:310 - Check plugin analytics
2025-11-17 18:10:54,246 [INFO] AnalyticsPlugin:253 - Accepted Software Licenses: 
2025-11-17 18:10:54,247 [INFO] AnalyticsPlugin:255 - Accepted CMSIS Pack Licenses: 
2025-11-17 18:10:54,247 [INFO] AnalyticsPlugin:257 - Accepted Firmware Licenses: FW.F4.1.28.0,FW.G0.1.6.0
2025-11-17 18:10:54,253 [INFO] PluginManage:359 - Loaded plugin analytics (category:tool,tabindex:-1)
2025-11-17 18:10:54,253 [INFO] PluginManage:310 - Check plugin cadmodel
2025-11-17 18:10:54,263 [INFO] CADModel:105 - Init CAD model plugin
2025-11-17 18:10:54,264 [INFO] PluginManage:359 - Loaded plugin cadmodel (category:power,tabindex:5)
2025-11-17 18:10:54,264 [INFO] PluginManage:310 - Check plugin clock
2025-11-17 18:10:54,278 [INFO] PluginManage:359 - Loaded plugin clock (category:base,tabindex:2)
2025-11-17 18:10:54,278 [INFO] PluginManage:310 - Check plugin ddr
2025-11-17 18:10:54,281 [INFO] PluginManage:359 - Loaded plugin ddr (category:tool,tabindex:6)
2025-11-17 18:10:54,281 [INFO] PluginManage:310 - Check plugin filemanager
2025-11-17 18:10:54,459 [INFO] PluginManage:359 - Loaded plugin filemanager (category:base,tabindex:10)
2025-11-17 18:10:54,459 [INFO] PluginManage:310 - Check plugin ipmanager
2025-11-17 18:10:54,468 [INFO] PluginManage:359 - Loaded plugin ipmanager (category:base,tabindex:5)
2025-11-17 18:10:54,468 [INFO] PluginManage:310 - Check plugin lpbam
2025-11-17 18:10:54,479 [INFO] PluginManage:359 - Loaded plugin lpbam (category:base,tabindex:0)
2025-11-17 18:10:54,479 [INFO] PluginManage:310 - Check plugin memorymap
2025-11-17 18:10:54,501 [INFO] PluginManage:359 - Loaded plugin memorymap (category:base,tabindex:4)
2025-11-17 18:10:54,501 [INFO] PluginManage:310 - Check plugin pinoutandconfiguration
2025-11-17 18:10:54,513 [INFO] PluginManage:359 - Loaded plugin pinoutandconfiguration (category:base,tabindex:1)
2025-11-17 18:10:54,513 [INFO] PluginManage:310 - Check plugin pinoutconfig
2025-11-17 18:10:54,639 [WARN] SupportedApi:132 - Cannot load RTOS API schema: s4s-elt-must-match.1: The content of 'definitions' must match (annotation?, (simpleType | complexType)?, (unique | key | keyref)*)). A problem was found starting at: attribute.
2025-11-17 18:10:54,818 [INFO] PluginManage:359 - Loaded plugin pinoutconfig (category:base,tabindex:0)
2025-11-17 18:10:54,818 [INFO] PluginManage:310 - Check plugin power
2025-11-17 18:10:54,834 [INFO] PluginManage:359 - Loaded plugin power (category:power,tabindex:4)
2025-11-17 18:10:54,834 [INFO] PluginManage:310 - Check plugin projectmanager
2025-11-17 18:10:54,853 [INFO] PluginManage:359 - Loaded plugin projectmanager (category:projectmanager,tabindex:4)
2025-11-17 18:10:54,853 [INFO] PluginManage:310 - Check plugin rif
2025-11-17 18:10:54,862 [INFO] PluginManage:359 - Loaded plugin rif (category:base,tabindex:3)
2025-11-17 18:10:54,863 [INFO] PluginManage:310 - Check plugin thirdparty
2025-11-17 18:10:55,074 [INFO] PluginManage:359 - Loaded plugin thirdparty (category:base,tabindex:-1)
2025-11-17 18:10:55,074 [INFO] PluginManage:310 - Check plugin tools
2025-11-17 18:10:55,074 [WARN] IntegrityCheckThread:84 - waiting for thirdparty lock release [integrity check]
2025-11-17 18:10:55,081 [INFO] PluginManage:359 - Loaded plugin tools (category:base,tabindex:7)
2025-11-17 18:10:55,081 [INFO] PluginManage:310 - Check plugin tutovideos
2025-11-17 18:10:55,075 [INFO] IntegrityCheckThread:86 - entering critical section [integrity check]
2025-11-17 18:10:55,085 [INFO] ThirdPartyUpdaterWithRetryManager:70 - Updater plugin not ready yet. [1/15]
2025-11-17 18:10:55,366 [INFO] PluginManage:359 - Loaded plugin tutovideos (category:base,tabindex:-1)
2025-11-17 18:10:55,367 [INFO] PluginManage:310 - Check plugin updater
2025-11-17 18:10:55,401 [INFO] PluginManage:359 - Loaded plugin updater (category:base,tabindex:12)
2025-11-17 18:10:55,402 [INFO] PluginManage:310 - Check plugin userauth
2025-11-17 18:10:55,408 [INFO] UserAuth:118 - Init User Auth plugin
2025-11-17 18:10:55,409 [INFO] PluginManage:359 - Loaded plugin userauth (category:base,tabindex:14)
2025-11-17 18:10:55,410 [INFO] PluginManage:283 - PluginManage : Loaded plugins [18]
2025-11-17 18:10:55,683 [INFO] PinOutPanel:1589 - setPackage(No Configuration,No Configuration)
2025-11-17 18:10:55,787 [INFO] CADModel:165 - CPN selected for project level
2025-11-17 18:10:55,788 [INFO] CADModel:114 - Register for checkConnection events
2025-11-17 18:10:55,814 [INFO] IPUIPlugin:80 - create IPUIPlugin
2025-11-17 18:10:55,814 [INFO] PluginManager:220 - loadIPPluginJar : add adc
2025-11-17 18:10:55,819 [INFO] IPUIPlugin:80 - create IPUIPlugin
2025-11-17 18:10:55,819 [INFO] PluginManager:220 - loadIPPluginJar : add aes
2025-11-17 18:10:55,824 [INFO] IPUIPlugin:80 - create IPUIPlugin
2025-11-17 18:10:55,824 [INFO] PluginManager:220 - loadIPPluginJar : add can
2025-11-17 18:10:55,827 [INFO] IPUIPlugin:80 - create IPUIPlugin
2025-11-17 18:10:55,827 [INFO] PluginManager:220 - loadIPPluginJar : add comp
2025-11-17 18:10:55,832 [INFO] IPUIPlugin:80 - create IPUIPlugin
2025-11-17 18:10:55,832 [INFO] PluginManager:220 - loadIPPluginJar : add cryp
2025-11-17 18:10:55,839 [INFO] IPUIPlugin:80 - create IPUIPlugin
2025-11-17 18:10:55,839 [INFO] PluginManager:220 - loadIPPluginJar : add ddr_ctrl_phy
2025-11-17 18:10:55,843 [INFO] IPUIPlugin:80 - create IPUIPlugin
2025-11-17 18:10:55,844 [INFO] PluginManager:220 - loadIPPluginJar : add dfsdm
2025-11-17 18:10:55,851 [INFO] IPUIPlugin:80 - create IPUIPlugin
2025-11-17 18:10:55,852 [INFO] PluginManager:220 - loadIPPluginJar : add dma
2025-11-17 18:10:55,856 [INFO] IPUIPlugin:80 - create IPUIPlugin
2025-11-17 18:10:55,856 [INFO] PluginManager:220 - loadIPPluginJar : add dma3
2025-11-17 18:10:55,861 [INFO] IPUIPlugin:80 - create IPUIPlugin
2025-11-17 18:10:55,861 [INFO] PluginManager:220 - loadIPPluginJar : add extmemmanager
2025-11-17 18:10:55,863 [INFO] IPUIPlugin:80 - create IPUIPlugin
2025-11-17 18:10:55,863 [INFO] PluginManager:220 - loadIPPluginJar : add fatfs
2025-11-17 18:10:55,869 [INFO] IPUIPlugin:80 - create IPUIPlugin
2025-11-17 18:10:55,870 [INFO] PluginManager:220 - loadIPPluginJar : add fmc
2025-11-17 18:10:55,877 [INFO] IPUIPlugin:80 - create IPUIPlugin
2025-11-17 18:10:55,878 [INFO] PluginManager:220 - loadIPPluginJar : add freertos
2025-11-17 18:10:55,881 [INFO] IPUIPlugin:80 - create IPUIPlugin
2025-11-17 18:10:55,881 [INFO] PluginManager:220 - loadIPPluginJar : add genericplugin
2025-11-17 18:10:55,885 [INFO] IPUIPlugin:80 - create IPUIPlugin
2025-11-17 18:10:55,885 [INFO] PluginManager:220 - loadIPPluginJar : add gfxmmu
2025-11-17 18:10:55,893 [INFO] IPUIPlugin:80 - create IPUIPlugin
2025-11-17 18:10:55,894 [INFO] PluginManager:220 - loadIPPluginJar : add gic
2025-11-17 18:10:55,900 [INFO] IPUIPlugin:80 - create IPUIPlugin
2025-11-17 18:10:55,900 [INFO] PluginManager:220 - loadIPPluginJar : add gpio
2025-11-17 18:10:55,906 [INFO] IPUIPlugin:80 - create IPUIPlugin
2025-11-17 18:10:55,906 [INFO] PluginManager:220 - loadIPPluginJar : add gtzc
2025-11-17 18:10:55,911 [INFO] IPUIPlugin:80 - create IPUIPlugin
2025-11-17 18:10:55,911 [INFO] PluginManager:220 - loadIPPluginJar : add hash
2025-11-17 18:10:55,915 [INFO] IPUIPlugin:80 - create IPUIPlugin
2025-11-17 18:10:55,916 [INFO] PluginManager:220 - loadIPPluginJar : add i2c
2025-11-17 18:10:55,920 [INFO] IPUIPlugin:80 - create IPUIPlugin
2025-11-17 18:10:55,920 [INFO] PluginManager:220 - loadIPPluginJar : add i2s
2025-11-17 18:10:55,925 [INFO] IPUIPlugin:80 - create IPUIPlugin
2025-11-17 18:10:55,925 [INFO] PluginManager:220 - loadIPPluginJar : add i3c
2025-11-17 18:10:55,930 [INFO] IPUIPlugin:80 - create IPUIPlugin
2025-11-17 18:10:55,930 [INFO] PluginManager:220 - loadIPPluginJar : add ipddr
2025-11-17 18:10:55,942 [INFO] IPUIPlugin:80 - create IPUIPlugin
2025-11-17 18:10:55,942 [INFO] PluginManager:220 - loadIPPluginJar : add linkedlist
2025-11-17 18:10:55,947 [INFO] IPUIPlugin:80 - create IPUIPlugin
2025-11-17 18:10:55,947 [INFO] PluginManager:220 - loadIPPluginJar : add lorawan
2025-11-17 18:10:55,950 [INFO] IPUIPlugin:80 - create IPUIPlugin
2025-11-17 18:10:55,950 [INFO] PluginManager:220 - loadIPPluginJar : add ltdc
2025-11-17 18:10:55,957 [INFO] IPUIPlugin:80 - create IPUIPlugin
2025-11-17 18:10:55,957 [INFO] PluginManager:220 - loadIPPluginJar : add mdma
2025-11-17 18:10:55,962 [INFO] IPUIPlugin:80 - create IPUIPlugin
2025-11-17 18:10:55,962 [INFO] PluginManager:220 - loadIPPluginJar : add nvic
2025-11-17 18:10:55,967 [INFO] IPUIPlugin:80 - create IPUIPlugin
2025-11-17 18:10:55,968 [INFO] PluginManager:220 - loadIPPluginJar : add opamp
2025-11-17 18:10:55,973 [INFO] IPUIPlugin:80 - create IPUIPlugin
2025-11-17 18:10:55,973 [INFO] PluginManager:220 - loadIPPluginJar : add openamp
2025-11-17 18:10:55,978 [INFO] IPUIPlugin:80 - create IPUIPlugin
2025-11-17 18:10:55,978 [INFO] PluginManager:220 - loadIPPluginJar : add pdm2pcm
2025-11-17 18:10:55,986 [INFO] IPUIPlugin:80 - create IPUIPlugin
2025-11-17 18:10:55,990 [INFO] PluginManager:220 - loadIPPluginJar : add plateformsettings
2025-11-17 18:10:55,993 [INFO] IPUIPlugin:80 - create IPUIPlugin
2025-11-17 18:10:55,993 [INFO] PluginManager:220 - loadIPPluginJar : add quadspi
2025-11-17 18:10:55,996 [INFO] IPUIPlugin:80 - create IPUIPlugin
2025-11-17 18:10:55,997 [INFO] PluginManager:220 - loadIPPluginJar : add radio
2025-11-17 18:10:56,003 [INFO] IPUIPlugin:80 - create IPUIPlugin
2025-11-17 18:10:56,003 [INFO] PluginManager:220 - loadIPPluginJar : add resmgrutility
2025-11-17 18:10:56,008 [INFO] IPUIPlugin:80 - create IPUIPlugin
2025-11-17 18:10:56,008 [INFO] PluginManager:220 - loadIPPluginJar : add sai
2025-11-17 18:10:56,012 [INFO] IPUIPlugin:80 - create IPUIPlugin
2025-11-17 18:10:56,012 [INFO] PluginManager:220 - loadIPPluginJar : add spi
2025-11-17 18:10:56,020 [INFO] IPUIPlugin:80 - create IPUIPlugin
2025-11-17 18:10:56,020 [INFO] PluginManager:220 - loadIPPluginJar : add stm32_wpan
2025-11-17 18:10:56,023 [INFO] IPUIPlugin:80 - create IPUIPlugin
2025-11-17 18:10:56,023 [INFO] PluginManager:220 - loadIPPluginJar : add tim
2025-11-17 18:10:56,028 [INFO] IPUIPlugin:80 - create IPUIPlugin
2025-11-17 18:10:56,029 [INFO] PluginManager:220 - loadIPPluginJar : add touchsensing
2025-11-17 18:10:56,032 [INFO] IPUIPlugin:80 - create IPUIPlugin
2025-11-17 18:10:56,033 [INFO] PluginManager:220 - loadIPPluginJar : add tracer_emb
2025-11-17 18:10:56,036 [INFO] IPUIPlugin:80 - create IPUIPlugin
2025-11-17 18:10:56,036 [INFO] PluginManager:220 - loadIPPluginJar : add ts
2025-11-17 18:10:56,040 [INFO] IPUIPlugin:80 - create IPUIPlugin
2025-11-17 18:10:56,040 [INFO] PluginManager:220 - loadIPPluginJar : add tsc
2025-11-17 18:10:56,043 [INFO] IPUIPlugin:80 - create IPUIPlugin
2025-11-17 18:10:56,043 [INFO] PluginManager:220 - loadIPPluginJar : add ucpd
2025-11-17 18:10:56,048 [INFO] IPUIPlugin:80 - create IPUIPlugin
2025-11-17 18:10:56,048 [INFO] PluginManager:220 - loadIPPluginJar : add usart
2025-11-17 18:10:56,053 [INFO] IPUIPlugin:80 - create IPUIPlugin
2025-11-17 18:10:56,054 [INFO] PluginManager:220 - loadIPPluginJar : add usbx
2025-11-17 18:10:56,205 [FATAL] Updater:351 - Updater called before beeing initialized
2025-11-17 18:10:56,243 [INFO] RulesReader:64 - Compatibility file has been processed (301 Rules)
2025-11-17 18:10:56,261 [INFO] RulesReader:64 - Compatibility file has been processed (301 Rules)
2025-11-17 18:10:56,272 [INFO] CADModel:165 - CPN selected for project level
2025-11-17 18:10:56,273 [INFO] CADModel:114 - Register for checkConnection events
2025-11-17 18:10:56,273 [FATAL] Updater:351 - Updater called before beeing initialized
2025-11-17 18:10:56,273 [ERROR] CADModel:125 - Updater not yet initialized, retry later 
2025-11-17 18:10:56,490 [FATAL] Updater:351 - Updater called before beeing initialized
2025-11-17 18:10:56,492 [INFO] CADModel:165 - CPN selected for project level
2025-11-17 18:10:56,493 [INFO] CADModel:114 - Register for checkConnection events
2025-11-17 18:10:56,493 [FATAL] Updater:351 - Updater called before beeing initialized
2025-11-17 18:10:56,493 [ERROR] CADModel:125 - Updater not yet initialized, retry later 
2025-11-17 18:10:56,497 [FATAL] Updater:351 - Updater called before beeing initialized
2025-11-17 18:10:56,636 [FATAL] Updater:351 - Updater called before beeing initialized
2025-11-17 18:10:56,641 [INFO] DbMcusAds:53 - JSON generation date=Mon Nov 10 16:13:01 IST 2025 (1762771381096)
2025-11-17 18:10:56,641 [FATAL] Updater:351 - Updater called before beeing initialized
2025-11-17 18:10:56,696 [WARN] DetailPanel:346 - Failed to get advertising image, set to default
2025-11-17 18:10:56,995 [FATAL] Updater:351 - Updater called before beeing initialized
2025-11-17 18:10:56,997 [FATAL] Updater:351 - Updater called before beeing initialized
2025-11-17 18:10:56,997 [FATAL] Updater:351 - Updater called before beeing initialized
2025-11-17 18:10:56,997 [WARN] DetailPanel:346 - Failed to get advertising image, set to default
2025-11-17 18:10:56,998 [FATAL] Updater:351 - Updater called before beeing initialized
2025-11-17 18:10:57,069 [ERROR] Updater:1198 - MainUpdater not yet initialized. External WinMGr cannot be set.
2025-11-17 18:10:57,072 [INFO] Updater:1134 - Updater Version found : 6.14.0
2025-11-17 18:10:57,099 [INFO] ApplicationProperties:184 - Using Application install path: C:\ST\STM32CubeIDE_1.18.0\STM32CubeIDE\plugins\com.st.stm32cube.common.mx_6.14.0.202502271554
2025-11-17 18:10:58,087 [INFO] ThirdPartyUpdaterWithRetryManager:70 - Updater plugin not ready yet. [2/15]
2025-11-17 18:10:58,675 [ERROR] LogOutputStream:75 - [STDERR_REDIRECT] Nov 17, 2025 6:10:58 PM java.util.prefs.WindowsPreferences <init>
2025-11-17 18:10:58,677 [ERROR] LogOutputStream:75 - [STDERR_REDIRECT] WARNING: Could not open/create prefs root node Software\JavaSoft\Prefs at root 0xffffffff80000002. Windows RegCreateKeyEx(...) returned error code 5.
2025-11-17 18:10:58,677 [ERROR] LogOutputStream:75 - [STDERR_REDIRECT] 
2025-11-17 18:10:59,205 [INFO] MainUpdater:2872 - connection check result : 10
2025-11-17 18:10:59,205 [INFO] MainUpdater:3566 - Updater definition file requires update
2025-11-17 18:10:59,206 [INFO] MainUpdater:289 - Updater Check For Update Now.
2025-11-17 18:10:59,207 [INFO] MicroXplorer:498 - Change Database Version : DB.6.0.140
2025-11-17 18:10:59,214 [INFO] McuFinderGlobals:63 - Set McuFinder mode to 2 (CubeIDE integrated)
2025-11-17 18:10:59,216 [INFO] UserAuth:486 - Internet connection configuration mode: 1
2025-11-17 18:10:59,244 [INFO] JxBrowserEngine:152 - Initiate JxBrowser Engine with user profile folder
2025-11-17 18:10:59,377 [INFO] ServerAccessManage:473 - Download File updaters.zip
2025-11-17 18:10:59,643 [INFO] FileExtend:242 - Unzip File : updaters.zip
2025-11-17 18:10:59,644 [INFO] FileExtend:257 - Standard Zip Deflate
2025-11-17 18:11:00,933 [INFO] ServerAccessManage:473 - Download File PacksControlFlags.xml
2025-11-17 18:11:01,087 [WARN] MainUpdater:1193 - Updater busy. Cannot search thirdparties
2025-11-17 18:11:01,087 [INFO] ThirdPartyUpdaterWithRetryManager:96 - Updater plugin is busy. [1/15]
2025-11-17 18:11:01,102 [INFO] ServerAccessManage:473 - Download File cubemx.pidx
2025-11-17 18:11:01,346 [INFO] LoadServerUpdatesThread:375 - End of LoadServerUpdate Thread
2025-11-17 18:11:01,484 [INFO] WebApp:169 - Instantiating new browser for Auth
2025-11-17 18:11:01,594 [INFO] CheckServerUpdateThread:120 - End of CheckServer Thread
2025-11-17 18:11:02,911 [INFO] WebApp:463 - Apply proxy settings
2025-11-17 18:11:02,912 [INFO] WebApp:548 - Chromium requires no authentication
2025-11-17 18:11:02,962 [INFO] WebApp:491 - Direct internet connection detected
2025-11-17 18:11:03,037 [INFO] WebApp:894 - Register for checkConnection events
2025-11-17 18:11:03,037 [INFO] WebApp:463 - Apply proxy settings
2025-11-17 18:11:03,037 [INFO] WebApp:548 - Chromium requires no authentication
2025-11-17 18:11:03,038 [INFO] WebApp:491 - Direct internet connection detected
2025-11-17 18:11:03,396 [INFO] WebApp:225 - Starting web application
2025-11-17 18:11:03,396 [INFO] WebApp:593 - Web application path used C:\ST\STM32CubeIDE_1.18.0\STM32CubeIDE\plugins\com.st.stm32cube.common.mx_6.14.0.202502271554\db\plugins\mcufinder\reactClient1\index.html
2025-11-17 18:11:03,441 [INFO] WebApp:191 - Connection restablished
2025-11-17 18:11:03,586 [INFO] UserAuth:486 - Internet connection configuration mode: 1
2025-11-17 18:11:04,620 [WARN] PackLoader:240 - Cannot read IP mode file for STMicroelectronics.FP-SNS-MOTENVWB1.1.4.0
2025-11-17 18:11:04,634 [WARN] PackLoader:240 - Cannot read IP mode file for STMicroelectronics.FP-ATR-ASTRA1.2.0.2
2025-11-17 18:11:04,652 [WARN] PackLoader:240 - Cannot read IP mode file for STMicroelectronics.X-CUBE-SMBUS.2.1.0
2025-11-17 18:11:04,661 [WARN] PackLoader:240 - Cannot read IP mode file for STMicroelectronics.X-CUBE-ST60.1.0.0
2025-11-17 18:11:04,710 [WARN] PackLoader:240 - Cannot read IP mode file for STMicroelectronics.X-CUBE-AZRTOS-F7.1.1.0
2025-11-17 18:11:04,722 [ERROR] Engine:466 - C:\Users\user\.stm32cubemx\thirdparties\pdsc\STMicroelectronics.FP-SNS-MOTENV1.5.1.0.pdsc: PDSC version is not supported
2025-11-17 18:11:04,765 [WARN] PackLoader:240 - Cannot read IP mode file for Infineon.AIROC-Wi-Fi-Bluetooth-STM32.1.7.1
2025-11-17 18:11:04,818 [WARN] PackLoader:240 - Cannot read IP mode file for STMicroelectronics.X-CUBE-AZRTOS-H7.3.4.0
2025-11-17 18:11:04,840 [WARN] PackLoader:240 - Cannot read IP mode file for STMicroelectronics.X-CUBE-DISPLAY.3.0.0
2025-11-17 18:11:04,862 [WARN] PackLoader:240 - Cannot read IP mode file for STMicroelectronics.X-CUBE-NFC10.1.0.0
2025-11-17 18:11:04,873 [WARN] PackLoader:240 - Cannot read IP mode file for STMicroelectronics.X-CUBE-ST60.1.1.0
2025-11-17 18:11:04,884 [WARN] PackLoader:240 - Cannot read IP mode file for emotas.I-CUBE-CANOPEN.1.3.0
2025-11-17 18:11:04,893 [WARN] PackLoader:240 - Cannot read IP mode file for STMicroelectronics.X-CUBE-GNSS1.7.1.0
2025-11-17 18:11:04,901 [ERROR] Engine:466 - C:\Users\user\.stm32cubemx\thirdparties\pdsc\STMicroelectronics.FP-SNS-STBOX1.2.1.0.pdsc: PDSC version is not supported
2025-11-17 18:11:04,909 [WARN] PackLoader:240 - Cannot read IP mode file for STMicroelectronics.FP-SNS-SMARTAG2.1.2.0
2025-11-17 18:11:04,918 [WARN] PackLoader:240 - Cannot read IP mode file for STMicroelectronics.FP-SNS-FLIGHT1.5.1.0
2025-11-17 18:11:04,934 [INFO] LogOutputStream:77 - [STDOUT_REDIRECT] 1 : Invalid condition id : UX_CORESTACK_Condition cause : null
2025-11-17 18:11:04,936 [INFO] LogOutputStream:77 - [STDOUT_REDIRECT] 1 : Invalid condition id : UX_CORESTACK_Condition cause : null
2025-11-17 18:11:04,938 [INFO] LogOutputStream:77 - [STDOUT_REDIRECT] 1 : Invalid condition id : UX_CORESTACK_Condition cause : null
2025-11-17 18:11:04,940 [INFO] LogOutputStream:77 - [STDOUT_REDIRECT] 1 : Invalid condition id : UX_CORESTACK_Condition cause : null
2025-11-17 18:11:04,943 [INFO] LogOutputStream:77 - [STDOUT_REDIRECT] 1 : Invalid condition id : UX_CORESTACK_Condition cause : null
2025-11-17 18:11:04,948 [WARN] PackLoader:240 - Cannot read IP mode file for STMicroelectronics.X-CUBE-AZRTOS-WL.2.0.0
2025-11-17 18:11:04,959 [WARN] PackLoader:240 - Cannot read IP mode file for STMicroelectronics.FP-SNS-MOTENV1.5.0.0
2025-11-17 18:11:04,972 [WARN] PackLoader:240 - Cannot read IP mode file for WES.I-CUBE-Cesium.1.3.0
2025-11-17 18:11:04,981 [WARN] PackLoader:240 - Cannot read IP mode file for STMicroelectronics.X-CUBE-BLE2.3.3.0
2025-11-17 18:11:04,992 [WARN] PackLoader:240 - Cannot read IP mode file for STMicroelectronics.X-CUBE-NFC9.1.0.0
2025-11-17 18:11:05,002 [WARN] PackLoader:240 - Cannot read IP mode file for wolfSSL.I-CUBE-wolfSSL.5.8.2
2025-11-17 18:11:05,012 [WARN] PackLoader:240 - Cannot read IP mode file for STMicroelectronics.X-CUBE-BLE1.7.1.0
2025-11-17 18:11:05,018 [WARN] PackLoader:240 - Cannot read IP mode file for wolfSSL.I-CUBE-wolfMQTT.1.19.2
2025-11-17 18:11:05,028 [WARN] PackLoader:240 - Cannot read IP mode file for STMicroelectronics.X-CUBE-EEPRMA1.5.2.0
2025-11-17 18:11:05,034 [ERROR] Engine:466 - C:\Users\user\.stm32cubemx\thirdparties\pdsc\STMicroelectronics.X-CUBE-ST67W61.1.1.0.pdsc: PDSC version is not supported
2025-11-17 18:11:05,041 [WARN] PackLoader:240 - Cannot read IP mode file for STMicroelectronics.X-CUBE-AI.10.1.0
2025-11-17 18:11:05,065 [WARN] PackLoader:240 - Cannot read IP mode file for STMicroelectronics.X-CUBE-AZRTOS-G0.1.1.0
2025-11-17 18:11:05,079 [WARN] PackLoader:240 - Cannot read IP mode file for STMicroelectronics.X-CUBE-SAFEA1.1.2.2
2025-11-17 18:11:05,089 [WARN] PackLoader:240 - Cannot read IP mode file for STMicroelectronics.X-CUBE-NFC4.3.0.0
2025-11-17 18:11:05,103 [WARN] PackLoader:240 - Cannot read IP mode file for EmbeddedOffice.I-CUBE-FS-RTOS.1.0.1
2025-11-17 18:11:05,112 [WARN] PackLoader:240 - Cannot read IP mode file for STMicroelectronics.X-CUBE-WB05N.2.0.0
2025-11-17 18:11:05,118 [WARN] PackLoader:240 - Cannot read IP mode file for wolfSSL.I-CUBE-wolfTPM.3.8.0
2025-11-17 18:11:05,127 [WARN] PackLoader:240 - Cannot read IP mode file for STMicroelectronics.X-CUBE-TCPP.4.2.0
2025-11-17 18:11:05,136 [WARN] PackLoader:240 - Cannot read IP mode file for RealThread.X-CUBE-RT-Thread_Nano.4.1.1
2025-11-17 18:11:05,143 [WARN] PackLoader:240 - Cannot read IP mode file for STMicroelectronics.FP-ATR-SIGFOX1.3.2.0
2025-11-17 18:11:05,152 [WARN] PackLoader:240 - Cannot read IP mode file for ITTIA_DB.I-CUBE-ITTIADB.8.9.0
2025-11-17 18:11:05,162 [WARN] PackLoader:240 - Cannot read IP mode file for STMicroelectronics.X-CUBE-ST67W61.1.0.0
2025-11-17 18:11:05,167 [WARN] PackLoader:240 - Cannot read IP mode file for STMicroelectronics.X-CUBE-AI.10.2.0
2025-11-17 18:11:05,211 [WARN] PackLoader:240 - Cannot read IP mode file for SEGGER.I-CUBE-embOS.1.3.1
2025-11-17 18:11:05,285 [WARN] PackLoader:240 - Cannot read IP mode file for STMicroelectronics.X-CUBE-ALGOBUILD.1.4.0
2025-11-17 18:11:05,366 [WARN] PackLoader:240 - Cannot read IP mode file for STMicroelectronics.X-CUBE-MEMS1.11.3.0
2025-11-17 18:11:05,658 [WARN] PackLoader:240 - Cannot read IP mode file for STMicroelectronics.X-CUBE-PM33A1.1.0.0
2025-11-17 18:11:05,677 [WARN] PackLoader:240 - Cannot read IP mode file for STMicroelectronics.X-CUBE-AZRTOS-F4.1.1.0
2025-11-17 18:11:05,687 [WARN] PackLoader:240 - Cannot read IP mode file for STMicroelectronics.X-CUBE-ISPU.2.1.0
2025-11-17 18:11:05,695 [ERROR] Engine:466 - C:\Users\user\.stm32cubemx\thirdparties\pdsc\STMicroelectronics.X-CUBE-IPS.3.2.0.pdsc: PDSC version is not supported
2025-11-17 18:11:05,703 [WARN] PackLoader:240 - Cannot read IP mode file for STMicroelectronics.X-CUBE-NFC12.1.0.0
2025-11-17 18:11:05,731 [WARN] PackLoader:240 - Cannot read IP mode file for STMicroelectronics.X-CUBE-AZRTOS-L5.2.0.0
2025-11-17 18:11:05,747 [WARN] PackLoader:240 - Cannot read IP mode file for STMicroelectronics.X-CUBE-NFC6.3.1.0
2025-11-17 18:11:05,757 [WARN] PackLoader:240 - Cannot read IP mode file for STMicroelectronics.X-CUBE-FREERTOS.1.3.1
2025-11-17 18:11:05,763 [WARN] PackLoader:240 - Cannot read IP mode file for STMicroelectronics.X-CUBE-TOUCHGFX.4.26.0
2025-11-17 18:11:05,770 [WARN] PackLoader:240 - Cannot read IP mode file for STMicroelectronics.FP-SNS-STAIOTCFT.1.0.0
2025-11-17 18:11:05,778 [WARN] PackLoader:240 - Cannot read IP mode file for STMicroelectronics.X-CUBE-DPower.1.3.0
2025-11-17 18:11:05,803 [WARN] ConditionMgr:438 - getConditionDescription Invalid condition id : LAN8742 Phy interface Condition cause : null
2025-11-17 18:11:05,806 [WARN] PackLoader:240 - Cannot read IP mode file for STMicroelectronics.X-CUBE-AZRTOS-L4.2.0.0
2025-11-17 18:11:05,808 [WARN] ConditionMgr:1044 - genDependencies : Invalid condition id : LAN8742 Phy interface Condition cause : null
2025-11-17 18:11:05,808 [WARN] ConditionMgr:1044 - genDependencies : Invalid condition id : LAN8742 Phy interface Condition cause : null
2025-11-17 18:11:05,810 [WARN] ConditionMgr:1044 - genDependencies : Invalid condition id : LAN8742 Phy interface Condition cause : null
2025-11-17 18:11:05,823 [WARN] PackLoader:240 - Cannot read IP mode file for STMicroelectronics.X-CUBE-SFXS2LP1.4.0.0
2025-11-17 18:11:05,838 [WARN] PackLoader:240 - Cannot read IP mode file for STMicroelectronics.X-CUBE-BLEMGR.4.1.0
2025-11-17 18:11:05,871 [WARN] ConditionMgr:438 - getConditionDescription Invalid condition id : UX DEVICE CLASS RTOS Condition cause : null
2025-11-17 18:11:05,872 [WARN] ConditionMgr:438 - getConditionDescription Invalid condition id : UX DEVICE CLASS RTOS Condition cause : null
2025-11-17 18:11:05,875 [WARN] PackLoader:240 - Cannot read IP mode file for STMicroelectronics.X-CUBE-AZRTOS-WB.2.0.0
2025-11-17 18:11:05,876 [WARN] ConditionMgr:1044 - genDependencies : Invalid condition id : UX DEVICE CLASS RTOS Condition cause : null
2025-11-17 18:11:05,876 [WARN] ConditionMgr:1044 - genDependencies : Invalid condition id : UX DEVICE CLASS RTOS Condition cause : null
2025-11-17 18:11:05,877 [WARN] ConditionMgr:1044 - genDependencies : Invalid condition id : UX DEVICE CLASS RTOS Condition cause : null
2025-11-17 18:11:05,877 [WARN] ConditionMgr:1044 - genDependencies : Invalid condition id : UX DEVICE CLASS RTOS Condition cause : null
2025-11-17 18:11:05,877 [WARN] ConditionMgr:1044 - genDependencies : Invalid condition id : UX DEVICE CLASS RTOS Condition cause : null
2025-11-17 18:11:05,885 [WARN] PackLoader:240 - Cannot read IP mode file for STMicroelectronics.X-CUBE-GNSS1.7.0.1
2025-11-17 18:11:05,891 [WARN] PackLoader:240 - Cannot read IP mode file for STMicroelectronics.X-CUBE-TOUCHGFX.4.25.0
2025-11-17 18:11:05,899 [WARN] PackLoader:240 - Cannot read IP mode file for STMicroelectronics.FP-SNS-STBOX1.2.0.0
2025-11-17 18:11:05,909 [WARN] ConditionMgr:438 - getConditionDescription Invalid condition id : Cortex-A Device cause : null
2025-11-17 18:11:05,933 [WARN] ConditionMgr:1044 - genDependencies : Invalid condition id : Cortex-A Device cause : null
2025-11-17 18:11:05,933 [WARN] ConditionMgr:1044 - genDependencies : Invalid condition id : Cortex-A Device cause : null
2025-11-17 18:11:05,934 [WARN] ConditionMgr:1044 - genDependencies : Invalid condition id : Cortex-A Device cause : null
2025-11-17 18:11:05,948 [WARN] PackLoader:240 - Cannot read IP mode file for STMicroelectronics.X-CUBE-SUBG2.5.0.0
2025-11-17 18:11:05,982 [WARN] PackLoader:240 - Cannot read IP mode file for STMicroelectronics.X-CUBE-AZRTOS-H7RS.1.1.0
2025-11-17 18:11:05,993 [WARN] PackLoader:240 - Cannot read IP mode file for Cesanta.I-CUBE-Mongoose.7.13.0
2025-11-17 18:11:06,012 [WARN] PackLoader:240 - Cannot read IP mode file for STMicroelectronics.X-CUBE-AZRTOS-G4.2.0.0
2025-11-17 18:11:06,021 [WARN] PackLoader:240 - Cannot read IP mode file for wolfSSL.I-CUBE-wolfSSH.1.4.20
2025-11-17 18:11:06,028 [WARN] PackLoader:240 - Cannot read IP mode file for STMicroelectronics.X-CUBE-NFC7.2.0.0
2025-11-17 18:11:06,046 [WARN] PackLoader:240 - Cannot read IP mode file for STMicroelectronics.X-CUBE-IPS.3.1.0
2025-11-17 18:11:06,060 [WARN] PackLoader:240 - Cannot read IP mode file for STMicroelectronics.X-CUBE-ALS.1.0.2
2025-11-17 18:11:06,069 [WARN] PackLoader:240 - Cannot read IP mode file for STMicroelectronics.X-CUBE-STSE01.1.0.0
2025-11-17 18:11:06,078 [WARN] PackLoader:240 - Cannot read IP mode file for portGmbH.I-Cube-SoM-uGOAL.1.1.0
2025-11-17 18:11:06,094 [WARN] PackLoader:240 - Cannot read IP mode file for STMicroelectronics.X-CUBE-TOF1.3.4.3
2025-11-17 18:11:06,111 [INFO] ThirdParty:978 - Integrity check success = true
2025-11-17 18:11:06,111 [INFO] IntegrityCheckThread:100 - exiting critical section [integrity check]
2025-11-17 18:11:06,111 [INFO] IntegrityCheckThread:103 - End integrity checks thread
2025-11-17 19:22:23,511 [ERROR] LogOutputStream:75 - [STDERR_REDIRECT] 
2025-11-17 19:22:23,514 [ERROR] LogOutputStream:75 - [STDERR_REDIRECT] 
