2025-10-30 00:36:01,822 [INFO] WebApp:194 - Connection lost
2025-10-30 00:36:02,173 [INFO] WebApp:191 - Connection restablished
2025-10-30 00:36:04,925 [INFO] WebApp:194 - Connection lost
2025-10-30 00:36:05,349 [INFO] WebApp:191 - Connection restablished
2025-10-30 00:40:08,867 [INFO] WebApp:194 - Connection lost
2025-10-30 00:40:09,543 [INFO] WebApp:191 - Connection restablished
2025-10-30 00:40:18,372 [INFO] WebApp:194 - Connection lost
2025-10-30 00:40:18,862 [INFO] WebApp:191 - Connection restablished
2025-10-30 00:40:30,829 [INFO] WebApp:194 - Connection lost
2025-10-30 00:40:36,447 [INFO] WebApp:191 - Connection restablished
2025-10-30 00:40:38,383 [INFO] WebApp:194 - Connection lost
2025-10-30 00:40:38,598 [INFO] WebApp:191 - Connection restablished
2025-10-30 00:40:41,371 [INFO] WebApp:194 - Connection lost
2025-10-30 00:40:41,605 [INFO] WebApp:191 - Connection restablished
2025-10-30 00:42:26,388 [INFO] WebApp:194 - Connection lost
2025-10-30 00:42:26,641 [INFO] WebApp:191 - Connection restablished
2025-10-30 19:25:24,285 [INFO] Activator:176 - 


2025-10-30 19:25:24,291 [INFO] Activator:177 - !SESSION log4j initialized
2025-10-30 19:25:37,570 [INFO] LogOutputStream:77 - [STDOUT_REDIRECT] 
2025-10-30 19:25:40,874 [INFO] ApplicationProperties:184 - Using Application install path: C:\ST\STM32CubeIDE_1.18.0\STM32CubeIDE\plugins\com.st.stm32cube.common.mx_6.14.0.202502271554
2025-10-30 19:25:40,909 [INFO] DbMcusXml:78 - Set database path to: C:\ST\STM32CubeIDE_1.18.0\STM32CubeIDE\plugins\com.st.stm32cube.common.mx_6.14.0.202502271554\\db\/mcu/
2025-10-30 19:25:40,910 [INFO] ApiDb:274 - Set plugin database path to: C:\ST\STM32CubeIDE_1.18.0\STM32CubeIDE\plugins\com.st.stm32cube.common.mx_6.14.0.202502271554\\db\/plugins/boardmanager/
2025-10-30 19:25:40,910 [WARN] ApiDb:259 - Overriding images path with different value:  => C:\ST\STM32CubeIDE_1.18.0\STM32CubeIDE\plugins\com.st.stm32cube.common.mx_6.14.0.202502271554\\db\/plugins/mcufinder/images/
2025-10-30 19:25:40,935 [INFO] ApiDb:250 - Set database path to: C:\Users\user\.stmcufinder\plugins\mcufinder//mcu/
2025-10-30 19:25:40,936 [INFO] DbMcusAds:125 - Set database path to: C:\Users\user\.stmcufinder\plugins\mcufinder//mcu/
2025-10-30 19:25:40,944 [INFO] CrossReferenceDbSqlite:203 - Set database path to: C:\Users\user\.stmcufinder\plugins\mcufinder//mcu/cs/
2025-10-30 19:25:41,228 [INFO] RulesReader:64 - Compatibility file has been processed (301 Rules)
2025-10-30 19:25:41,409 [INFO] DbMcusXml:78 - Set database path to: C:\ST\STM32CubeIDE_1.18.0\STM32CubeIDE\plugins\com.st.stm32cube.common.mx_6.14.0.202502271554\\db\/mcu/
2025-10-30 19:25:41,409 [INFO] ApiDb:274 - Set plugin database path to: C:\ST\STM32CubeIDE_1.18.0\STM32CubeIDE\plugins\com.st.stm32cube.common.mx_6.14.0.202502271554\\db\/plugins/boardmanager/
2025-10-30 19:25:41,409 [INFO] ApiDb:261 - Set plugin images path to: C:\ST\STM32CubeIDE_1.18.0\STM32CubeIDE\plugins\com.st.stm32cube.common.mx_6.14.0.202502271554\\db\/plugins/mcufinder/images/
2025-10-30 19:25:41,410 [WARN] DbFile:41 - Overriding database path with different value: C:\Users\user\.stmcufinder\plugins\mcufinder/ => C:\Users\user\.stmcufinder\plugins\mcufinder
2025-10-30 19:25:41,410 [INFO] ApiDb:250 - Set database path to: C:\Users\user\.stmcufinder\plugins\mcufinder//mcu/
2025-10-30 19:25:41,410 [WARN] DbFile:41 - Overriding database path with different value: C:\Users\user\.stmcufinder\plugins\mcufinder/ => C:\Users\user\.stmcufinder\plugins\mcufinder
2025-10-30 19:25:41,410 [INFO] DbMcusAds:125 - Set database path to: C:\Users\user\.stmcufinder\plugins\mcufinder//mcu/
2025-10-30 19:25:41,410 [WARN] DbFile:41 - Overriding database path with different value: C:\Users\user\.stmcufinder\plugins\mcufinder/ => C:\Users\user\.stmcufinder\plugins\mcufinder
2025-10-30 19:25:41,410 [WARN] DbFile:41 - Overriding database path with different value: C:\Users\user\.stmcufinder\plugins\mcufinder/ => C:\Users\user\.stmcufinder\plugins\mcufinder
2025-10-30 19:25:41,411 [INFO] CrossReferenceDbSqlite:203 - Set database path to: C:\Users\user\.stmcufinder\plugins\mcufinder//mcu/cs/
2025-10-30 19:25:41,581 [INFO] MainPanel:272 - HeapMemory: 268435456
2025-10-30 19:25:41,835 [INFO] DbMcusXml:78 - Set database path to: C:\ST\STM32CubeIDE_1.18.0\STM32CubeIDE\plugins\com.st.stm32cube.common.mx_6.14.0.202502271554\\db\/mcu/
2025-10-30 19:25:41,835 [INFO] ApiDb:274 - Set plugin database path to: C:\ST\STM32CubeIDE_1.18.0\STM32CubeIDE\plugins\com.st.stm32cube.common.mx_6.14.0.202502271554\\db\/plugins/boardmanager/
2025-10-30 19:25:41,835 [INFO] ApiDb:261 - Set plugin images path to: C:\ST\STM32CubeIDE_1.18.0\STM32CubeIDE\plugins\com.st.stm32cube.common.mx_6.14.0.202502271554\\db\/plugins/mcufinder/images/
2025-10-30 19:25:41,836 [WARN] DbFile:41 - Overriding database path with different value: C:\Users\user\.stmcufinder\plugins\mcufinder/ => C:\Users\user\.stmcufinder\plugins\mcufinder
2025-10-30 19:25:41,836 [INFO] ApiDb:250 - Set database path to: C:\Users\user\.stmcufinder\plugins\mcufinder//mcu/
2025-10-30 19:25:41,836 [WARN] DbFile:41 - Overriding database path with different value: C:\Users\user\.stmcufinder\plugins\mcufinder/ => C:\Users\user\.stmcufinder\plugins\mcufinder
2025-10-30 19:25:41,836 [INFO] DbMcusAds:125 - Set database path to: C:\Users\user\.stmcufinder\plugins\mcufinder//mcu/
2025-10-30 19:25:41,836 [WARN] DbFile:41 - Overriding database path with different value: C:\Users\user\.stmcufinder\plugins\mcufinder/ => C:\Users\user\.stmcufinder\plugins\mcufinder
2025-10-30 19:25:41,838 [WARN] DbFile:41 - Overriding database path with different value: C:\Users\user\.stmcufinder\plugins\mcufinder/ => C:\Users\user\.stmcufinder\plugins\mcufinder
2025-10-30 19:25:41,839 [INFO] CrossReferenceDbSqlite:203 - Set database path to: C:\Users\user\.stmcufinder\plugins\mcufinder//mcu/cs/
2025-10-30 19:25:41,882 [INFO] ApplicationProperties:184 - Using Application install path: C:\ST\STM32CubeIDE_1.18.0\STM32CubeIDE\plugins\com.st.stm32cube.common.mx_6.14.0.202502271554
2025-10-30 19:25:41,883 [INFO] PluginManage:196 - Search for loadable plugins [exclusion list=, ]
2025-10-30 19:25:41,886 [INFO] PluginManage:310 - Check plugin analytics
2025-10-30 19:25:42,464 [INFO] AnalyticsPlugin:253 - Accepted Software Licenses: 
2025-10-30 19:25:42,464 [INFO] AnalyticsPlugin:255 - Accepted CMSIS Pack Licenses: 
2025-10-30 19:25:42,465 [INFO] AnalyticsPlugin:257 - Accepted Firmware Licenses: FW.F4.1.28.0
2025-10-30 19:25:42,474 [INFO] PluginManage:359 - Loaded plugin analytics (category:tool,tabindex:-1)
2025-10-30 19:25:42,475 [INFO] PluginManage:310 - Check plugin cadmodel
2025-10-30 19:25:42,484 [INFO] CADModel:105 - Init CAD model plugin
2025-10-30 19:25:42,484 [INFO] PluginManage:359 - Loaded plugin cadmodel (category:power,tabindex:5)
2025-10-30 19:25:42,484 [INFO] PluginManage:310 - Check plugin clock
2025-10-30 19:25:42,502 [INFO] PluginManage:359 - Loaded plugin clock (category:base,tabindex:2)
2025-10-30 19:25:42,502 [INFO] PluginManage:310 - Check plugin ddr
2025-10-30 19:25:42,510 [INFO] PluginManage:359 - Loaded plugin ddr (category:tool,tabindex:6)
2025-10-30 19:25:42,510 [INFO] PluginManage:310 - Check plugin filemanager
2025-10-30 19:25:42,817 [INFO] PluginManage:359 - Loaded plugin filemanager (category:base,tabindex:10)
2025-10-30 19:25:42,817 [INFO] PluginManage:310 - Check plugin ipmanager
2025-10-30 19:25:42,831 [INFO] PluginManage:359 - Loaded plugin ipmanager (category:base,tabindex:5)
2025-10-30 19:25:42,831 [INFO] PluginManage:310 - Check plugin lpbam
2025-10-30 19:25:42,857 [INFO] PluginManage:359 - Loaded plugin lpbam (category:base,tabindex:0)
2025-10-30 19:25:42,857 [INFO] PluginManage:310 - Check plugin memorymap
2025-10-30 19:25:42,895 [INFO] PluginManage:359 - Loaded plugin memorymap (category:base,tabindex:4)
2025-10-30 19:25:42,896 [INFO] PluginManage:310 - Check plugin pinoutandconfiguration
2025-10-30 19:25:42,916 [INFO] PluginManage:359 - Loaded plugin pinoutandconfiguration (category:base,tabindex:1)
2025-10-30 19:25:42,916 [INFO] PluginManage:310 - Check plugin pinoutconfig
2025-10-30 19:25:43,181 [WARN] SupportedApi:132 - Cannot load RTOS API schema: s4s-elt-must-match.1: The content of 'definitions' must match (annotation?, (simpleType | complexType)?, (unique | key | keyref)*)). A problem was found starting at: attribute.
2025-10-30 19:25:43,509 [INFO] PluginManage:359 - Loaded plugin pinoutconfig (category:base,tabindex:0)
2025-10-30 19:25:43,510 [INFO] PluginManage:310 - Check plugin power
2025-10-30 19:25:43,547 [INFO] PluginManage:359 - Loaded plugin power (category:power,tabindex:4)
2025-10-30 19:25:43,547 [INFO] PluginManage:310 - Check plugin projectmanager
2025-10-30 19:25:43,609 [INFO] PluginManage:359 - Loaded plugin projectmanager (category:projectmanager,tabindex:4)
2025-10-30 19:25:43,610 [INFO] PluginManage:310 - Check plugin rif
2025-10-30 19:25:43,632 [INFO] PluginManage:359 - Loaded plugin rif (category:base,tabindex:3)
2025-10-30 19:25:43,632 [INFO] PluginManage:310 - Check plugin thirdparty
2025-10-30 19:25:44,359 [INFO] PluginManage:359 - Loaded plugin thirdparty (category:base,tabindex:-1)
2025-10-30 19:25:44,360 [INFO] PluginManage:310 - Check plugin tools
2025-10-30 19:25:44,361 [WARN] IntegrityCheckThread:84 - waiting for thirdparty lock release [integrity check]
2025-10-30 19:25:44,362 [INFO] IntegrityCheckThread:86 - entering critical section [integrity check]
2025-10-30 19:25:44,363 [INFO] ThirdPartyUpdaterWithRetryManager:70 - Updater plugin not ready yet. [1/15]
2025-10-30 19:25:44,396 [INFO] PluginManage:359 - Loaded plugin tools (category:base,tabindex:7)
2025-10-30 19:25:44,396 [INFO] PluginManage:310 - Check plugin tutovideos
2025-10-30 19:25:45,166 [INFO] PluginManage:359 - Loaded plugin tutovideos (category:base,tabindex:-1)
2025-10-30 19:25:45,166 [INFO] PluginManage:310 - Check plugin updater
2025-10-30 19:25:45,249 [INFO] PluginManage:359 - Loaded plugin updater (category:base,tabindex:12)
2025-10-30 19:25:45,250 [INFO] PluginManage:310 - Check plugin userauth
2025-10-30 19:25:45,262 [INFO] UserAuth:118 - Init User Auth plugin
2025-10-30 19:25:45,264 [INFO] PluginManage:359 - Loaded plugin userauth (category:base,tabindex:14)
2025-10-30 19:25:45,265 [INFO] PluginManage:283 - PluginManage : Loaded plugins [18]
2025-10-30 19:25:45,735 [INFO] PinOutPanel:1589 - setPackage(No Configuration,No Configuration)
2025-10-30 19:25:45,961 [INFO] CADModel:165 - CPN selected for project level
2025-10-30 19:25:45,962 [INFO] CADModel:114 - Register for checkConnection events
2025-10-30 19:25:46,025 [INFO] IPUIPlugin:80 - create IPUIPlugin
2025-10-30 19:25:46,025 [INFO] PluginManager:220 - loadIPPluginJar : add adc
2025-10-30 19:25:46,031 [INFO] IPUIPlugin:80 - create IPUIPlugin
2025-10-30 19:25:46,031 [INFO] PluginManager:220 - loadIPPluginJar : add aes
2025-10-30 19:25:46,044 [INFO] IPUIPlugin:80 - create IPUIPlugin
2025-10-30 19:25:46,048 [INFO] PluginManager:220 - loadIPPluginJar : add can
2025-10-30 19:25:46,067 [INFO] IPUIPlugin:80 - create IPUIPlugin
2025-10-30 19:25:46,067 [INFO] PluginManager:220 - loadIPPluginJar : add comp
2025-10-30 19:25:46,080 [INFO] IPUIPlugin:80 - create IPUIPlugin
2025-10-30 19:25:46,080 [INFO] PluginManager:220 - loadIPPluginJar : add cryp
2025-10-30 19:25:46,096 [INFO] IPUIPlugin:80 - create IPUIPlugin
2025-10-30 19:25:46,096 [INFO] PluginManager:220 - loadIPPluginJar : add ddr_ctrl_phy
2025-10-30 19:25:46,101 [INFO] IPUIPlugin:80 - create IPUIPlugin
2025-10-30 19:25:46,101 [INFO] PluginManager:220 - loadIPPluginJar : add dfsdm
2025-10-30 19:25:46,115 [INFO] IPUIPlugin:80 - create IPUIPlugin
2025-10-30 19:25:46,116 [INFO] PluginManager:220 - loadIPPluginJar : add dma
2025-10-30 19:25:46,127 [INFO] IPUIPlugin:80 - create IPUIPlugin
2025-10-30 19:25:46,128 [INFO] PluginManager:220 - loadIPPluginJar : add dma3
2025-10-30 19:25:46,140 [INFO] IPUIPlugin:80 - create IPUIPlugin
2025-10-30 19:25:46,140 [INFO] PluginManager:220 - loadIPPluginJar : add extmemmanager
2025-10-30 19:25:46,151 [INFO] IPUIPlugin:80 - create IPUIPlugin
2025-10-30 19:25:46,160 [INFO] PluginManager:220 - loadIPPluginJar : add fatfs
2025-10-30 19:25:46,175 [INFO] IPUIPlugin:80 - create IPUIPlugin
2025-10-30 19:25:46,176 [INFO] PluginManager:220 - loadIPPluginJar : add fmc
2025-10-30 19:25:46,196 [INFO] IPUIPlugin:80 - create IPUIPlugin
2025-10-30 19:25:46,197 [INFO] PluginManager:220 - loadIPPluginJar : add freertos
2025-10-30 19:25:46,206 [INFO] IPUIPlugin:80 - create IPUIPlugin
2025-10-30 19:25:46,206 [INFO] PluginManager:220 - loadIPPluginJar : add genericplugin
2025-10-30 19:25:46,212 [INFO] IPUIPlugin:80 - create IPUIPlugin
2025-10-30 19:25:46,213 [INFO] PluginManager:220 - loadIPPluginJar : add gfxmmu
2025-10-30 19:25:46,229 [INFO] IPUIPlugin:80 - create IPUIPlugin
2025-10-30 19:25:46,229 [INFO] PluginManager:220 - loadIPPluginJar : add gic
2025-10-30 19:25:46,238 [INFO] IPUIPlugin:80 - create IPUIPlugin
2025-10-30 19:25:46,238 [INFO] PluginManager:220 - loadIPPluginJar : add gpio
2025-10-30 19:25:46,245 [INFO] IPUIPlugin:80 - create IPUIPlugin
2025-10-30 19:25:46,245 [INFO] PluginManager:220 - loadIPPluginJar : add gtzc
2025-10-30 19:25:46,251 [INFO] IPUIPlugin:80 - create IPUIPlugin
2025-10-30 19:25:46,251 [INFO] PluginManager:220 - loadIPPluginJar : add hash
2025-10-30 19:25:46,266 [INFO] IPUIPlugin:80 - create IPUIPlugin
2025-10-30 19:25:46,266 [INFO] PluginManager:220 - loadIPPluginJar : add i2c
2025-10-30 19:25:46,275 [INFO] IPUIPlugin:80 - create IPUIPlugin
2025-10-30 19:25:46,275 [INFO] PluginManager:220 - loadIPPluginJar : add i2s
2025-10-30 19:25:46,293 [INFO] IPUIPlugin:80 - create IPUIPlugin
2025-10-30 19:25:46,294 [INFO] PluginManager:220 - loadIPPluginJar : add i3c
2025-10-30 19:25:46,301 [INFO] IPUIPlugin:80 - create IPUIPlugin
2025-10-30 19:25:46,301 [INFO] PluginManager:220 - loadIPPluginJar : add ipddr
2025-10-30 19:25:46,340 [INFO] IPUIPlugin:80 - create IPUIPlugin
2025-10-30 19:25:46,341 [INFO] PluginManager:220 - loadIPPluginJar : add linkedlist
2025-10-30 19:25:46,348 [INFO] IPUIPlugin:80 - create IPUIPlugin
2025-10-30 19:25:46,349 [INFO] PluginManager:220 - loadIPPluginJar : add lorawan
2025-10-30 19:25:46,359 [INFO] IPUIPlugin:80 - create IPUIPlugin
2025-10-30 19:25:46,359 [INFO] PluginManager:220 - loadIPPluginJar : add ltdc
2025-10-30 19:25:46,378 [INFO] IPUIPlugin:80 - create IPUIPlugin
2025-10-30 19:25:46,379 [INFO] PluginManager:220 - loadIPPluginJar : add mdma
2025-10-30 19:25:46,384 [INFO] IPUIPlugin:80 - create IPUIPlugin
2025-10-30 19:25:46,384 [INFO] PluginManager:220 - loadIPPluginJar : add nvic
2025-10-30 19:25:46,398 [INFO] IPUIPlugin:80 - create IPUIPlugin
2025-10-30 19:25:46,399 [INFO] PluginManager:220 - loadIPPluginJar : add opamp
2025-10-30 19:25:46,410 [INFO] IPUIPlugin:80 - create IPUIPlugin
2025-10-30 19:25:46,411 [INFO] PluginManager:220 - loadIPPluginJar : add openamp
2025-10-30 19:25:46,429 [INFO] IPUIPlugin:80 - create IPUIPlugin
2025-10-30 19:25:46,430 [INFO] PluginManager:220 - loadIPPluginJar : add pdm2pcm
2025-10-30 19:25:46,450 [INFO] IPUIPlugin:80 - create IPUIPlugin
2025-10-30 19:25:46,460 [INFO] PluginManager:220 - loadIPPluginJar : add plateformsettings
2025-10-30 19:25:46,471 [INFO] IPUIPlugin:80 - create IPUIPlugin
2025-10-30 19:25:46,472 [INFO] PluginManager:220 - loadIPPluginJar : add quadspi
2025-10-30 19:25:46,476 [INFO] IPUIPlugin:80 - create IPUIPlugin
2025-10-30 19:25:46,478 [INFO] PluginManager:220 - loadIPPluginJar : add radio
2025-10-30 19:25:46,497 [INFO] IPUIPlugin:80 - create IPUIPlugin
2025-10-30 19:25:46,498 [INFO] PluginManager:220 - loadIPPluginJar : add resmgrutility
2025-10-30 19:25:46,508 [INFO] IPUIPlugin:80 - create IPUIPlugin
2025-10-30 19:25:46,508 [INFO] PluginManager:220 - loadIPPluginJar : add sai
2025-10-30 19:25:46,517 [INFO] IPUIPlugin:80 - create IPUIPlugin
2025-10-30 19:25:46,517 [INFO] PluginManager:220 - loadIPPluginJar : add spi
2025-10-30 19:25:46,550 [INFO] IPUIPlugin:80 - create IPUIPlugin
2025-10-30 19:25:46,550 [INFO] PluginManager:220 - loadIPPluginJar : add stm32_wpan
2025-10-30 19:25:46,559 [INFO] IPUIPlugin:80 - create IPUIPlugin
2025-10-30 19:25:46,560 [INFO] PluginManager:220 - loadIPPluginJar : add tim
2025-10-30 19:25:46,566 [INFO] IPUIPlugin:80 - create IPUIPlugin
2025-10-30 19:25:46,566 [INFO] PluginManager:220 - loadIPPluginJar : add touchsensing
2025-10-30 19:25:46,582 [INFO] IPUIPlugin:80 - create IPUIPlugin
2025-10-30 19:25:46,582 [INFO] PluginManager:220 - loadIPPluginJar : add tracer_emb
2025-10-30 19:25:46,591 [INFO] IPUIPlugin:80 - create IPUIPlugin
2025-10-30 19:25:46,595 [INFO] PluginManager:220 - loadIPPluginJar : add ts
2025-10-30 19:25:46,599 [INFO] IPUIPlugin:80 - create IPUIPlugin
2025-10-30 19:25:46,600 [INFO] PluginManager:220 - loadIPPluginJar : add tsc
2025-10-30 19:25:46,608 [INFO] IPUIPlugin:80 - create IPUIPlugin
2025-10-30 19:25:46,609 [INFO] PluginManager:220 - loadIPPluginJar : add ucpd
2025-10-30 19:25:46,613 [INFO] IPUIPlugin:80 - create IPUIPlugin
2025-10-30 19:25:46,613 [INFO] PluginManager:220 - loadIPPluginJar : add usart
2025-10-30 19:25:46,617 [INFO] IPUIPlugin:80 - create IPUIPlugin
2025-10-30 19:25:46,618 [INFO] PluginManager:220 - loadIPPluginJar : add usbx
2025-10-30 19:25:46,825 [FATAL] Updater:351 - Updater called before beeing initialized
2025-10-30 19:25:46,897 [INFO] RulesReader:64 - Compatibility file has been processed (301 Rules)
2025-10-30 19:25:46,917 [INFO] RulesReader:64 - Compatibility file has been processed (301 Rules)
2025-10-30 19:25:46,950 [INFO] CADModel:165 - CPN selected for project level
2025-10-30 19:25:46,950 [INFO] CADModel:114 - Register for checkConnection events
2025-10-30 19:25:46,950 [FATAL] Updater:351 - Updater called before beeing initialized
2025-10-30 19:25:46,950 [ERROR] CADModel:125 - Updater not yet initialized, retry later 
2025-10-30 19:25:47,287 [FATAL] Updater:351 - Updater called before beeing initialized
2025-10-30 19:25:47,292 [INFO] CADModel:165 - CPN selected for project level
2025-10-30 19:25:47,293 [INFO] CADModel:114 - Register for checkConnection events
2025-10-30 19:25:47,294 [FATAL] Updater:351 - Updater called before beeing initialized
2025-10-30 19:25:47,294 [ERROR] CADModel:125 - Updater not yet initialized, retry later 
2025-10-30 19:25:47,298 [FATAL] Updater:351 - Updater called before beeing initialized
2025-10-30 19:25:47,367 [INFO] ThirdPartyUpdaterWithRetryManager:70 - Updater plugin not ready yet. [2/15]
2025-10-30 19:25:47,666 [FATAL] Updater:351 - Updater called before beeing initialized
2025-10-30 19:25:47,678 [INFO] DbMcusAds:53 - JSON generation date=Thu Oct 02 15:06:05 IST 2025 (1759397765645)
2025-10-30 19:25:47,678 [FATAL] Updater:351 - Updater called before beeing initialized
2025-10-30 19:25:47,749 [WARN] DetailPanel:346 - Failed to get advertising image, set to default
2025-10-30 19:25:48,231 [FATAL] Updater:351 - Updater called before beeing initialized
2025-10-30 19:25:48,233 [FATAL] Updater:351 - Updater called before beeing initialized
2025-10-30 19:25:48,233 [FATAL] Updater:351 - Updater called before beeing initialized
2025-10-30 19:25:48,233 [WARN] DetailPanel:346 - Failed to get advertising image, set to default
2025-10-30 19:25:48,234 [FATAL] Updater:351 - Updater called before beeing initialized
2025-10-30 19:25:48,347 [ERROR] Updater:1198 - MainUpdater not yet initialized. External WinMGr cannot be set.
2025-10-30 19:25:48,349 [INFO] Updater:1134 - Updater Version found : 6.14.0
2025-10-30 19:25:48,392 [INFO] ApplicationProperties:184 - Using Application install path: C:\ST\STM32CubeIDE_1.18.0\STM32CubeIDE\plugins\com.st.stm32cube.common.mx_6.14.0.202502271554
2025-10-30 19:25:49,981 [ERROR] LogOutputStream:75 - [STDERR_REDIRECT] Oct 30, 2025 7:25:49 PM java.util.prefs.WindowsPreferences <init>
2025-10-30 19:25:49,986 [ERROR] LogOutputStream:75 - [STDERR_REDIRECT] WARNING: Could not open/create prefs root node Software\JavaSoft\Prefs at root 0xffffffff80000002. Windows RegCreateKeyEx(...) returned error code 5.
2025-10-30 19:25:49,987 [ERROR] LogOutputStream:75 - [STDERR_REDIRECT] 
2025-10-30 19:25:50,400 [FATAL] Updater:351 - Updater called before beeing initialized
2025-10-30 19:25:50,413 [ERROR] IntegrityCheckThread:130 - Cannot retrieve database content from updater: error 21
2025-10-30 19:25:50,413 [INFO] ThirdParty:978 - Integrity check success = false
2025-10-30 19:25:50,413 [INFO] IntegrityCheckThread:100 - exiting critical section [integrity check]
2025-10-30 19:25:50,413 [INFO] IntegrityCheckThread:103 - End integrity checks thread
2025-10-30 19:25:51,065 [INFO] MainUpdater:2872 - connection check result : 10
2025-10-30 19:25:51,066 [INFO] MainUpdater:289 - Updater Check For Update Now.
2025-10-30 19:25:51,066 [INFO] MicroXplorer:498 - Change Database Version : DB.6.0.140
2025-10-30 19:25:51,081 [INFO] McuFinderGlobals:63 - Set McuFinder mode to 2 (CubeIDE integrated)
2025-10-30 19:25:51,086 [INFO] UserAuth:486 - Internet connection configuration mode: 1
2025-10-30 19:25:51,196 [INFO] JxBrowserEngine:152 - Initiate JxBrowser Engine with user profile folder
2025-10-30 19:25:51,673 [INFO] CheckServerUpdateThread:120 - End of CheckServer Thread
2025-10-30 19:25:53,920 [INFO] WebApp:169 - Instantiating new browser for Auth
2025-10-30 19:25:56,273 [INFO] WebApp:463 - Apply proxy settings
2025-10-30 19:25:56,277 [INFO] WebApp:548 - Chromium requires no authentication
2025-10-30 19:25:56,315 [INFO] WebApp:491 - Direct internet connection detected
2025-10-30 19:25:56,429 [INFO] WebApp:894 - Register for checkConnection events
2025-10-30 19:25:56,430 [INFO] WebApp:463 - Apply proxy settings
2025-10-30 19:25:56,430 [INFO] WebApp:548 - Chromium requires no authentication
2025-10-30 19:25:56,430 [INFO] WebApp:491 - Direct internet connection detected
2025-10-30 19:25:56,797 [INFO] WebApp:191 - Connection restablished
2025-10-30 19:25:57,011 [INFO] WebApp:225 - Starting web application
2025-10-30 19:25:57,011 [INFO] WebApp:593 - Web application path used C:\ST\STM32CubeIDE_1.18.0\STM32CubeIDE\plugins\com.st.stm32cube.common.mx_6.14.0.202502271554\db\plugins\mcufinder\reactClient1\index.html
2025-10-30 19:25:57,487 [INFO] UserAuth:486 - Internet connection configuration mode: 1
2025-10-30 19:34:42,743 [INFO] WebApp:194 - Connection lost
2025-10-30 19:34:43,010 [INFO] WebApp:191 - Connection restablished
2025-10-30 19:37:37,222 [INFO] WebApp:194 - Connection lost
2025-10-30 19:37:37,514 [INFO] WebApp:191 - Connection restablished
2025-10-30 19:38:50,196 [INFO] WebApp:194 - Connection lost
2025-10-30 19:38:50,440 [INFO] WebApp:191 - Connection restablished
2025-10-30 19:42:48,722 [INFO] WebApp:194 - Connection lost
2025-10-30 19:42:48,987 [INFO] WebApp:191 - Connection restablished
2025-10-30 19:45:36,713 [INFO] WebApp:194 - Connection lost
2025-10-30 19:45:36,980 [INFO] WebApp:191 - Connection restablished
2025-10-30 19:50:47,216 [INFO] WebApp:194 - Connection lost
2025-10-30 19:50:47,502 [INFO] WebApp:191 - Connection restablished
2025-10-30 20:02:07,727 [INFO] WebApp:194 - Connection lost
2025-10-30 20:02:07,986 [INFO] WebApp:191 - Connection restablished
2025-10-30 20:25:10,207 [INFO] WebApp:194 - Connection lost
2025-10-30 20:25:10,476 [INFO] WebApp:191 - Connection restablished
2025-10-30 20:31:28,211 [INFO] WebApp:194 - Connection lost
2025-10-30 20:31:28,576 [INFO] WebApp:191 - Connection restablished
2025-10-30 20:33:10,217 [INFO] WebApp:194 - Connection lost
2025-10-30 20:33:10,489 [INFO] WebApp:191 - Connection restablished
2025-10-30 20:36:36,222 [INFO] WebApp:194 - Connection lost
2025-10-30 20:36:36,453 [INFO] WebApp:191 - Connection restablished
2025-10-30 20:39:13,230 [INFO] WebApp:194 - Connection lost
2025-10-30 20:39:13,508 [INFO] WebApp:191 - Connection restablished
2025-10-30 20:41:31,234 [INFO] WebApp:194 - Connection lost
2025-10-30 20:41:31,521 [INFO] WebApp:191 - Connection restablished
2025-10-30 20:44:25,214 [INFO] WebApp:194 - Connection lost
2025-10-30 20:44:25,458 [INFO] WebApp:191 - Connection restablished
2025-10-30 21:36:04,699 [INFO] Activator:176 - 


2025-10-30 21:36:04,703 [INFO] Activator:177 - !SESSION log4j initialized
2025-10-30 21:36:15,156 [INFO] LogOutputStream:77 - [STDOUT_REDIRECT] 
2025-10-30 21:36:18,202 [INFO] ApplicationProperties:184 - Using Application install path: C:\ST\STM32CubeIDE_1.18.0\STM32CubeIDE\plugins\com.st.stm32cube.common.mx_6.14.0.202502271554
2025-10-30 21:36:18,240 [INFO] DbMcusXml:78 - Set database path to: C:\ST\STM32CubeIDE_1.18.0\STM32CubeIDE\plugins\com.st.stm32cube.common.mx_6.14.0.202502271554\\db\/mcu/
2025-10-30 21:36:18,241 [INFO] ApiDb:274 - Set plugin database path to: C:\ST\STM32CubeIDE_1.18.0\STM32CubeIDE\plugins\com.st.stm32cube.common.mx_6.14.0.202502271554\\db\/plugins/boardmanager/
2025-10-30 21:36:18,241 [WARN] ApiDb:259 - Overriding images path with different value:  => C:\ST\STM32CubeIDE_1.18.0\STM32CubeIDE\plugins\com.st.stm32cube.common.mx_6.14.0.202502271554\\db\/plugins/mcufinder/images/
2025-10-30 21:36:18,265 [INFO] ApiDb:250 - Set database path to: C:\Users\user\.stmcufinder\plugins\mcufinder//mcu/
2025-10-30 21:36:18,267 [INFO] DbMcusAds:125 - Set database path to: C:\Users\user\.stmcufinder\plugins\mcufinder//mcu/
2025-10-30 21:36:18,272 [INFO] CrossReferenceDbSqlite:203 - Set database path to: C:\Users\user\.stmcufinder\plugins\mcufinder//mcu/cs/
2025-10-30 21:36:18,468 [INFO] RulesReader:64 - Compatibility file has been processed (301 Rules)
2025-10-30 21:36:18,602 [INFO] DbMcusXml:78 - Set database path to: C:\ST\STM32CubeIDE_1.18.0\STM32CubeIDE\plugins\com.st.stm32cube.common.mx_6.14.0.202502271554\\db\/mcu/
2025-10-30 21:36:18,602 [INFO] ApiDb:274 - Set plugin database path to: C:\ST\STM32CubeIDE_1.18.0\STM32CubeIDE\plugins\com.st.stm32cube.common.mx_6.14.0.202502271554\\db\/plugins/boardmanager/
2025-10-30 21:36:18,603 [INFO] ApiDb:261 - Set plugin images path to: C:\ST\STM32CubeIDE_1.18.0\STM32CubeIDE\plugins\com.st.stm32cube.common.mx_6.14.0.202502271554\\db\/plugins/mcufinder/images/
2025-10-30 21:36:18,604 [WARN] DbFile:41 - Overriding database path with different value: C:\Users\user\.stmcufinder\plugins\mcufinder/ => C:\Users\user\.stmcufinder\plugins\mcufinder
2025-10-30 21:36:18,605 [INFO] ApiDb:250 - Set database path to: C:\Users\user\.stmcufinder\plugins\mcufinder//mcu/
2025-10-30 21:36:18,605 [WARN] DbFile:41 - Overriding database path with different value: C:\Users\user\.stmcufinder\plugins\mcufinder/ => C:\Users\user\.stmcufinder\plugins\mcufinder
2025-10-30 21:36:18,606 [INFO] DbMcusAds:125 - Set database path to: C:\Users\user\.stmcufinder\plugins\mcufinder//mcu/
2025-10-30 21:36:18,606 [WARN] DbFile:41 - Overriding database path with different value: C:\Users\user\.stmcufinder\plugins\mcufinder/ => C:\Users\user\.stmcufinder\plugins\mcufinder
2025-10-30 21:36:18,606 [WARN] DbFile:41 - Overriding database path with different value: C:\Users\user\.stmcufinder\plugins\mcufinder/ => C:\Users\user\.stmcufinder\plugins\mcufinder
2025-10-30 21:36:18,606 [INFO] CrossReferenceDbSqlite:203 - Set database path to: C:\Users\user\.stmcufinder\plugins\mcufinder//mcu/cs/
2025-10-30 21:36:18,807 [INFO] MainPanel:272 - HeapMemory: 268435456
2025-10-30 21:36:19,169 [INFO] DbMcusXml:78 - Set database path to: C:\ST\STM32CubeIDE_1.18.0\STM32CubeIDE\plugins\com.st.stm32cube.common.mx_6.14.0.202502271554\\db\/mcu/
2025-10-30 21:36:19,169 [INFO] ApiDb:274 - Set plugin database path to: C:\ST\STM32CubeIDE_1.18.0\STM32CubeIDE\plugins\com.st.stm32cube.common.mx_6.14.0.202502271554\\db\/plugins/boardmanager/
2025-10-30 21:36:19,169 [INFO] ApiDb:261 - Set plugin images path to: C:\ST\STM32CubeIDE_1.18.0\STM32CubeIDE\plugins\com.st.stm32cube.common.mx_6.14.0.202502271554\\db\/plugins/mcufinder/images/
2025-10-30 21:36:19,170 [WARN] DbFile:41 - Overriding database path with different value: C:\Users\user\.stmcufinder\plugins\mcufinder/ => C:\Users\user\.stmcufinder\plugins\mcufinder
2025-10-30 21:36:19,170 [INFO] ApiDb:250 - Set database path to: C:\Users\user\.stmcufinder\plugins\mcufinder//mcu/
2025-10-30 21:36:19,170 [WARN] DbFile:41 - Overriding database path with different value: C:\Users\user\.stmcufinder\plugins\mcufinder/ => C:\Users\user\.stmcufinder\plugins\mcufinder
2025-10-30 21:36:19,170 [INFO] DbMcusAds:125 - Set database path to: C:\Users\user\.stmcufinder\plugins\mcufinder//mcu/
2025-10-30 21:36:19,170 [WARN] DbFile:41 - Overriding database path with different value: C:\Users\user\.stmcufinder\plugins\mcufinder/ => C:\Users\user\.stmcufinder\plugins\mcufinder
2025-10-30 21:36:19,171 [WARN] DbFile:41 - Overriding database path with different value: C:\Users\user\.stmcufinder\plugins\mcufinder/ => C:\Users\user\.stmcufinder\plugins\mcufinder
2025-10-30 21:36:19,171 [INFO] CrossReferenceDbSqlite:203 - Set database path to: C:\Users\user\.stmcufinder\plugins\mcufinder//mcu/cs/
2025-10-30 21:36:19,219 [INFO] ApplicationProperties:184 - Using Application install path: C:\ST\STM32CubeIDE_1.18.0\STM32CubeIDE\plugins\com.st.stm32cube.common.mx_6.14.0.202502271554
2025-10-30 21:36:19,224 [INFO] PluginManage:196 - Search for loadable plugins [exclusion list=, ]
2025-10-30 21:36:19,228 [INFO] PluginManage:310 - Check plugin analytics
2025-10-30 21:36:19,767 [INFO] AnalyticsPlugin:253 - Accepted Software Licenses: 
2025-10-30 21:36:19,768 [INFO] AnalyticsPlugin:255 - Accepted CMSIS Pack Licenses: 
2025-10-30 21:36:19,768 [INFO] AnalyticsPlugin:257 - Accepted Firmware Licenses: FW.F4.1.28.0
2025-10-30 21:36:19,773 [INFO] PluginManage:359 - Loaded plugin analytics (category:tool,tabindex:-1)
2025-10-30 21:36:19,774 [INFO] PluginManage:310 - Check plugin cadmodel
2025-10-30 21:36:19,789 [INFO] CADModel:105 - Init CAD model plugin
2025-10-30 21:36:19,789 [INFO] PluginManage:359 - Loaded plugin cadmodel (category:power,tabindex:5)
2025-10-30 21:36:19,789 [INFO] PluginManage:310 - Check plugin clock
2025-10-30 21:36:19,813 [INFO] PluginManage:359 - Loaded plugin clock (category:base,tabindex:2)
2025-10-30 21:36:19,813 [INFO] PluginManage:310 - Check plugin ddr
2025-10-30 21:36:19,818 [INFO] PluginManage:359 - Loaded plugin ddr (category:tool,tabindex:6)
2025-10-30 21:36:19,819 [INFO] PluginManage:310 - Check plugin filemanager
2025-10-30 21:36:20,111 [INFO] PluginManage:359 - Loaded plugin filemanager (category:base,tabindex:10)
2025-10-30 21:36:20,112 [INFO] PluginManage:310 - Check plugin ipmanager
2025-10-30 21:36:20,121 [INFO] PluginManage:359 - Loaded plugin ipmanager (category:base,tabindex:5)
2025-10-30 21:36:20,121 [INFO] PluginManage:310 - Check plugin lpbam
2025-10-30 21:36:20,136 [INFO] PluginManage:359 - Loaded plugin lpbam (category:base,tabindex:0)
2025-10-30 21:36:20,136 [INFO] PluginManage:310 - Check plugin memorymap
2025-10-30 21:36:20,171 [INFO] PluginManage:359 - Loaded plugin memorymap (category:base,tabindex:4)
2025-10-30 21:36:20,171 [INFO] PluginManage:310 - Check plugin pinoutandconfiguration
2025-10-30 21:36:20,189 [INFO] PluginManage:359 - Loaded plugin pinoutandconfiguration (category:base,tabindex:1)
2025-10-30 21:36:20,190 [INFO] PluginManage:310 - Check plugin pinoutconfig
2025-10-30 21:36:20,423 [WARN] SupportedApi:132 - Cannot load RTOS API schema: s4s-elt-must-match.1: The content of 'definitions' must match (annotation?, (simpleType | complexType)?, (unique | key | keyref)*)). A problem was found starting at: attribute.
2025-10-30 21:36:20,819 [INFO] PluginManage:359 - Loaded plugin pinoutconfig (category:base,tabindex:0)
2025-10-30 21:36:20,820 [INFO] PluginManage:310 - Check plugin power
2025-10-30 21:36:20,842 [INFO] PluginManage:359 - Loaded plugin power (category:power,tabindex:4)
2025-10-30 21:36:20,842 [INFO] PluginManage:310 - Check plugin projectmanager
2025-10-30 21:36:20,884 [INFO] PluginManage:359 - Loaded plugin projectmanager (category:projectmanager,tabindex:4)
2025-10-30 21:36:20,884 [INFO] PluginManage:310 - Check plugin rif
2025-10-30 21:36:20,904 [INFO] PluginManage:359 - Loaded plugin rif (category:base,tabindex:3)
2025-10-30 21:36:20,904 [INFO] PluginManage:310 - Check plugin thirdparty
2025-10-30 21:36:21,272 [INFO] PluginManage:359 - Loaded plugin thirdparty (category:base,tabindex:-1)
2025-10-30 21:36:21,273 [INFO] PluginManage:310 - Check plugin tools
2025-10-30 21:36:21,272 [WARN] IntegrityCheckThread:84 - waiting for thirdparty lock release [integrity check]
2025-10-30 21:36:21,273 [INFO] IntegrityCheckThread:86 - entering critical section [integrity check]
2025-10-30 21:36:21,274 [INFO] ThirdPartyUpdaterWithRetryManager:70 - Updater plugin not ready yet. [1/15]
2025-10-30 21:36:21,281 [INFO] PluginManage:359 - Loaded plugin tools (category:base,tabindex:7)
2025-10-30 21:36:21,282 [INFO] PluginManage:310 - Check plugin tutovideos
2025-10-30 21:36:21,775 [INFO] PluginManage:359 - Loaded plugin tutovideos (category:base,tabindex:-1)
2025-10-30 21:36:21,776 [INFO] PluginManage:310 - Check plugin updater
2025-10-30 21:36:21,869 [INFO] PluginManage:359 - Loaded plugin updater (category:base,tabindex:12)
2025-10-30 21:36:21,869 [INFO] PluginManage:310 - Check plugin userauth
2025-10-30 21:36:21,879 [INFO] UserAuth:118 - Init User Auth plugin
2025-10-30 21:36:21,881 [INFO] PluginManage:359 - Loaded plugin userauth (category:base,tabindex:14)
2025-10-30 21:36:21,882 [INFO] PluginManage:283 - PluginManage : Loaded plugins [18]
2025-10-30 21:36:22,475 [INFO] PinOutPanel:1589 - setPackage(No Configuration,No Configuration)
2025-10-30 21:36:22,708 [INFO] CADModel:165 - CPN selected for project level
2025-10-30 21:36:22,709 [INFO] CADModel:114 - Register for checkConnection events
2025-10-30 21:36:22,753 [INFO] IPUIPlugin:80 - create IPUIPlugin
2025-10-30 21:36:22,753 [INFO] PluginManager:220 - loadIPPluginJar : add adc
2025-10-30 21:36:22,767 [INFO] IPUIPlugin:80 - create IPUIPlugin
2025-10-30 21:36:22,767 [INFO] PluginManager:220 - loadIPPluginJar : add aes
2025-10-30 21:36:22,774 [INFO] IPUIPlugin:80 - create IPUIPlugin
2025-10-30 21:36:22,779 [INFO] PluginManager:220 - loadIPPluginJar : add can
2025-10-30 21:36:22,784 [INFO] IPUIPlugin:80 - create IPUIPlugin
2025-10-30 21:36:22,784 [INFO] PluginManager:220 - loadIPPluginJar : add comp
2025-10-30 21:36:22,790 [INFO] IPUIPlugin:80 - create IPUIPlugin
2025-10-30 21:36:22,790 [INFO] PluginManager:220 - loadIPPluginJar : add cryp
2025-10-30 21:36:22,800 [INFO] IPUIPlugin:80 - create IPUIPlugin
2025-10-30 21:36:22,801 [INFO] PluginManager:220 - loadIPPluginJar : add ddr_ctrl_phy
2025-10-30 21:36:22,807 [INFO] IPUIPlugin:80 - create IPUIPlugin
2025-10-30 21:36:22,807 [INFO] PluginManager:220 - loadIPPluginJar : add dfsdm
2025-10-30 21:36:22,823 [INFO] IPUIPlugin:80 - create IPUIPlugin
2025-10-30 21:36:22,824 [INFO] PluginManager:220 - loadIPPluginJar : add dma
2025-10-30 21:36:22,829 [INFO] IPUIPlugin:80 - create IPUIPlugin
2025-10-30 21:36:22,829 [INFO] PluginManager:220 - loadIPPluginJar : add dma3
2025-10-30 21:36:22,836 [INFO] IPUIPlugin:80 - create IPUIPlugin
2025-10-30 21:36:22,836 [INFO] PluginManager:220 - loadIPPluginJar : add extmemmanager
2025-10-30 21:36:22,840 [INFO] IPUIPlugin:80 - create IPUIPlugin
2025-10-30 21:36:22,840 [INFO] PluginManager:220 - loadIPPluginJar : add fatfs
2025-10-30 21:36:22,851 [INFO] IPUIPlugin:80 - create IPUIPlugin
2025-10-30 21:36:22,851 [INFO] PluginManager:220 - loadIPPluginJar : add fmc
2025-10-30 21:36:22,865 [INFO] IPUIPlugin:80 - create IPUIPlugin
2025-10-30 21:36:22,865 [INFO] PluginManager:220 - loadIPPluginJar : add freertos
2025-10-30 21:36:22,869 [INFO] IPUIPlugin:80 - create IPUIPlugin
2025-10-30 21:36:22,869 [INFO] PluginManager:220 - loadIPPluginJar : add genericplugin
2025-10-30 21:36:22,874 [INFO] IPUIPlugin:80 - create IPUIPlugin
2025-10-30 21:36:22,874 [INFO] PluginManager:220 - loadIPPluginJar : add gfxmmu
2025-10-30 21:36:22,884 [INFO] IPUIPlugin:80 - create IPUIPlugin
2025-10-30 21:36:22,884 [INFO] PluginManager:220 - loadIPPluginJar : add gic
2025-10-30 21:36:22,890 [INFO] IPUIPlugin:80 - create IPUIPlugin
2025-10-30 21:36:22,891 [INFO] PluginManager:220 - loadIPPluginJar : add gpio
2025-10-30 21:36:22,897 [INFO] IPUIPlugin:80 - create IPUIPlugin
2025-10-30 21:36:22,898 [INFO] PluginManager:220 - loadIPPluginJar : add gtzc
2025-10-30 21:36:22,903 [INFO] IPUIPlugin:80 - create IPUIPlugin
2025-10-30 21:36:22,903 [INFO] PluginManager:220 - loadIPPluginJar : add hash
2025-10-30 21:36:22,909 [INFO] IPUIPlugin:80 - create IPUIPlugin
2025-10-30 21:36:22,909 [INFO] PluginManager:220 - loadIPPluginJar : add i2c
2025-10-30 21:36:22,915 [INFO] IPUIPlugin:80 - create IPUIPlugin
2025-10-30 21:36:22,915 [INFO] PluginManager:220 - loadIPPluginJar : add i2s
2025-10-30 21:36:22,921 [INFO] IPUIPlugin:80 - create IPUIPlugin
2025-10-30 21:36:22,922 [INFO] PluginManager:220 - loadIPPluginJar : add i3c
2025-10-30 21:36:22,928 [INFO] IPUIPlugin:80 - create IPUIPlugin
2025-10-30 21:36:22,929 [INFO] PluginManager:220 - loadIPPluginJar : add ipddr
2025-10-30 21:36:22,943 [INFO] IPUIPlugin:80 - create IPUIPlugin
2025-10-30 21:36:22,944 [INFO] PluginManager:220 - loadIPPluginJar : add linkedlist
2025-10-30 21:36:22,952 [INFO] IPUIPlugin:80 - create IPUIPlugin
2025-10-30 21:36:22,952 [INFO] PluginManager:220 - loadIPPluginJar : add lorawan
2025-10-30 21:36:22,955 [INFO] IPUIPlugin:80 - create IPUIPlugin
2025-10-30 21:36:22,956 [INFO] PluginManager:220 - loadIPPluginJar : add ltdc
2025-10-30 21:36:22,965 [INFO] IPUIPlugin:80 - create IPUIPlugin
2025-10-30 21:36:22,965 [INFO] PluginManager:220 - loadIPPluginJar : add mdma
2025-10-30 21:36:22,972 [INFO] IPUIPlugin:80 - create IPUIPlugin
2025-10-30 21:36:22,972 [INFO] PluginManager:220 - loadIPPluginJar : add nvic
2025-10-30 21:36:22,978 [INFO] IPUIPlugin:80 - create IPUIPlugin
2025-10-30 21:36:22,978 [INFO] PluginManager:220 - loadIPPluginJar : add opamp
2025-10-30 21:36:22,983 [INFO] IPUIPlugin:80 - create IPUIPlugin
2025-10-30 21:36:22,984 [INFO] PluginManager:220 - loadIPPluginJar : add openamp
2025-10-30 21:36:22,988 [INFO] IPUIPlugin:80 - create IPUIPlugin
2025-10-30 21:36:22,988 [INFO] PluginManager:220 - loadIPPluginJar : add pdm2pcm
2025-10-30 21:36:23,000 [INFO] IPUIPlugin:80 - create IPUIPlugin
2025-10-30 21:36:23,004 [INFO] PluginManager:220 - loadIPPluginJar : add plateformsettings
2025-10-30 21:36:23,007 [INFO] IPUIPlugin:80 - create IPUIPlugin
2025-10-30 21:36:23,007 [INFO] PluginManager:220 - loadIPPluginJar : add quadspi
2025-10-30 21:36:23,011 [INFO] IPUIPlugin:80 - create IPUIPlugin
2025-10-30 21:36:23,012 [INFO] PluginManager:220 - loadIPPluginJar : add radio
2025-10-30 21:36:23,023 [INFO] IPUIPlugin:80 - create IPUIPlugin
2025-10-30 21:36:23,024 [INFO] PluginManager:220 - loadIPPluginJar : add resmgrutility
2025-10-30 21:36:23,034 [INFO] IPUIPlugin:80 - create IPUIPlugin
2025-10-30 21:36:23,035 [INFO] PluginManager:220 - loadIPPluginJar : add sai
2025-10-30 21:36:23,044 [INFO] IPUIPlugin:80 - create IPUIPlugin
2025-10-30 21:36:23,044 [INFO] PluginManager:220 - loadIPPluginJar : add spi
2025-10-30 21:36:23,054 [INFO] IPUIPlugin:80 - create IPUIPlugin
2025-10-30 21:36:23,054 [INFO] PluginManager:220 - loadIPPluginJar : add stm32_wpan
2025-10-30 21:36:23,059 [INFO] IPUIPlugin:80 - create IPUIPlugin
2025-10-30 21:36:23,059 [INFO] PluginManager:220 - loadIPPluginJar : add tim
2025-10-30 21:36:23,067 [INFO] IPUIPlugin:80 - create IPUIPlugin
2025-10-30 21:36:23,067 [INFO] PluginManager:220 - loadIPPluginJar : add touchsensing
2025-10-30 21:36:23,072 [INFO] IPUIPlugin:80 - create IPUIPlugin
2025-10-30 21:36:23,072 [INFO] PluginManager:220 - loadIPPluginJar : add tracer_emb
2025-10-30 21:36:23,076 [INFO] IPUIPlugin:80 - create IPUIPlugin
2025-10-30 21:36:23,076 [INFO] PluginManager:220 - loadIPPluginJar : add ts
2025-10-30 21:36:23,079 [INFO] IPUIPlugin:80 - create IPUIPlugin
2025-10-30 21:36:23,079 [INFO] PluginManager:220 - loadIPPluginJar : add tsc
2025-10-30 21:36:23,083 [INFO] IPUIPlugin:80 - create IPUIPlugin
2025-10-30 21:36:23,083 [INFO] PluginManager:220 - loadIPPluginJar : add ucpd
2025-10-30 21:36:23,088 [INFO] IPUIPlugin:80 - create IPUIPlugin
2025-10-30 21:36:23,088 [INFO] PluginManager:220 - loadIPPluginJar : add usart
2025-10-30 21:36:23,094 [INFO] IPUIPlugin:80 - create IPUIPlugin
2025-10-30 21:36:23,094 [INFO] PluginManager:220 - loadIPPluginJar : add usbx
2025-10-30 21:36:23,255 [FATAL] Updater:351 - Updater called before beeing initialized
2025-10-30 21:36:23,300 [INFO] RulesReader:64 - Compatibility file has been processed (301 Rules)
2025-10-30 21:36:23,322 [INFO] RulesReader:64 - Compatibility file has been processed (301 Rules)
2025-10-30 21:36:23,347 [INFO] CADModel:165 - CPN selected for project level
2025-10-30 21:36:23,348 [INFO] CADModel:114 - Register for checkConnection events
2025-10-30 21:36:23,348 [FATAL] Updater:351 - Updater called before beeing initialized
2025-10-30 21:36:23,350 [ERROR] CADModel:125 - Updater not yet initialized, retry later 
2025-10-30 21:36:23,597 [FATAL] Updater:351 - Updater called before beeing initialized
2025-10-30 21:36:23,600 [INFO] CADModel:165 - CPN selected for project level
2025-10-30 21:36:23,600 [INFO] CADModel:114 - Register for checkConnection events
2025-10-30 21:36:23,600 [FATAL] Updater:351 - Updater called before beeing initialized
2025-10-30 21:36:23,600 [ERROR] CADModel:125 - Updater not yet initialized, retry later 
2025-10-30 21:36:23,604 [FATAL] Updater:351 - Updater called before beeing initialized
2025-10-30 21:36:23,785 [FATAL] Updater:351 - Updater called before beeing initialized
2025-10-30 21:36:23,798 [INFO] DbMcusAds:53 - JSON generation date=Thu Oct 02 15:06:05 IST 2025 (1759397765645)
2025-10-30 21:36:23,799 [FATAL] Updater:351 - Updater called before beeing initialized
2025-10-30 21:36:23,885 [WARN] DetailPanel:346 - Failed to get advertising image, set to default
2025-10-30 21:36:24,277 [INFO] ThirdPartyUpdaterWithRetryManager:70 - Updater plugin not ready yet. [2/15]
2025-10-30 21:36:24,541 [FATAL] Updater:351 - Updater called before beeing initialized
2025-10-30 21:36:24,545 [FATAL] Updater:351 - Updater called before beeing initialized
2025-10-30 21:36:24,545 [FATAL] Updater:351 - Updater called before beeing initialized
2025-10-30 21:36:24,546 [WARN] DetailPanel:346 - Failed to get advertising image, set to default
2025-10-30 21:36:24,548 [FATAL] Updater:351 - Updater called before beeing initialized
2025-10-30 21:36:25,508 [ERROR] Updater:1198 - MainUpdater not yet initialized. External WinMGr cannot be set.
2025-10-30 21:36:25,512 [INFO] Updater:1134 - Updater Version found : 6.14.0
2025-10-30 21:36:25,550 [INFO] ApplicationProperties:184 - Using Application install path: C:\ST\STM32CubeIDE_1.18.0\STM32CubeIDE\plugins\com.st.stm32cube.common.mx_6.14.0.202502271554
2025-10-30 21:36:27,147 [ERROR] LogOutputStream:75 - [STDERR_REDIRECT] Oct 30, 2025 9:36:27 PM java.util.prefs.WindowsPreferences <init>
2025-10-30 21:36:27,149 [ERROR] LogOutputStream:75 - [STDERR_REDIRECT] WARNING: Could not open/create prefs root node Software\JavaSoft\Prefs at root 0xffffffff80000002. Windows RegCreateKeyEx(...) returned error code 5.
2025-10-30 21:36:27,149 [ERROR] LogOutputStream:75 - [STDERR_REDIRECT] 
2025-10-30 21:36:27,311 [FATAL] Updater:351 - Updater called before beeing initialized
2025-10-30 21:36:27,321 [ERROR] IntegrityCheckThread:130 - Cannot retrieve database content from updater: error 21
2025-10-30 21:36:27,336 [INFO] ThirdParty:978 - Integrity check success = false
2025-10-30 21:36:27,336 [INFO] IntegrityCheckThread:100 - exiting critical section [integrity check]
2025-10-30 21:36:27,371 [INFO] IntegrityCheckThread:103 - End integrity checks thread
2025-10-30 21:36:27,852 [INFO] MainUpdater:2872 - connection check result : 10
2025-10-30 21:36:27,853 [INFO] MainUpdater:289 - Updater Check For Update Now.
2025-10-30 21:36:27,854 [INFO] MicroXplorer:498 - Change Database Version : DB.6.0.140
2025-10-30 21:36:27,868 [INFO] McuFinderGlobals:63 - Set McuFinder mode to 2 (CubeIDE integrated)
2025-10-30 21:36:27,870 [INFO] UserAuth:486 - Internet connection configuration mode: 1
2025-10-30 21:36:27,978 [INFO] JxBrowserEngine:152 - Initiate JxBrowser Engine with user profile folder
2025-10-30 21:36:28,259 [INFO] CheckServerUpdateThread:120 - End of CheckServer Thread
2025-10-30 21:36:31,137 [INFO] WebApp:169 - Instantiating new browser for Auth
2025-10-30 21:36:33,396 [INFO] WebApp:463 - Apply proxy settings
2025-10-30 21:36:33,397 [INFO] WebApp:548 - Chromium requires no authentication
2025-10-30 21:36:33,453 [INFO] WebApp:491 - Direct internet connection detected
2025-10-30 21:36:33,564 [INFO] WebApp:894 - Register for checkConnection events
2025-10-30 21:36:33,564 [INFO] WebApp:463 - Apply proxy settings
2025-10-30 21:36:33,565 [INFO] WebApp:548 - Chromium requires no authentication
2025-10-30 21:36:33,566 [INFO] WebApp:491 - Direct internet connection detected
2025-10-30 21:36:33,987 [INFO] WebApp:191 - Connection restablished
2025-10-30 21:36:34,463 [INFO] WebApp:225 - Starting web application
2025-10-30 21:36:34,463 [INFO] WebApp:593 - Web application path used C:\ST\STM32CubeIDE_1.18.0\STM32CubeIDE\plugins\com.st.stm32cube.common.mx_6.14.0.202502271554\db\plugins\mcufinder\reactClient1\index.html
2025-10-30 21:36:35,120 [INFO] UserAuth:486 - Internet connection configuration mode: 1
2025-10-30 21:42:16,184 [ERROR] ConfigurationRetriever:142 - IOException on connection: Read timed out
2025-10-30 21:44:40,970 [ERROR] ConfigurationRetriever:142 - IOException on connection: Read timed out
2025-10-30 21:55:35,962 [INFO] WebApp:194 - Connection lost
2025-10-30 21:55:36,614 [INFO] WebApp:191 - Connection restablished
2025-10-30 21:56:34,341 [INFO] WebApp:194 - Connection lost
2025-10-30 21:56:34,622 [INFO] WebApp:191 - Connection restablished
2025-10-30 21:58:26,365 [INFO] WebApp:194 - Connection lost
2025-10-30 21:58:26,619 [INFO] WebApp:191 - Connection restablished
2025-10-30 22:01:39,847 [INFO] WebApp:194 - Connection lost
2025-10-30 22:01:40,118 [INFO] WebApp:191 - Connection restablished
2025-10-30 22:06:27,910 [INFO] WebApp:194 - Connection lost
2025-10-30 22:06:28,220 [INFO] WebApp:191 - Connection restablished
2025-10-30 22:14:36,859 [INFO] WebApp:194 - Connection lost
2025-10-30 22:14:37,109 [INFO] WebApp:191 - Connection restablished
2025-10-30 22:37:30,865 [INFO] WebApp:194 - Connection lost
2025-10-30 22:37:31,105 [INFO] WebApp:191 - Connection restablished
2025-10-30 22:39:23,919 [INFO] WebApp:194 - Connection lost
2025-10-30 22:39:24,218 [INFO] WebApp:191 - Connection restablished
2025-10-30 22:39:53,501 [INFO] WebApp:194 - Connection lost
2025-10-30 22:39:53,796 [INFO] WebApp:191 - Connection restablished
2025-10-30 22:48:55,411 [INFO] WebApp:194 - Connection lost
2025-10-30 22:48:55,676 [INFO] WebApp:191 - Connection restablished
2025-10-30 23:03:41,870 [INFO] WebApp:194 - Connection lost
2025-10-30 23:03:43,148 [INFO] WebApp:191 - Connection restablished
2025-10-30 23:04:24,874 [INFO] WebApp:194 - Connection lost
2025-10-30 23:04:25,128 [INFO] WebApp:191 - Connection restablished
2025-10-30 23:08:55,883 [INFO] WebApp:194 - Connection lost
2025-10-30 23:08:56,154 [INFO] WebApp:191 - Connection restablished
2025-10-30 23:12:15,371 [INFO] WebApp:194 - Connection lost
2025-10-30 23:12:15,648 [INFO] WebApp:191 - Connection restablished
2025-10-30 23:22:51,359 [INFO] WebApp:194 - Connection lost
2025-10-30 23:22:51,635 [INFO] WebApp:191 - Connection restablished
2025-10-30 23:24:38,328 [ERROR] LogOutputStream:75 - [STDERR_REDIRECT] 
2025-10-30 23:24:38,329 [ERROR] LogOutputStream:75 - [STDERR_REDIRECT] 
