2025-11-08 18:02:41,960 [INFO] Activator:176 - 


2025-11-08 18:02:41,967 [INFO] Activator:177 - !SESSION log4j initialized
2025-11-08 18:02:55,159 [INFO] LogOutputStream:77 - [STDOUT_REDIRECT] 
2025-11-08 18:02:58,269 [INFO] ApplicationProperties:184 - Using Application install path: C:\ST\STM32CubeIDE_1.18.0\STM32CubeIDE\plugins\com.st.stm32cube.common.mx_6.14.0.202502271554
2025-11-08 18:02:58,310 [INFO] DbMcusXml:78 - Set database path to: C:\ST\STM32CubeIDE_1.18.0\STM32CubeIDE\plugins\com.st.stm32cube.common.mx_6.14.0.202502271554\\db\/mcu/
2025-11-08 18:02:58,310 [INFO] ApiDb:274 - Set plugin database path to: C:\ST\STM32CubeIDE_1.18.0\STM32CubeIDE\plugins\com.st.stm32cube.common.mx_6.14.0.202502271554\\db\/plugins/boardmanager/
2025-11-08 18:02:58,312 [WARN] ApiDb:259 - Overriding images path with different value:  => C:\ST\STM32CubeIDE_1.18.0\STM32CubeIDE\plugins\com.st.stm32cube.common.mx_6.14.0.202502271554\\db\/plugins/mcufinder/images/
2025-11-08 18:02:58,327 [INFO] ApiDb:250 - Set database path to: C:\Users\user\.stmcufinder\plugins\mcufinder//mcu/
2025-11-08 18:02:58,329 [INFO] DbMcusAds:125 - Set database path to: C:\Users\user\.stmcufinder\plugins\mcufinder//mcu/
2025-11-08 18:02:58,334 [INFO] CrossReferenceDbSqlite:203 - Set database path to: C:\Users\user\.stmcufinder\plugins\mcufinder//mcu/cs/
2025-11-08 18:02:58,705 [INFO] RulesReader:64 - Compatibility file has been processed (301 Rules)
2025-11-08 18:02:58,985 [INFO] DbMcusXml:78 - Set database path to: C:\ST\STM32CubeIDE_1.18.0\STM32CubeIDE\plugins\com.st.stm32cube.common.mx_6.14.0.202502271554\\db\/mcu/
2025-11-08 18:02:58,986 [INFO] ApiDb:274 - Set plugin database path to: C:\ST\STM32CubeIDE_1.18.0\STM32CubeIDE\plugins\com.st.stm32cube.common.mx_6.14.0.202502271554\\db\/plugins/boardmanager/
2025-11-08 18:02:58,986 [INFO] ApiDb:261 - Set plugin images path to: C:\ST\STM32CubeIDE_1.18.0\STM32CubeIDE\plugins\com.st.stm32cube.common.mx_6.14.0.202502271554\\db\/plugins/mcufinder/images/
2025-11-08 18:02:58,986 [WARN] DbFile:41 - Overriding database path with different value: C:\Users\user\.stmcufinder\plugins\mcufinder/ => C:\Users\user\.stmcufinder\plugins\mcufinder
2025-11-08 18:02:58,986 [INFO] ApiDb:250 - Set database path to: C:\Users\user\.stmcufinder\plugins\mcufinder//mcu/
2025-11-08 18:02:58,986 [WARN] DbFile:41 - Overriding database path with different value: C:\Users\user\.stmcufinder\plugins\mcufinder/ => C:\Users\user\.stmcufinder\plugins\mcufinder
2025-11-08 18:02:58,986 [INFO] DbMcusAds:125 - Set database path to: C:\Users\user\.stmcufinder\plugins\mcufinder//mcu/
2025-11-08 18:02:58,986 [WARN] DbFile:41 - Overriding database path with different value: C:\Users\user\.stmcufinder\plugins\mcufinder/ => C:\Users\user\.stmcufinder\plugins\mcufinder
2025-11-08 18:02:58,987 [WARN] DbFile:41 - Overriding database path with different value: C:\Users\user\.stmcufinder\plugins\mcufinder/ => C:\Users\user\.stmcufinder\plugins\mcufinder
2025-11-08 18:02:58,987 [INFO] CrossReferenceDbSqlite:203 - Set database path to: C:\Users\user\.stmcufinder\plugins\mcufinder//mcu/cs/
2025-11-08 18:02:59,142 [INFO] MainPanel:272 - HeapMemory: 268435456
2025-11-08 18:02:59,537 [INFO] DbMcusXml:78 - Set database path to: C:\ST\STM32CubeIDE_1.18.0\STM32CubeIDE\plugins\com.st.stm32cube.common.mx_6.14.0.202502271554\\db\/mcu/
2025-11-08 18:02:59,538 [INFO] ApiDb:274 - Set plugin database path to: C:\ST\STM32CubeIDE_1.18.0\STM32CubeIDE\plugins\com.st.stm32cube.common.mx_6.14.0.202502271554\\db\/plugins/boardmanager/
2025-11-08 18:02:59,538 [INFO] ApiDb:261 - Set plugin images path to: C:\ST\STM32CubeIDE_1.18.0\STM32CubeIDE\plugins\com.st.stm32cube.common.mx_6.14.0.202502271554\\db\/plugins/mcufinder/images/
2025-11-08 18:02:59,538 [WARN] DbFile:41 - Overriding database path with different value: C:\Users\user\.stmcufinder\plugins\mcufinder/ => C:\Users\user\.stmcufinder\plugins\mcufinder
2025-11-08 18:02:59,539 [INFO] ApiDb:250 - Set database path to: C:\Users\user\.stmcufinder\plugins\mcufinder//mcu/
2025-11-08 18:02:59,539 [WARN] DbFile:41 - Overriding database path with different value: C:\Users\user\.stmcufinder\plugins\mcufinder/ => C:\Users\user\.stmcufinder\plugins\mcufinder
2025-11-08 18:02:59,539 [INFO] DbMcusAds:125 - Set database path to: C:\Users\user\.stmcufinder\plugins\mcufinder//mcu/
2025-11-08 18:02:59,539 [WARN] DbFile:41 - Overriding database path with different value: C:\Users\user\.stmcufinder\plugins\mcufinder/ => C:\Users\user\.stmcufinder\plugins\mcufinder
2025-11-08 18:02:59,539 [WARN] DbFile:41 - Overriding database path with different value: C:\Users\user\.stmcufinder\plugins\mcufinder/ => C:\Users\user\.stmcufinder\plugins\mcufinder
2025-11-08 18:02:59,540 [INFO] CrossReferenceDbSqlite:203 - Set database path to: C:\Users\user\.stmcufinder\plugins\mcufinder//mcu/cs/
2025-11-08 18:02:59,591 [INFO] ApplicationProperties:184 - Using Application install path: C:\ST\STM32CubeIDE_1.18.0\STM32CubeIDE\plugins\com.st.stm32cube.common.mx_6.14.0.202502271554
2025-11-08 18:02:59,594 [INFO] PluginManage:196 - Search for loadable plugins [exclusion list=, ]
2025-11-08 18:02:59,598 [INFO] PluginManage:310 - Check plugin analytics
2025-11-08 18:03:00,220 [INFO] AnalyticsPlugin:253 - Accepted Software Licenses: 
2025-11-08 18:03:00,221 [INFO] AnalyticsPlugin:255 - Accepted CMSIS Pack Licenses: 
2025-11-08 18:03:00,221 [INFO] AnalyticsPlugin:257 - Accepted Firmware Licenses: FW.F4.1.28.0,FW.G0.1.6.0
2025-11-08 18:03:00,226 [INFO] PluginManage:359 - Loaded plugin analytics (category:tool,tabindex:-1)
2025-11-08 18:03:00,226 [INFO] PluginManage:310 - Check plugin cadmodel
2025-11-08 18:03:00,246 [INFO] CADModel:105 - Init CAD model plugin
2025-11-08 18:03:00,246 [INFO] PluginManage:359 - Loaded plugin cadmodel (category:power,tabindex:5)
2025-11-08 18:03:00,246 [INFO] PluginManage:310 - Check plugin clock
2025-11-08 18:03:00,265 [INFO] PluginManage:359 - Loaded plugin clock (category:base,tabindex:2)
2025-11-08 18:03:00,266 [INFO] PluginManage:310 - Check plugin ddr
2025-11-08 18:03:00,272 [INFO] PluginManage:359 - Loaded plugin ddr (category:tool,tabindex:6)
2025-11-08 18:03:00,272 [INFO] PluginManage:310 - Check plugin filemanager
2025-11-08 18:03:00,576 [INFO] PluginManage:359 - Loaded plugin filemanager (category:base,tabindex:10)
2025-11-08 18:03:00,576 [INFO] PluginManage:310 - Check plugin ipmanager
2025-11-08 18:03:00,590 [INFO] PluginManage:359 - Loaded plugin ipmanager (category:base,tabindex:5)
2025-11-08 18:03:00,590 [INFO] PluginManage:310 - Check plugin lpbam
2025-11-08 18:03:00,606 [INFO] PluginManage:359 - Loaded plugin lpbam (category:base,tabindex:0)
2025-11-08 18:03:00,606 [INFO] PluginManage:310 - Check plugin memorymap
2025-11-08 18:03:00,659 [INFO] PluginManage:359 - Loaded plugin memorymap (category:base,tabindex:4)
2025-11-08 18:03:00,659 [INFO] PluginManage:310 - Check plugin pinoutandconfiguration
2025-11-08 18:03:00,683 [INFO] PluginManage:359 - Loaded plugin pinoutandconfiguration (category:base,tabindex:1)
2025-11-08 18:03:00,684 [INFO] PluginManage:310 - Check plugin pinoutconfig
2025-11-08 18:03:00,920 [WARN] SupportedApi:132 - Cannot load RTOS API schema: s4s-elt-must-match.1: The content of 'definitions' must match (annotation?, (simpleType | complexType)?, (unique | key | keyref)*)). A problem was found starting at: attribute.
2025-11-08 18:03:01,297 [INFO] PluginManage:359 - Loaded plugin pinoutconfig (category:base,tabindex:0)
2025-11-08 18:03:01,297 [INFO] PluginManage:310 - Check plugin power
2025-11-08 18:03:01,321 [INFO] PluginManage:359 - Loaded plugin power (category:power,tabindex:4)
2025-11-08 18:03:01,322 [INFO] PluginManage:310 - Check plugin projectmanager
2025-11-08 18:03:01,362 [INFO] PluginManage:359 - Loaded plugin projectmanager (category:projectmanager,tabindex:4)
2025-11-08 18:03:01,362 [INFO] PluginManage:310 - Check plugin rif
2025-11-08 18:03:01,379 [INFO] PluginManage:359 - Loaded plugin rif (category:base,tabindex:3)
2025-11-08 18:03:01,379 [INFO] PluginManage:310 - Check plugin thirdparty
2025-11-08 18:03:01,667 [INFO] PluginManage:359 - Loaded plugin thirdparty (category:base,tabindex:-1)
2025-11-08 18:03:01,667 [WARN] IntegrityCheckThread:84 - waiting for thirdparty lock release [integrity check]
2025-11-08 18:03:01,668 [INFO] IntegrityCheckThread:86 - entering critical section [integrity check]
2025-11-08 18:03:01,668 [INFO] PluginManage:310 - Check plugin tools
2025-11-08 18:03:01,668 [INFO] ThirdPartyUpdaterWithRetryManager:70 - Updater plugin not ready yet. [1/15]
2025-11-08 18:03:01,674 [INFO] PluginManage:359 - Loaded plugin tools (category:base,tabindex:7)
2025-11-08 18:03:01,674 [INFO] PluginManage:310 - Check plugin tutovideos
2025-11-08 18:03:02,012 [INFO] PluginManage:359 - Loaded plugin tutovideos (category:base,tabindex:-1)
2025-11-08 18:03:02,012 [INFO] PluginManage:310 - Check plugin updater
2025-11-08 18:03:02,070 [INFO] PluginManage:359 - Loaded plugin updater (category:base,tabindex:12)
2025-11-08 18:03:02,071 [INFO] PluginManage:310 - Check plugin userauth
2025-11-08 18:03:02,085 [INFO] UserAuth:118 - Init User Auth plugin
2025-11-08 18:03:02,086 [INFO] PluginManage:359 - Loaded plugin userauth (category:base,tabindex:14)
2025-11-08 18:03:02,087 [INFO] PluginManage:283 - PluginManage : Loaded plugins [18]
2025-11-08 18:03:02,637 [INFO] PinOutPanel:1589 - setPackage(No Configuration,No Configuration)
2025-11-08 18:03:02,773 [INFO] CADModel:165 - CPN selected for project level
2025-11-08 18:03:02,774 [INFO] CADModel:114 - Register for checkConnection events
2025-11-08 18:03:02,806 [INFO] IPUIPlugin:80 - create IPUIPlugin
2025-11-08 18:03:02,806 [INFO] PluginManager:220 - loadIPPluginJar : add adc
2025-11-08 18:03:02,812 [INFO] IPUIPlugin:80 - create IPUIPlugin
2025-11-08 18:03:02,813 [INFO] PluginManager:220 - loadIPPluginJar : add aes
2025-11-08 18:03:02,819 [INFO] IPUIPlugin:80 - create IPUIPlugin
2025-11-08 18:03:02,820 [INFO] PluginManager:220 - loadIPPluginJar : add can
2025-11-08 18:03:02,823 [INFO] IPUIPlugin:80 - create IPUIPlugin
2025-11-08 18:03:02,823 [INFO] PluginManager:220 - loadIPPluginJar : add comp
2025-11-08 18:03:02,828 [INFO] IPUIPlugin:80 - create IPUIPlugin
2025-11-08 18:03:02,828 [INFO] PluginManager:220 - loadIPPluginJar : add cryp
2025-11-08 18:03:02,834 [INFO] IPUIPlugin:80 - create IPUIPlugin
2025-11-08 18:03:02,834 [INFO] PluginManager:220 - loadIPPluginJar : add ddr_ctrl_phy
2025-11-08 18:03:02,838 [INFO] IPUIPlugin:80 - create IPUIPlugin
2025-11-08 18:03:02,838 [INFO] PluginManager:220 - loadIPPluginJar : add dfsdm
2025-11-08 18:03:02,846 [INFO] IPUIPlugin:80 - create IPUIPlugin
2025-11-08 18:03:02,846 [INFO] PluginManager:220 - loadIPPluginJar : add dma
2025-11-08 18:03:02,851 [INFO] IPUIPlugin:80 - create IPUIPlugin
2025-11-08 18:03:02,851 [INFO] PluginManager:220 - loadIPPluginJar : add dma3
2025-11-08 18:03:02,856 [INFO] IPUIPlugin:80 - create IPUIPlugin
2025-11-08 18:03:02,856 [INFO] PluginManager:220 - loadIPPluginJar : add extmemmanager
2025-11-08 18:03:02,860 [INFO] IPUIPlugin:80 - create IPUIPlugin
2025-11-08 18:03:02,860 [INFO] PluginManager:220 - loadIPPluginJar : add fatfs
2025-11-08 18:03:02,866 [INFO] IPUIPlugin:80 - create IPUIPlugin
2025-11-08 18:03:02,866 [INFO] PluginManager:220 - loadIPPluginJar : add fmc
2025-11-08 18:03:02,875 [INFO] IPUIPlugin:80 - create IPUIPlugin
2025-11-08 18:03:02,875 [INFO] PluginManager:220 - loadIPPluginJar : add freertos
2025-11-08 18:03:02,878 [INFO] IPUIPlugin:80 - create IPUIPlugin
2025-11-08 18:03:02,878 [INFO] PluginManager:220 - loadIPPluginJar : add genericplugin
2025-11-08 18:03:02,882 [INFO] IPUIPlugin:80 - create IPUIPlugin
2025-11-08 18:03:02,882 [INFO] PluginManager:220 - loadIPPluginJar : add gfxmmu
2025-11-08 18:03:02,892 [INFO] IPUIPlugin:80 - create IPUIPlugin
2025-11-08 18:03:02,892 [INFO] PluginManager:220 - loadIPPluginJar : add gic
2025-11-08 18:03:02,900 [INFO] IPUIPlugin:80 - create IPUIPlugin
2025-11-08 18:03:02,900 [INFO] PluginManager:220 - loadIPPluginJar : add gpio
2025-11-08 18:03:02,910 [INFO] IPUIPlugin:80 - create IPUIPlugin
2025-11-08 18:03:02,911 [INFO] PluginManager:220 - loadIPPluginJar : add gtzc
2025-11-08 18:03:02,920 [INFO] IPUIPlugin:80 - create IPUIPlugin
2025-11-08 18:03:02,920 [INFO] PluginManager:220 - loadIPPluginJar : add hash
2025-11-08 18:03:02,925 [INFO] IPUIPlugin:80 - create IPUIPlugin
2025-11-08 18:03:02,925 [INFO] PluginManager:220 - loadIPPluginJar : add i2c
2025-11-08 18:03:02,930 [INFO] IPUIPlugin:80 - create IPUIPlugin
2025-11-08 18:03:02,931 [INFO] PluginManager:220 - loadIPPluginJar : add i2s
2025-11-08 18:03:02,937 [INFO] IPUIPlugin:80 - create IPUIPlugin
2025-11-08 18:03:02,938 [INFO] PluginManager:220 - loadIPPluginJar : add i3c
2025-11-08 18:03:02,951 [INFO] IPUIPlugin:80 - create IPUIPlugin
2025-11-08 18:03:02,952 [INFO] PluginManager:220 - loadIPPluginJar : add ipddr
2025-11-08 18:03:02,968 [INFO] IPUIPlugin:80 - create IPUIPlugin
2025-11-08 18:03:02,969 [INFO] PluginManager:220 - loadIPPluginJar : add linkedlist
2025-11-08 18:03:02,974 [INFO] IPUIPlugin:80 - create IPUIPlugin
2025-11-08 18:03:02,975 [INFO] PluginManager:220 - loadIPPluginJar : add lorawan
2025-11-08 18:03:02,979 [INFO] IPUIPlugin:80 - create IPUIPlugin
2025-11-08 18:03:02,979 [INFO] PluginManager:220 - loadIPPluginJar : add ltdc
2025-11-08 18:03:02,991 [INFO] IPUIPlugin:80 - create IPUIPlugin
2025-11-08 18:03:02,991 [INFO] PluginManager:220 - loadIPPluginJar : add mdma
2025-11-08 18:03:02,997 [INFO] IPUIPlugin:80 - create IPUIPlugin
2025-11-08 18:03:02,997 [INFO] PluginManager:220 - loadIPPluginJar : add nvic
2025-11-08 18:03:03,001 [INFO] IPUIPlugin:80 - create IPUIPlugin
2025-11-08 18:03:03,001 [INFO] PluginManager:220 - loadIPPluginJar : add opamp
2025-11-08 18:03:03,005 [INFO] IPUIPlugin:80 - create IPUIPlugin
2025-11-08 18:03:03,005 [INFO] PluginManager:220 - loadIPPluginJar : add openamp
2025-11-08 18:03:03,012 [INFO] IPUIPlugin:80 - create IPUIPlugin
2025-11-08 18:03:03,012 [INFO] PluginManager:220 - loadIPPluginJar : add pdm2pcm
2025-11-08 18:03:03,019 [INFO] IPUIPlugin:80 - create IPUIPlugin
2025-11-08 18:03:03,021 [INFO] PluginManager:220 - loadIPPluginJar : add plateformsettings
2025-11-08 18:03:03,023 [INFO] IPUIPlugin:80 - create IPUIPlugin
2025-11-08 18:03:03,023 [INFO] PluginManager:220 - loadIPPluginJar : add quadspi
2025-11-08 18:03:03,026 [INFO] IPUIPlugin:80 - create IPUIPlugin
2025-11-08 18:03:03,027 [INFO] PluginManager:220 - loadIPPluginJar : add radio
2025-11-08 18:03:03,032 [INFO] IPUIPlugin:80 - create IPUIPlugin
2025-11-08 18:03:03,033 [INFO] PluginManager:220 - loadIPPluginJar : add resmgrutility
2025-11-08 18:03:03,038 [INFO] IPUIPlugin:80 - create IPUIPlugin
2025-11-08 18:03:03,038 [INFO] PluginManager:220 - loadIPPluginJar : add sai
2025-11-08 18:03:03,046 [INFO] IPUIPlugin:80 - create IPUIPlugin
2025-11-08 18:03:03,046 [INFO] PluginManager:220 - loadIPPluginJar : add spi
2025-11-08 18:03:03,056 [INFO] IPUIPlugin:80 - create IPUIPlugin
2025-11-08 18:03:03,056 [INFO] PluginManager:220 - loadIPPluginJar : add stm32_wpan
2025-11-08 18:03:03,060 [INFO] IPUIPlugin:80 - create IPUIPlugin
2025-11-08 18:03:03,060 [INFO] PluginManager:220 - loadIPPluginJar : add tim
2025-11-08 18:03:03,066 [INFO] IPUIPlugin:80 - create IPUIPlugin
2025-11-08 18:03:03,067 [INFO] PluginManager:220 - loadIPPluginJar : add touchsensing
2025-11-08 18:03:03,071 [INFO] IPUIPlugin:80 - create IPUIPlugin
2025-11-08 18:03:03,071 [INFO] PluginManager:220 - loadIPPluginJar : add tracer_emb
2025-11-08 18:03:03,075 [INFO] IPUIPlugin:80 - create IPUIPlugin
2025-11-08 18:03:03,198 [INFO] PluginManager:220 - loadIPPluginJar : add ts
2025-11-08 18:03:03,209 [INFO] IPUIPlugin:80 - create IPUIPlugin
2025-11-08 18:03:03,210 [INFO] PluginManager:220 - loadIPPluginJar : add tsc
2025-11-08 18:03:03,215 [INFO] IPUIPlugin:80 - create IPUIPlugin
2025-11-08 18:03:03,215 [INFO] PluginManager:220 - loadIPPluginJar : add ucpd
2025-11-08 18:03:03,220 [INFO] IPUIPlugin:80 - create IPUIPlugin
2025-11-08 18:03:03,220 [INFO] PluginManager:220 - loadIPPluginJar : add usart
2025-11-08 18:03:03,227 [INFO] IPUIPlugin:80 - create IPUIPlugin
2025-11-08 18:03:03,227 [INFO] PluginManager:220 - loadIPPluginJar : add usbx
2025-11-08 18:03:03,540 [FATAL] Updater:351 - Updater called before beeing initialized
2025-11-08 18:03:03,586 [INFO] RulesReader:64 - Compatibility file has been processed (301 Rules)
2025-11-08 18:03:03,618 [INFO] RulesReader:64 - Compatibility file has been processed (301 Rules)
2025-11-08 18:03:03,631 [INFO] CADModel:165 - CPN selected for project level
2025-11-08 18:03:03,631 [INFO] CADModel:114 - Register for checkConnection events
2025-11-08 18:03:03,631 [FATAL] Updater:351 - Updater called before beeing initialized
2025-11-08 18:03:03,631 [ERROR] CADModel:125 - Updater not yet initialized, retry later 
2025-11-08 18:03:04,144 [FATAL] Updater:351 - Updater called before beeing initialized
2025-11-08 18:03:04,147 [INFO] CADModel:165 - CPN selected for project level
2025-11-08 18:03:04,147 [INFO] CADModel:114 - Register for checkConnection events
2025-11-08 18:03:04,148 [FATAL] Updater:351 - Updater called before beeing initialized
2025-11-08 18:03:04,148 [ERROR] CADModel:125 - Updater not yet initialized, retry later 
2025-11-08 18:03:04,153 [FATAL] Updater:351 - Updater called before beeing initialized
2025-11-08 18:03:04,460 [FATAL] Updater:351 - Updater called before beeing initialized
2025-11-08 18:03:04,464 [INFO] DbMcusAds:53 - JSON generation date=Thu Oct 02 15:06:05 IST 2025 (1759397765645)
2025-11-08 18:03:04,465 [FATAL] Updater:351 - Updater called before beeing initialized
2025-11-08 18:03:04,540 [WARN] DetailPanel:346 - Failed to get advertising image, set to default
2025-11-08 18:03:04,669 [INFO] ThirdPartyUpdaterWithRetryManager:70 - Updater plugin not ready yet. [2/15]
2025-11-08 18:03:05,112 [FATAL] Updater:351 - Updater called before beeing initialized
2025-11-08 18:03:05,115 [FATAL] Updater:351 - Updater called before beeing initialized
2025-11-08 18:03:05,115 [FATAL] Updater:351 - Updater called before beeing initialized
2025-11-08 18:03:05,115 [WARN] DetailPanel:346 - Failed to get advertising image, set to default
2025-11-08 18:03:05,117 [FATAL] Updater:351 - Updater called before beeing initialized
2025-11-08 18:03:05,294 [ERROR] Updater:1198 - MainUpdater not yet initialized. External WinMGr cannot be set.
2025-11-08 18:03:05,297 [INFO] Updater:1134 - Updater Version found : 6.14.0
2025-11-08 18:03:05,339 [INFO] ApplicationProperties:184 - Using Application install path: C:\ST\STM32CubeIDE_1.18.0\STM32CubeIDE\plugins\com.st.stm32cube.common.mx_6.14.0.202502271554
2025-11-08 18:03:06,919 [ERROR] LogOutputStream:75 - [STDERR_REDIRECT] Nov 08, 2025 6:03:06 PM java.util.prefs.WindowsPreferences <init>
2025-11-08 18:03:06,923 [ERROR] LogOutputStream:75 - [STDERR_REDIRECT] WARNING: Could not open/create prefs root node Software\JavaSoft\Prefs at root 0xffffffff80000002. Windows RegCreateKeyEx(...) returned error code 5.
2025-11-08 18:03:06,923 [ERROR] LogOutputStream:75 - [STDERR_REDIRECT] 
2025-11-08 18:03:07,657 [INFO] MainUpdater:2872 - connection check result : 10
2025-11-08 18:03:07,658 [INFO] MainUpdater:289 - Updater Check For Update Now.
2025-11-08 18:03:07,659 [INFO] MicroXplorer:498 - Change Database Version : DB.6.0.140
2025-11-08 18:03:07,684 [WARN] MainUpdater:1193 - Updater busy. Cannot search thirdparties
2025-11-08 18:03:07,685 [INFO] ThirdPartyUpdaterWithRetryManager:96 - Updater plugin is busy. [1/15]
2025-11-08 18:03:07,703 [INFO] McuFinderGlobals:63 - Set McuFinder mode to 2 (CubeIDE integrated)
2025-11-08 18:03:07,704 [INFO] UserAuth:486 - Internet connection configuration mode: 1
2025-11-08 18:03:07,756 [INFO] JxBrowserEngine:152 - Initiate JxBrowser Engine with user profile folder
2025-11-08 18:03:07,944 [INFO] CheckServerUpdateThread:120 - End of CheckServer Thread
2025-11-08 18:03:10,652 [INFO] WebApp:169 - Instantiating new browser for Auth
2025-11-08 18:03:11,434 [WARN] PackLoader:240 - Cannot read IP mode file for STMicroelectronics.FP-SNS-MOTENVWB1.1.4.0
2025-11-08 18:03:11,455 [WARN] PackLoader:240 - Cannot read IP mode file for STMicroelectronics.FP-ATR-ASTRA1.2.0.2
2025-11-08 18:03:11,477 [WARN] PackLoader:240 - Cannot read IP mode file for STMicroelectronics.X-CUBE-SMBUS.2.1.0
2025-11-08 18:03:11,488 [WARN] PackLoader:240 - Cannot read IP mode file for STMicroelectronics.X-CUBE-ST60.1.0.0
2025-11-08 18:03:11,600 [WARN] PackLoader:240 - Cannot read IP mode file for STMicroelectronics.X-CUBE-AZRTOS-F7.1.1.0
2025-11-08 18:03:11,614 [ERROR] Engine:466 - C:\Users\user\.stm32cubemx\thirdparties\pdsc\STMicroelectronics.FP-SNS-MOTENV1.5.1.0.pdsc: PDSC version is not supported
2025-11-08 18:03:11,670 [WARN] PackLoader:240 - Cannot read IP mode file for Infineon.AIROC-Wi-Fi-Bluetooth-STM32.1.7.1
2025-11-08 18:03:11,752 [WARN] PackLoader:240 - Cannot read IP mode file for STMicroelectronics.X-CUBE-AZRTOS-H7.3.4.0
2025-11-08 18:03:11,775 [WARN] PackLoader:240 - Cannot read IP mode file for STMicroelectronics.X-CUBE-DISPLAY.3.0.0
2025-11-08 18:03:11,797 [WARN] PackLoader:240 - Cannot read IP mode file for STMicroelectronics.X-CUBE-NFC10.1.0.0
2025-11-08 18:03:11,806 [WARN] PackLoader:240 - Cannot read IP mode file for STMicroelectronics.X-CUBE-ST60.1.1.0
2025-11-08 18:03:11,817 [WARN] PackLoader:240 - Cannot read IP mode file for emotas.I-CUBE-CANOPEN.1.3.0
2025-11-08 18:03:11,852 [WARN] PackLoader:240 - Cannot read IP mode file for STMicroelectronics.X-CUBE-GNSS1.7.1.0
2025-11-08 18:03:11,862 [ERROR] Engine:466 - C:\Users\user\.stm32cubemx\thirdparties\pdsc\STMicroelectronics.FP-SNS-STBOX1.2.1.0.pdsc: PDSC version is not supported
2025-11-08 18:03:11,868 [WARN] PackLoader:240 - Cannot read IP mode file for STMicroelectronics.FP-SNS-SMARTAG2.1.2.0
2025-11-08 18:03:11,875 [WARN] PackLoader:240 - Cannot read IP mode file for STMicroelectronics.FP-SNS-FLIGHT1.5.1.0
2025-11-08 18:03:11,889 [INFO] LogOutputStream:77 - [STDOUT_REDIRECT] 1 : Invalid condition id : UX_CORESTACK_Condition cause : null
2025-11-08 18:03:11,890 [INFO] LogOutputStream:77 - [STDOUT_REDIRECT] 1 : Invalid condition id : UX_CORESTACK_Condition cause : null
2025-11-08 18:03:11,892 [INFO] LogOutputStream:77 - [STDOUT_REDIRECT] 1 : Invalid condition id : UX_CORESTACK_Condition cause : null
2025-11-08 18:03:11,894 [INFO] LogOutputStream:77 - [STDOUT_REDIRECT] 1 : Invalid condition id : UX_CORESTACK_Condition cause : null
2025-11-08 18:03:11,896 [INFO] LogOutputStream:77 - [STDOUT_REDIRECT] 1 : Invalid condition id : UX_CORESTACK_Condition cause : null
2025-11-08 18:03:11,901 [WARN] PackLoader:240 - Cannot read IP mode file for STMicroelectronics.X-CUBE-AZRTOS-WL.2.0.0
2025-11-08 18:03:11,909 [WARN] PackLoader:240 - Cannot read IP mode file for STMicroelectronics.FP-SNS-MOTENV1.5.0.0
2025-11-08 18:03:11,923 [WARN] PackLoader:240 - Cannot read IP mode file for WES.I-CUBE-Cesium.1.3.0
2025-11-08 18:03:11,932 [WARN] PackLoader:240 - Cannot read IP mode file for STMicroelectronics.X-CUBE-BLE2.3.3.0
2025-11-08 18:03:11,942 [WARN] PackLoader:240 - Cannot read IP mode file for STMicroelectronics.X-CUBE-NFC9.1.0.0
2025-11-08 18:03:11,952 [WARN] PackLoader:240 - Cannot read IP mode file for wolfSSL.I-CUBE-wolfSSL.5.8.2
2025-11-08 18:03:11,981 [WARN] PackLoader:240 - Cannot read IP mode file for STMicroelectronics.X-CUBE-BLE1.7.1.0
2025-11-08 18:03:11,987 [WARN] PackLoader:240 - Cannot read IP mode file for wolfSSL.I-CUBE-wolfMQTT.1.19.2
2025-11-08 18:03:11,996 [WARN] PackLoader:240 - Cannot read IP mode file for STMicroelectronics.X-CUBE-EEPRMA1.5.2.0
2025-11-08 18:03:12,003 [ERROR] Engine:466 - C:\Users\user\.stm32cubemx\thirdparties\pdsc\STMicroelectronics.X-CUBE-ST67W61.1.1.0.pdsc: PDSC version is not supported
2025-11-08 18:03:12,009 [WARN] PackLoader:240 - Cannot read IP mode file for STMicroelectronics.X-CUBE-AI.10.1.0
2025-11-08 18:03:12,142 [WARN] PackLoader:240 - Cannot read IP mode file for STMicroelectronics.X-CUBE-AZRTOS-G0.1.1.0
2025-11-08 18:03:12,275 [WARN] PackLoader:240 - Cannot read IP mode file for STMicroelectronics.X-CUBE-SAFEA1.1.2.2
2025-11-08 18:03:12,287 [WARN] PackLoader:240 - Cannot read IP mode file for STMicroelectronics.X-CUBE-NFC4.3.0.0
2025-11-08 18:03:12,302 [WARN] PackLoader:240 - Cannot read IP mode file for EmbeddedOffice.I-CUBE-FS-RTOS.1.0.1
2025-11-08 18:03:12,312 [WARN] PackLoader:240 - Cannot read IP mode file for STMicroelectronics.X-CUBE-WB05N.2.0.0
2025-11-08 18:03:12,604 [WARN] PackLoader:240 - Cannot read IP mode file for wolfSSL.I-CUBE-wolfTPM.3.8.0
2025-11-08 18:03:12,616 [WARN] PackLoader:240 - Cannot read IP mode file for STMicroelectronics.X-CUBE-TCPP.4.2.0
2025-11-08 18:03:12,625 [WARN] PackLoader:240 - Cannot read IP mode file for RealThread.X-CUBE-RT-Thread_Nano.4.1.1
2025-11-08 18:03:12,632 [WARN] PackLoader:240 - Cannot read IP mode file for STMicroelectronics.FP-ATR-SIGFOX1.3.2.0
2025-11-08 18:03:12,641 [WARN] PackLoader:240 - Cannot read IP mode file for ITTIA_DB.I-CUBE-ITTIADB.8.9.0
2025-11-08 18:03:12,649 [WARN] PackLoader:240 - Cannot read IP mode file for STMicroelectronics.X-CUBE-ST67W61.1.0.0
2025-11-08 18:03:12,654 [WARN] PackLoader:240 - Cannot read IP mode file for STMicroelectronics.X-CUBE-AI.10.2.0
2025-11-08 18:03:12,690 [WARN] PackLoader:240 - Cannot read IP mode file for SEGGER.I-CUBE-embOS.1.3.1
2025-11-08 18:03:12,793 [WARN] PackLoader:240 - Cannot read IP mode file for STMicroelectronics.X-CUBE-ALGOBUILD.1.4.0
2025-11-08 18:03:12,864 [WARN] PackLoader:240 - Cannot read IP mode file for STMicroelectronics.X-CUBE-MEMS1.11.3.0
2025-11-08 18:03:13,073 [WARN] PackLoader:240 - Cannot read IP mode file for STMicroelectronics.X-CUBE-PM33A1.1.0.0
2025-11-08 18:03:13,094 [WARN] PackLoader:240 - Cannot read IP mode file for STMicroelectronics.X-CUBE-AZRTOS-F4.1.1.0
2025-11-08 18:03:13,103 [WARN] PackLoader:240 - Cannot read IP mode file for STMicroelectronics.X-CUBE-ISPU.2.1.0
2025-11-08 18:03:13,111 [ERROR] Engine:466 - C:\Users\user\.stm32cubemx\thirdparties\pdsc\STMicroelectronics.X-CUBE-IPS.3.2.0.pdsc: PDSC version is not supported
2025-11-08 18:03:13,120 [WARN] PackLoader:240 - Cannot read IP mode file for STMicroelectronics.X-CUBE-NFC12.1.0.0
2025-11-08 18:03:13,141 [WARN] PackLoader:240 - Cannot read IP mode file for STMicroelectronics.X-CUBE-AZRTOS-L5.2.0.0
2025-11-08 18:03:13,155 [WARN] PackLoader:240 - Cannot read IP mode file for STMicroelectronics.X-CUBE-NFC6.3.1.0
2025-11-08 18:03:13,167 [WARN] PackLoader:240 - Cannot read IP mode file for STMicroelectronics.X-CUBE-FREERTOS.1.3.1
2025-11-08 18:03:13,175 [WARN] PackLoader:240 - Cannot read IP mode file for STMicroelectronics.X-CUBE-TOUCHGFX.4.26.0
2025-11-08 18:03:13,183 [WARN] PackLoader:240 - Cannot read IP mode file for STMicroelectronics.FP-SNS-STAIOTCFT.1.0.0
2025-11-08 18:03:13,192 [WARN] PackLoader:240 - Cannot read IP mode file for STMicroelectronics.X-CUBE-DPower.1.3.0
2025-11-08 18:03:13,225 [WARN] ConditionMgr:438 - getConditionDescription Invalid condition id : LAN8742 Phy interface Condition cause : null
2025-11-08 18:03:13,227 [WARN] PackLoader:240 - Cannot read IP mode file for STMicroelectronics.X-CUBE-AZRTOS-L4.2.0.0
2025-11-08 18:03:13,232 [WARN] ConditionMgr:1044 - genDependencies : Invalid condition id : LAN8742 Phy interface Condition cause : null
2025-11-08 18:03:13,233 [WARN] ConditionMgr:1044 - genDependencies : Invalid condition id : LAN8742 Phy interface Condition cause : null
2025-11-08 18:03:13,238 [WARN] ConditionMgr:1044 - genDependencies : Invalid condition id : LAN8742 Phy interface Condition cause : null
2025-11-08 18:03:13,251 [WARN] PackLoader:240 - Cannot read IP mode file for STMicroelectronics.X-CUBE-SFXS2LP1.4.0.0
2025-11-08 18:03:13,268 [WARN] PackLoader:240 - Cannot read IP mode file for STMicroelectronics.X-CUBE-BLEMGR.4.1.0
2025-11-08 18:03:13,289 [WARN] ConditionMgr:438 - getConditionDescription Invalid condition id : UX DEVICE CLASS RTOS Condition cause : null
2025-11-08 18:03:13,290 [WARN] ConditionMgr:438 - getConditionDescription Invalid condition id : UX DEVICE CLASS RTOS Condition cause : null
2025-11-08 18:03:13,292 [WARN] PackLoader:240 - Cannot read IP mode file for STMicroelectronics.X-CUBE-AZRTOS-WB.2.0.0
2025-11-08 18:03:13,293 [WARN] ConditionMgr:1044 - genDependencies : Invalid condition id : UX DEVICE CLASS RTOS Condition cause : null
2025-11-08 18:03:13,293 [WARN] ConditionMgr:1044 - genDependencies : Invalid condition id : UX DEVICE CLASS RTOS Condition cause : null
2025-11-08 18:03:13,294 [WARN] ConditionMgr:1044 - genDependencies : Invalid condition id : UX DEVICE CLASS RTOS Condition cause : null
2025-11-08 18:03:13,294 [WARN] ConditionMgr:1044 - genDependencies : Invalid condition id : UX DEVICE CLASS RTOS Condition cause : null
2025-11-08 18:03:13,294 [WARN] ConditionMgr:1044 - genDependencies : Invalid condition id : UX DEVICE CLASS RTOS Condition cause : null
2025-11-08 18:03:13,301 [WARN] PackLoader:240 - Cannot read IP mode file for STMicroelectronics.X-CUBE-GNSS1.7.0.1
2025-11-08 18:03:13,306 [WARN] PackLoader:240 - Cannot read IP mode file for STMicroelectronics.X-CUBE-TOUCHGFX.4.25.0
2025-11-08 18:03:13,316 [WARN] PackLoader:240 - Cannot read IP mode file for STMicroelectronics.FP-SNS-STBOX1.2.0.0
2025-11-08 18:03:13,324 [WARN] ConditionMgr:438 - getConditionDescription Invalid condition id : Cortex-A Device cause : null
2025-11-08 18:03:13,341 [WARN] ConditionMgr:1044 - genDependencies : Invalid condition id : Cortex-A Device cause : null
2025-11-08 18:03:13,342 [WARN] ConditionMgr:1044 - genDependencies : Invalid condition id : Cortex-A Device cause : null
2025-11-08 18:03:13,342 [WARN] ConditionMgr:1044 - genDependencies : Invalid condition id : Cortex-A Device cause : null
2025-11-08 18:03:13,372 [WARN] PackLoader:240 - Cannot read IP mode file for STMicroelectronics.X-CUBE-SUBG2.5.0.0
2025-11-08 18:03:13,528 [WARN] PackLoader:240 - Cannot read IP mode file for STMicroelectronics.X-CUBE-AZRTOS-H7RS.1.1.0
2025-11-08 18:03:13,538 [WARN] PackLoader:240 - Cannot read IP mode file for Cesanta.I-CUBE-Mongoose.7.13.0
2025-11-08 18:03:13,566 [WARN] PackLoader:240 - Cannot read IP mode file for STMicroelectronics.X-CUBE-AZRTOS-G4.2.0.0
2025-11-08 18:03:13,593 [WARN] PackLoader:240 - Cannot read IP mode file for wolfSSL.I-CUBE-wolfSSH.1.4.20
2025-11-08 18:03:13,604 [WARN] PackLoader:240 - Cannot read IP mode file for STMicroelectronics.X-CUBE-NFC7.2.0.0
2025-11-08 18:03:13,625 [WARN] PackLoader:240 - Cannot read IP mode file for STMicroelectronics.X-CUBE-IPS.3.1.0
2025-11-08 18:03:13,775 [WARN] PackLoader:240 - Cannot read IP mode file for STMicroelectronics.X-CUBE-ALS.1.0.2
2025-11-08 18:03:13,808 [INFO] WebApp:463 - Apply proxy settings
2025-11-08 18:03:13,809 [INFO] WebApp:548 - Chromium requires no authentication
2025-11-08 18:03:13,933 [WARN] PackLoader:240 - Cannot read IP mode file for STMicroelectronics.X-CUBE-STSE01.1.0.0
2025-11-08 18:03:13,956 [INFO] WebApp:491 - Direct internet connection detected
2025-11-08 18:03:13,956 [WARN] PackLoader:240 - Cannot read IP mode file for portGmbH.I-Cube-SoM-uGOAL.1.1.0
2025-11-08 18:03:13,980 [WARN] PackLoader:240 - Cannot read IP mode file for STMicroelectronics.X-CUBE-TOF1.3.4.3
2025-11-08 18:03:13,994 [INFO] ThirdParty:978 - Integrity check success = true
2025-11-08 18:03:13,995 [INFO] IntegrityCheckThread:100 - exiting critical section [integrity check]
2025-11-08 18:03:13,995 [INFO] IntegrityCheckThread:103 - End integrity checks thread
2025-11-08 18:03:14,057 [INFO] WebApp:894 - Register for checkConnection events
2025-11-08 18:03:14,057 [INFO] WebApp:463 - Apply proxy settings
2025-11-08 18:03:14,058 [INFO] WebApp:548 - Chromium requires no authentication
2025-11-08 18:03:14,058 [INFO] WebApp:491 - Direct internet connection detected
2025-11-08 18:03:14,661 [INFO] WebApp:225 - Starting web application
2025-11-08 18:03:14,662 [INFO] WebApp:593 - Web application path used C:\ST\STM32CubeIDE_1.18.0\STM32CubeIDE\plugins\com.st.stm32cube.common.mx_6.14.0.202502271554\db\plugins\mcufinder\reactClient1\index.html
2025-11-08 18:03:14,796 [INFO] UserAuth:486 - Internet connection configuration mode: 1
2025-11-08 18:03:14,957 [INFO] WebApp:191 - Connection restablished
2025-11-08 21:34:59,800 [ERROR] LogOutputStream:75 - [STDERR_REDIRECT] 
2025-11-08 21:34:59,802 [ERROR] LogOutputStream:75 - [STDERR_REDIRECT] 
