2025-11-14 10:47:42,450 [INFO] Activator:176 - 


2025-11-14 10:47:42,459 [INFO] Activator:177 - !SESSION log4j initialized
2025-11-14 10:47:50,719 [INFO] LogOutputStream:77 - [STDOUT_REDIRECT] 
2025-11-14 10:47:53,385 [INFO] ApplicationProperties:184 - Using Application install path: C:\ST\STM32CubeIDE_1.18.0\STM32CubeIDE\plugins\com.st.stm32cube.common.mx_6.14.0.202502271554
2025-11-14 10:47:53,419 [INFO] DbMcusXml:78 - Set database path to: C:\ST\STM32CubeIDE_1.18.0\STM32CubeIDE\plugins\com.st.stm32cube.common.mx_6.14.0.202502271554\\db\/mcu/
2025-11-14 10:47:53,419 [INFO] ApiDb:274 - Set plugin database path to: C:\ST\STM32CubeIDE_1.18.0\STM32CubeIDE\plugins\com.st.stm32cube.common.mx_6.14.0.202502271554\\db\/plugins/boardmanager/
2025-11-14 10:47:53,419 [WARN] ApiDb:259 - Overriding images path with different value:  => C:\ST\STM32CubeIDE_1.18.0\STM32CubeIDE\plugins\com.st.stm32cube.common.mx_6.14.0.202502271554\\db\/plugins/mcufinder/images/
2025-11-14 10:47:53,436 [INFO] ApiDb:250 - Set database path to: C:\Users\user\.stmcufinder\plugins\mcufinder//mcu/
2025-11-14 10:47:53,437 [INFO] DbMcusAds:125 - Set database path to: C:\Users\user\.stmcufinder\plugins\mcufinder//mcu/
2025-11-14 10:47:53,443 [INFO] CrossReferenceDbSqlite:203 - Set database path to: C:\Users\user\.stmcufinder\plugins\mcufinder//mcu/cs/
2025-11-14 10:47:53,679 [INFO] RulesReader:64 - Compatibility file has been processed (301 Rules)
2025-11-14 10:47:53,792 [INFO] DbMcusXml:78 - Set database path to: C:\ST\STM32CubeIDE_1.18.0\STM32CubeIDE\plugins\com.st.stm32cube.common.mx_6.14.0.202502271554\\db\/mcu/
2025-11-14 10:47:53,792 [INFO] ApiDb:274 - Set plugin database path to: C:\ST\STM32CubeIDE_1.18.0\STM32CubeIDE\plugins\com.st.stm32cube.common.mx_6.14.0.202502271554\\db\/plugins/boardmanager/
2025-11-14 10:47:53,792 [INFO] ApiDb:261 - Set plugin images path to: C:\ST\STM32CubeIDE_1.18.0\STM32CubeIDE\plugins\com.st.stm32cube.common.mx_6.14.0.202502271554\\db\/plugins/mcufinder/images/
2025-11-14 10:47:53,793 [WARN] DbFile:41 - Overriding database path with different value: C:\Users\user\.stmcufinder\plugins\mcufinder/ => C:\Users\user\.stmcufinder\plugins\mcufinder
2025-11-14 10:47:53,793 [INFO] ApiDb:250 - Set database path to: C:\Users\user\.stmcufinder\plugins\mcufinder//mcu/
2025-11-14 10:47:53,793 [WARN] DbFile:41 - Overriding database path with different value: C:\Users\user\.stmcufinder\plugins\mcufinder/ => C:\Users\user\.stmcufinder\plugins\mcufinder
2025-11-14 10:47:53,793 [INFO] DbMcusAds:125 - Set database path to: C:\Users\user\.stmcufinder\plugins\mcufinder//mcu/
2025-11-14 10:47:53,793 [WARN] DbFile:41 - Overriding database path with different value: C:\Users\user\.stmcufinder\plugins\mcufinder/ => C:\Users\user\.stmcufinder\plugins\mcufinder
2025-11-14 10:47:53,793 [WARN] DbFile:41 - Overriding database path with different value: C:\Users\user\.stmcufinder\plugins\mcufinder/ => C:\Users\user\.stmcufinder\plugins\mcufinder
2025-11-14 10:47:53,793 [INFO] CrossReferenceDbSqlite:203 - Set database path to: C:\Users\user\.stmcufinder\plugins\mcufinder//mcu/cs/
2025-11-14 10:47:53,909 [INFO] MainPanel:272 - HeapMemory: 268435456
2025-11-14 10:47:54,086 [INFO] DbMcusXml:78 - Set database path to: C:\ST\STM32CubeIDE_1.18.0\STM32CubeIDE\plugins\com.st.stm32cube.common.mx_6.14.0.202502271554\\db\/mcu/
2025-11-14 10:47:54,086 [INFO] ApiDb:274 - Set plugin database path to: C:\ST\STM32CubeIDE_1.18.0\STM32CubeIDE\plugins\com.st.stm32cube.common.mx_6.14.0.202502271554\\db\/plugins/boardmanager/
2025-11-14 10:47:54,086 [INFO] ApiDb:261 - Set plugin images path to: C:\ST\STM32CubeIDE_1.18.0\STM32CubeIDE\plugins\com.st.stm32cube.common.mx_6.14.0.202502271554\\db\/plugins/mcufinder/images/
2025-11-14 10:47:54,087 [WARN] DbFile:41 - Overriding database path with different value: C:\Users\user\.stmcufinder\plugins\mcufinder/ => C:\Users\user\.stmcufinder\plugins\mcufinder
2025-11-14 10:47:54,087 [INFO] ApiDb:250 - Set database path to: C:\Users\user\.stmcufinder\plugins\mcufinder//mcu/
2025-11-14 10:47:54,087 [WARN] DbFile:41 - Overriding database path with different value: C:\Users\user\.stmcufinder\plugins\mcufinder/ => C:\Users\user\.stmcufinder\plugins\mcufinder
2025-11-14 10:47:54,087 [INFO] DbMcusAds:125 - Set database path to: C:\Users\user\.stmcufinder\plugins\mcufinder//mcu/
2025-11-14 10:47:54,087 [WARN] DbFile:41 - Overriding database path with different value: C:\Users\user\.stmcufinder\plugins\mcufinder/ => C:\Users\user\.stmcufinder\plugins\mcufinder
2025-11-14 10:47:54,087 [WARN] DbFile:41 - Overriding database path with different value: C:\Users\user\.stmcufinder\plugins\mcufinder/ => C:\Users\user\.stmcufinder\plugins\mcufinder
2025-11-14 10:47:54,087 [INFO] CrossReferenceDbSqlite:203 - Set database path to: C:\Users\user\.stmcufinder\plugins\mcufinder//mcu/cs/
2025-11-14 10:47:54,111 [INFO] ApplicationProperties:184 - Using Application install path: C:\ST\STM32CubeIDE_1.18.0\STM32CubeIDE\plugins\com.st.stm32cube.common.mx_6.14.0.202502271554
2025-11-14 10:47:54,112 [INFO] PluginManage:196 - Search for loadable plugins [exclusion list=, ]
2025-11-14 10:47:54,115 [INFO] PluginManage:310 - Check plugin analytics
2025-11-14 10:47:54,417 [INFO] AnalyticsPlugin:253 - Accepted Software Licenses: 
2025-11-14 10:47:54,417 [INFO] AnalyticsPlugin:255 - Accepted CMSIS Pack Licenses: 
2025-11-14 10:47:54,417 [INFO] AnalyticsPlugin:257 - Accepted Firmware Licenses: FW.F4.1.28.0,FW.G0.1.6.0
2025-11-14 10:47:54,420 [INFO] PluginManage:359 - Loaded plugin analytics (category:tool,tabindex:-1)
2025-11-14 10:47:54,421 [INFO] PluginManage:310 - Check plugin cadmodel
2025-11-14 10:47:54,429 [INFO] CADModel:105 - Init CAD model plugin
2025-11-14 10:47:54,429 [INFO] PluginManage:359 - Loaded plugin cadmodel (category:power,tabindex:5)
2025-11-14 10:47:54,430 [INFO] PluginManage:310 - Check plugin clock
2025-11-14 10:47:54,441 [INFO] PluginManage:359 - Loaded plugin clock (category:base,tabindex:2)
2025-11-14 10:47:54,441 [INFO] PluginManage:310 - Check plugin ddr
2025-11-14 10:47:54,444 [INFO] PluginManage:359 - Loaded plugin ddr (category:tool,tabindex:6)
2025-11-14 10:47:54,444 [INFO] PluginManage:310 - Check plugin filemanager
2025-11-14 10:47:54,615 [INFO] PluginManage:359 - Loaded plugin filemanager (category:base,tabindex:10)
2025-11-14 10:47:54,615 [INFO] PluginManage:310 - Check plugin ipmanager
2025-11-14 10:47:54,623 [INFO] PluginManage:359 - Loaded plugin ipmanager (category:base,tabindex:5)
2025-11-14 10:47:54,623 [INFO] PluginManage:310 - Check plugin lpbam
2025-11-14 10:47:54,633 [INFO] PluginManage:359 - Loaded plugin lpbam (category:base,tabindex:0)
2025-11-14 10:47:54,633 [INFO] PluginManage:310 - Check plugin memorymap
2025-11-14 10:47:54,654 [INFO] PluginManage:359 - Loaded plugin memorymap (category:base,tabindex:4)
2025-11-14 10:47:54,654 [INFO] PluginManage:310 - Check plugin pinoutandconfiguration
2025-11-14 10:47:54,666 [INFO] PluginManage:359 - Loaded plugin pinoutandconfiguration (category:base,tabindex:1)
2025-11-14 10:47:54,666 [INFO] PluginManage:310 - Check plugin pinoutconfig
2025-11-14 10:47:54,783 [WARN] SupportedApi:132 - Cannot load RTOS API schema: s4s-elt-must-match.1: The content of 'definitions' must match (annotation?, (simpleType | complexType)?, (unique | key | keyref)*)). A problem was found starting at: attribute.
2025-11-14 10:47:54,972 [INFO] PluginManage:359 - Loaded plugin pinoutconfig (category:base,tabindex:0)
2025-11-14 10:47:54,972 [INFO] PluginManage:310 - Check plugin power
2025-11-14 10:47:55,129 [INFO] PluginManage:359 - Loaded plugin power (category:power,tabindex:4)
2025-11-14 10:47:55,130 [INFO] PluginManage:310 - Check plugin projectmanager
2025-11-14 10:47:55,149 [INFO] PluginManage:359 - Loaded plugin projectmanager (category:projectmanager,tabindex:4)
2025-11-14 10:47:55,149 [INFO] PluginManage:310 - Check plugin rif
2025-11-14 10:47:55,166 [INFO] PluginManage:359 - Loaded plugin rif (category:base,tabindex:3)
2025-11-14 10:47:55,167 [INFO] PluginManage:310 - Check plugin thirdparty
2025-11-14 10:47:55,445 [INFO] PluginManage:359 - Loaded plugin thirdparty (category:base,tabindex:-1)
2025-11-14 10:47:55,445 [INFO] PluginManage:310 - Check plugin tools
2025-11-14 10:47:55,444 [WARN] IntegrityCheckThread:84 - waiting for thirdparty lock release [integrity check]
2025-11-14 10:47:55,446 [INFO] IntegrityCheckThread:86 - entering critical section [integrity check]
2025-11-14 10:47:55,446 [INFO] ThirdPartyUpdaterWithRetryManager:70 - Updater plugin not ready yet. [1/15]
2025-11-14 10:47:55,451 [INFO] PluginManage:359 - Loaded plugin tools (category:base,tabindex:7)
2025-11-14 10:47:55,452 [INFO] PluginManage:310 - Check plugin tutovideos
2025-11-14 10:47:55,892 [INFO] PluginManage:359 - Loaded plugin tutovideos (category:base,tabindex:-1)
2025-11-14 10:47:55,892 [INFO] PluginManage:310 - Check plugin updater
2025-11-14 10:47:55,947 [INFO] PluginManage:359 - Loaded plugin updater (category:base,tabindex:12)
2025-11-14 10:47:55,947 [INFO] PluginManage:310 - Check plugin userauth
2025-11-14 10:47:55,955 [INFO] UserAuth:118 - Init User Auth plugin
2025-11-14 10:47:55,957 [INFO] PluginManage:359 - Loaded plugin userauth (category:base,tabindex:14)
2025-11-14 10:47:55,958 [INFO] PluginManage:283 - PluginManage : Loaded plugins [18]
2025-11-14 10:47:56,228 [INFO] PinOutPanel:1589 - setPackage(No Configuration,No Configuration)
2025-11-14 10:47:56,348 [INFO] CADModel:165 - CPN selected for project level
2025-11-14 10:47:56,349 [INFO] CADModel:114 - Register for checkConnection events
2025-11-14 10:47:56,374 [INFO] IPUIPlugin:80 - create IPUIPlugin
2025-11-14 10:47:56,374 [INFO] PluginManager:220 - loadIPPluginJar : add adc
2025-11-14 10:47:56,378 [INFO] IPUIPlugin:80 - create IPUIPlugin
2025-11-14 10:47:56,378 [INFO] PluginManager:220 - loadIPPluginJar : add aes
2025-11-14 10:47:56,382 [INFO] IPUIPlugin:80 - create IPUIPlugin
2025-11-14 10:47:56,382 [INFO] PluginManager:220 - loadIPPluginJar : add can
2025-11-14 10:47:56,385 [INFO] IPUIPlugin:80 - create IPUIPlugin
2025-11-14 10:47:56,385 [INFO] PluginManager:220 - loadIPPluginJar : add comp
2025-11-14 10:47:56,389 [INFO] IPUIPlugin:80 - create IPUIPlugin
2025-11-14 10:47:56,390 [INFO] PluginManager:220 - loadIPPluginJar : add cryp
2025-11-14 10:47:56,395 [INFO] IPUIPlugin:80 - create IPUIPlugin
2025-11-14 10:47:56,395 [INFO] PluginManager:220 - loadIPPluginJar : add ddr_ctrl_phy
2025-11-14 10:47:56,399 [INFO] IPUIPlugin:80 - create IPUIPlugin
2025-11-14 10:47:56,399 [INFO] PluginManager:220 - loadIPPluginJar : add dfsdm
2025-11-14 10:47:56,405 [INFO] IPUIPlugin:80 - create IPUIPlugin
2025-11-14 10:47:56,406 [INFO] PluginManager:220 - loadIPPluginJar : add dma
2025-11-14 10:47:56,410 [INFO] IPUIPlugin:80 - create IPUIPlugin
2025-11-14 10:47:56,410 [INFO] PluginManager:220 - loadIPPluginJar : add dma3
2025-11-14 10:47:56,414 [INFO] IPUIPlugin:80 - create IPUIPlugin
2025-11-14 10:47:56,414 [INFO] PluginManager:220 - loadIPPluginJar : add extmemmanager
2025-11-14 10:47:56,417 [INFO] IPUIPlugin:80 - create IPUIPlugin
2025-11-14 10:47:56,417 [INFO] PluginManager:220 - loadIPPluginJar : add fatfs
2025-11-14 10:47:56,423 [INFO] IPUIPlugin:80 - create IPUIPlugin
2025-11-14 10:47:56,423 [INFO] PluginManager:220 - loadIPPluginJar : add fmc
2025-11-14 10:47:56,432 [INFO] IPUIPlugin:80 - create IPUIPlugin
2025-11-14 10:47:56,432 [INFO] PluginManager:220 - loadIPPluginJar : add freertos
2025-11-14 10:47:56,435 [INFO] IPUIPlugin:80 - create IPUIPlugin
2025-11-14 10:47:56,435 [INFO] PluginManager:220 - loadIPPluginJar : add genericplugin
2025-11-14 10:47:56,439 [INFO] IPUIPlugin:80 - create IPUIPlugin
2025-11-14 10:47:56,440 [INFO] PluginManager:220 - loadIPPluginJar : add gfxmmu
2025-11-14 10:47:56,447 [INFO] IPUIPlugin:80 - create IPUIPlugin
2025-11-14 10:47:56,447 [INFO] PluginManager:220 - loadIPPluginJar : add gic
2025-11-14 10:47:56,453 [INFO] IPUIPlugin:80 - create IPUIPlugin
2025-11-14 10:47:56,454 [INFO] PluginManager:220 - loadIPPluginJar : add gpio
2025-11-14 10:47:56,458 [INFO] IPUIPlugin:80 - create IPUIPlugin
2025-11-14 10:47:56,458 [INFO] PluginManager:220 - loadIPPluginJar : add gtzc
2025-11-14 10:47:56,462 [INFO] IPUIPlugin:80 - create IPUIPlugin
2025-11-14 10:47:56,462 [INFO] PluginManager:220 - loadIPPluginJar : add hash
2025-11-14 10:47:56,466 [INFO] IPUIPlugin:80 - create IPUIPlugin
2025-11-14 10:47:56,466 [INFO] PluginManager:220 - loadIPPluginJar : add i2c
2025-11-14 10:47:56,470 [INFO] IPUIPlugin:80 - create IPUIPlugin
2025-11-14 10:47:56,470 [INFO] PluginManager:220 - loadIPPluginJar : add i2s
2025-11-14 10:47:56,475 [INFO] IPUIPlugin:80 - create IPUIPlugin
2025-11-14 10:47:56,475 [INFO] PluginManager:220 - loadIPPluginJar : add i3c
2025-11-14 10:47:56,481 [INFO] IPUIPlugin:80 - create IPUIPlugin
2025-11-14 10:47:56,481 [INFO] PluginManager:220 - loadIPPluginJar : add ipddr
2025-11-14 10:47:56,493 [INFO] IPUIPlugin:80 - create IPUIPlugin
2025-11-14 10:47:56,494 [INFO] PluginManager:220 - loadIPPluginJar : add linkedlist
2025-11-14 10:47:56,498 [INFO] IPUIPlugin:80 - create IPUIPlugin
2025-11-14 10:47:56,499 [INFO] PluginManager:220 - loadIPPluginJar : add lorawan
2025-11-14 10:47:56,502 [INFO] IPUIPlugin:80 - create IPUIPlugin
2025-11-14 10:47:56,502 [INFO] PluginManager:220 - loadIPPluginJar : add ltdc
2025-11-14 10:47:56,513 [INFO] IPUIPlugin:80 - create IPUIPlugin
2025-11-14 10:47:56,513 [INFO] PluginManager:220 - loadIPPluginJar : add mdma
2025-11-14 10:47:56,519 [INFO] IPUIPlugin:80 - create IPUIPlugin
2025-11-14 10:47:56,520 [INFO] PluginManager:220 - loadIPPluginJar : add nvic
2025-11-14 10:47:56,524 [INFO] IPUIPlugin:80 - create IPUIPlugin
2025-11-14 10:47:56,524 [INFO] PluginManager:220 - loadIPPluginJar : add opamp
2025-11-14 10:47:56,529 [INFO] IPUIPlugin:80 - create IPUIPlugin
2025-11-14 10:47:56,529 [INFO] PluginManager:220 - loadIPPluginJar : add openamp
2025-11-14 10:47:56,535 [INFO] IPUIPlugin:80 - create IPUIPlugin
2025-11-14 10:47:56,535 [INFO] PluginManager:220 - loadIPPluginJar : add pdm2pcm
2025-11-14 10:47:56,545 [INFO] IPUIPlugin:80 - create IPUIPlugin
2025-11-14 10:47:56,548 [INFO] PluginManager:220 - loadIPPluginJar : add plateformsettings
2025-11-14 10:47:56,551 [INFO] IPUIPlugin:80 - create IPUIPlugin
2025-11-14 10:47:56,551 [INFO] PluginManager:220 - loadIPPluginJar : add quadspi
2025-11-14 10:47:56,553 [INFO] IPUIPlugin:80 - create IPUIPlugin
2025-11-14 10:47:56,554 [INFO] PluginManager:220 - loadIPPluginJar : add radio
2025-11-14 10:47:56,559 [INFO] IPUIPlugin:80 - create IPUIPlugin
2025-11-14 10:47:56,559 [INFO] PluginManager:220 - loadIPPluginJar : add resmgrutility
2025-11-14 10:47:56,563 [INFO] IPUIPlugin:80 - create IPUIPlugin
2025-11-14 10:47:56,563 [INFO] PluginManager:220 - loadIPPluginJar : add sai
2025-11-14 10:47:56,568 [INFO] IPUIPlugin:80 - create IPUIPlugin
2025-11-14 10:47:56,569 [INFO] PluginManager:220 - loadIPPluginJar : add spi
2025-11-14 10:47:56,577 [INFO] IPUIPlugin:80 - create IPUIPlugin
2025-11-14 10:47:56,577 [INFO] PluginManager:220 - loadIPPluginJar : add stm32_wpan
2025-11-14 10:47:56,580 [INFO] IPUIPlugin:80 - create IPUIPlugin
2025-11-14 10:47:56,580 [INFO] PluginManager:220 - loadIPPluginJar : add tim
2025-11-14 10:47:56,586 [INFO] IPUIPlugin:80 - create IPUIPlugin
2025-11-14 10:47:56,586 [INFO] PluginManager:220 - loadIPPluginJar : add touchsensing
2025-11-14 10:47:56,592 [INFO] IPUIPlugin:80 - create IPUIPlugin
2025-11-14 10:47:56,592 [INFO] PluginManager:220 - loadIPPluginJar : add tracer_emb
2025-11-14 10:47:56,596 [INFO] IPUIPlugin:80 - create IPUIPlugin
2025-11-14 10:47:56,596 [INFO] PluginManager:220 - loadIPPluginJar : add ts
2025-11-14 10:47:56,599 [INFO] IPUIPlugin:80 - create IPUIPlugin
2025-11-14 10:47:56,599 [INFO] PluginManager:220 - loadIPPluginJar : add tsc
2025-11-14 10:47:56,603 [INFO] IPUIPlugin:80 - create IPUIPlugin
2025-11-14 10:47:56,603 [INFO] PluginManager:220 - loadIPPluginJar : add ucpd
2025-11-14 10:47:56,607 [INFO] IPUIPlugin:80 - create IPUIPlugin
2025-11-14 10:47:56,607 [INFO] PluginManager:220 - loadIPPluginJar : add usart
2025-11-14 10:47:56,611 [INFO] IPUIPlugin:80 - create IPUIPlugin
2025-11-14 10:47:56,611 [INFO] PluginManager:220 - loadIPPluginJar : add usbx
2025-11-14 10:47:56,775 [FATAL] Updater:351 - Updater called before beeing initialized
2025-11-14 10:47:56,900 [INFO] RulesReader:64 - Compatibility file has been processed (301 Rules)
2025-11-14 10:47:56,921 [INFO] RulesReader:64 - Compatibility file has been processed (301 Rules)
2025-11-14 10:47:57,399 [INFO] CADModel:165 - CPN selected for project level
2025-11-14 10:47:57,400 [INFO] CADModel:114 - Register for checkConnection events
2025-11-14 10:47:57,400 [FATAL] Updater:351 - Updater called before beeing initialized
2025-11-14 10:47:57,400 [ERROR] CADModel:125 - Updater not yet initialized, retry later 
2025-11-14 10:47:57,680 [FATAL] Updater:351 - Updater called before beeing initialized
2025-11-14 10:47:57,684 [INFO] CADModel:165 - CPN selected for project level
2025-11-14 10:47:57,684 [INFO] CADModel:114 - Register for checkConnection events
2025-11-14 10:47:57,684 [FATAL] Updater:351 - Updater called before beeing initialized
2025-11-14 10:47:57,685 [ERROR] CADModel:125 - Updater not yet initialized, retry later 
2025-11-14 10:47:57,689 [FATAL] Updater:351 - Updater called before beeing initialized
2025-11-14 10:47:57,872 [FATAL] Updater:351 - Updater called before beeing initialized
2025-11-14 10:47:57,879 [INFO] DbMcusAds:53 - JSON generation date=Mon Nov 10 16:13:01 IST 2025 (1762771381096)
2025-11-14 10:47:57,879 [FATAL] Updater:351 - Updater called before beeing initialized
2025-11-14 10:47:57,928 [WARN] DetailPanel:346 - Failed to get advertising image, set to default
2025-11-14 10:47:58,204 [FATAL] Updater:351 - Updater called before beeing initialized
2025-11-14 10:47:58,205 [FATAL] Updater:351 - Updater called before beeing initialized
2025-11-14 10:47:58,205 [FATAL] Updater:351 - Updater called before beeing initialized
2025-11-14 10:47:58,206 [WARN] DetailPanel:346 - Failed to get advertising image, set to default
2025-11-14 10:47:58,207 [FATAL] Updater:351 - Updater called before beeing initialized
2025-11-14 10:47:58,315 [ERROR] Updater:1198 - MainUpdater not yet initialized. External WinMGr cannot be set.
2025-11-14 10:47:58,318 [INFO] Updater:1134 - Updater Version found : 6.14.0
2025-11-14 10:47:58,344 [INFO] ApplicationProperties:184 - Using Application install path: C:\ST\STM32CubeIDE_1.18.0\STM32CubeIDE\plugins\com.st.stm32cube.common.mx_6.14.0.202502271554
2025-11-14 10:47:58,447 [INFO] ThirdPartyUpdaterWithRetryManager:70 - Updater plugin not ready yet. [2/15]
2025-11-14 10:47:59,999 [ERROR] LogOutputStream:75 - [STDERR_REDIRECT] Nov 14, 2025 10:47:59 AM java.util.prefs.WindowsPreferences <init>
2025-11-14 10:48:00,002 [ERROR] LogOutputStream:75 - [STDERR_REDIRECT] WARNING: Could not open/create prefs root node Software\JavaSoft\Prefs at root 0xffffffff80000002. Windows RegCreateKeyEx(...) returned error code 5.
2025-11-14 10:48:00,002 [ERROR] LogOutputStream:75 - [STDERR_REDIRECT] 
2025-11-14 10:48:00,961 [INFO] MainUpdater:2872 - connection check result : 10
2025-11-14 10:48:00,962 [INFO] MainUpdater:289 - Updater Check For Update Now.
2025-11-14 10:48:00,962 [INFO] MicroXplorer:498 - Change Database Version : DB.6.0.140
2025-11-14 10:48:01,406 [INFO] McuFinderGlobals:63 - Set McuFinder mode to 2 (CubeIDE integrated)
2025-11-14 10:48:01,408 [INFO] UserAuth:486 - Internet connection configuration mode: 1
2025-11-14 10:48:01,449 [WARN] MainUpdater:1193 - Updater busy. Cannot search thirdparties
2025-11-14 10:48:01,450 [INFO] ThirdPartyUpdaterWithRetryManager:96 - Updater plugin is busy. [1/15]
2025-11-14 10:48:01,470 [INFO] JxBrowserEngine:152 - Initiate JxBrowser Engine with user profile folder
2025-11-14 10:48:01,648 [INFO] CheckServerUpdateThread:120 - End of CheckServer Thread
2025-11-14 10:48:03,574 [INFO] WebApp:169 - Instantiating new browser for Auth
2025-11-14 10:48:04,848 [WARN] PackLoader:240 - Cannot read IP mode file for STMicroelectronics.FP-SNS-MOTENVWB1.1.4.0
2025-11-14 10:48:04,861 [WARN] PackLoader:240 - Cannot read IP mode file for STMicroelectronics.FP-ATR-ASTRA1.2.0.2
2025-11-14 10:48:04,875 [WARN] PackLoader:240 - Cannot read IP mode file for STMicroelectronics.X-CUBE-SMBUS.2.1.0
2025-11-14 10:48:04,885 [WARN] PackLoader:240 - Cannot read IP mode file for STMicroelectronics.X-CUBE-ST60.1.0.0
2025-11-14 10:48:04,951 [WARN] PackLoader:240 - Cannot read IP mode file for STMicroelectronics.X-CUBE-AZRTOS-F7.1.1.0
2025-11-14 10:48:04,963 [ERROR] Engine:466 - C:\Users\user\.stm32cubemx\thirdparties\pdsc\STMicroelectronics.FP-SNS-MOTENV1.5.1.0.pdsc: PDSC version is not supported
2025-11-14 10:48:05,012 [WARN] PackLoader:240 - Cannot read IP mode file for Infineon.AIROC-Wi-Fi-Bluetooth-STM32.1.7.1
2025-11-14 10:48:05,091 [WARN] PackLoader:240 - Cannot read IP mode file for STMicroelectronics.X-CUBE-AZRTOS-H7.3.4.0
2025-11-14 10:48:05,124 [WARN] PackLoader:240 - Cannot read IP mode file for STMicroelectronics.X-CUBE-DISPLAY.3.0.0
2025-11-14 10:48:05,164 [WARN] PackLoader:240 - Cannot read IP mode file for STMicroelectronics.X-CUBE-NFC10.1.0.0
2025-11-14 10:48:05,257 [WARN] PackLoader:240 - Cannot read IP mode file for STMicroelectronics.X-CUBE-ST60.1.1.0
2025-11-14 10:48:05,292 [WARN] PackLoader:240 - Cannot read IP mode file for emotas.I-CUBE-CANOPEN.1.3.0
2025-11-14 10:48:05,306 [WARN] PackLoader:240 - Cannot read IP mode file for STMicroelectronics.X-CUBE-GNSS1.7.1.0
2025-11-14 10:48:05,339 [ERROR] Engine:466 - C:\Users\user\.stm32cubemx\thirdparties\pdsc\STMicroelectronics.FP-SNS-STBOX1.2.1.0.pdsc: PDSC version is not supported
2025-11-14 10:48:05,348 [WARN] PackLoader:240 - Cannot read IP mode file for STMicroelectronics.FP-SNS-SMARTAG2.1.2.0
2025-11-14 10:48:05,357 [WARN] PackLoader:240 - Cannot read IP mode file for STMicroelectronics.FP-SNS-FLIGHT1.5.1.0
2025-11-14 10:48:05,380 [INFO] LogOutputStream:77 - [STDOUT_REDIRECT] 1 : Invalid condition id : UX_CORESTACK_Condition cause : null
2025-11-14 10:48:05,380 [INFO] LogOutputStream:77 - [STDOUT_REDIRECT] 1 : Invalid condition id : UX_CORESTACK_Condition cause : null
2025-11-14 10:48:05,382 [INFO] LogOutputStream:77 - [STDOUT_REDIRECT] 1 : Invalid condition id : UX_CORESTACK_Condition cause : null
2025-11-14 10:48:05,385 [INFO] LogOutputStream:77 - [STDOUT_REDIRECT] 1 : Invalid condition id : UX_CORESTACK_Condition cause : null
2025-11-14 10:48:05,386 [INFO] LogOutputStream:77 - [STDOUT_REDIRECT] 1 : Invalid condition id : UX_CORESTACK_Condition cause : null
2025-11-14 10:48:05,392 [WARN] PackLoader:240 - Cannot read IP mode file for STMicroelectronics.X-CUBE-AZRTOS-WL.2.0.0
2025-11-14 10:48:05,408 [WARN] PackLoader:240 - Cannot read IP mode file for STMicroelectronics.FP-SNS-MOTENV1.5.0.0
2025-11-14 10:48:05,423 [WARN] PackLoader:240 - Cannot read IP mode file for WES.I-CUBE-Cesium.1.3.0
2025-11-14 10:48:05,436 [WARN] PackLoader:240 - Cannot read IP mode file for STMicroelectronics.X-CUBE-BLE2.3.3.0
2025-11-14 10:48:05,446 [WARN] PackLoader:240 - Cannot read IP mode file for STMicroelectronics.X-CUBE-NFC9.1.0.0
2025-11-14 10:48:05,458 [WARN] PackLoader:240 - Cannot read IP mode file for wolfSSL.I-CUBE-wolfSSL.5.8.2
2025-11-14 10:48:05,498 [WARN] PackLoader:240 - Cannot read IP mode file for STMicroelectronics.X-CUBE-BLE1.7.1.0
2025-11-14 10:48:05,508 [WARN] PackLoader:240 - Cannot read IP mode file for wolfSSL.I-CUBE-wolfMQTT.1.19.2
2025-11-14 10:48:05,520 [WARN] PackLoader:240 - Cannot read IP mode file for STMicroelectronics.X-CUBE-EEPRMA1.5.2.0
2025-11-14 10:48:05,530 [ERROR] Engine:466 - C:\Users\user\.stm32cubemx\thirdparties\pdsc\STMicroelectronics.X-CUBE-ST67W61.1.1.0.pdsc: PDSC version is not supported
2025-11-14 10:48:05,543 [WARN] PackLoader:240 - Cannot read IP mode file for STMicroelectronics.X-CUBE-AI.10.1.0
2025-11-14 10:48:05,577 [WARN] PackLoader:240 - Cannot read IP mode file for STMicroelectronics.X-CUBE-AZRTOS-G0.1.1.0
2025-11-14 10:48:05,591 [WARN] PackLoader:240 - Cannot read IP mode file for STMicroelectronics.X-CUBE-SAFEA1.1.2.2
2025-11-14 10:48:05,601 [WARN] PackLoader:240 - Cannot read IP mode file for STMicroelectronics.X-CUBE-NFC4.3.0.0
2025-11-14 10:48:05,616 [WARN] PackLoader:240 - Cannot read IP mode file for EmbeddedOffice.I-CUBE-FS-RTOS.1.0.1
2025-11-14 10:48:05,701 [WARN] PackLoader:240 - Cannot read IP mode file for STMicroelectronics.X-CUBE-WB05N.2.0.0
2025-11-14 10:48:05,884 [INFO] WebApp:463 - Apply proxy settings
2025-11-14 10:48:05,884 [INFO] WebApp:548 - Chromium requires no authentication
2025-11-14 10:48:06,205 [WARN] PackLoader:240 - Cannot read IP mode file for wolfSSL.I-CUBE-wolfTPM.3.8.0
2025-11-14 10:48:06,226 [WARN] PackLoader:240 - Cannot read IP mode file for STMicroelectronics.X-CUBE-TCPP.4.2.0
2025-11-14 10:48:06,231 [INFO] WebApp:491 - Direct internet connection detected
2025-11-14 10:48:06,242 [WARN] PackLoader:240 - Cannot read IP mode file for RealThread.X-CUBE-RT-Thread_Nano.4.1.1
2025-11-14 10:48:06,251 [WARN] PackLoader:240 - Cannot read IP mode file for STMicroelectronics.FP-ATR-SIGFOX1.3.2.0
2025-11-14 10:48:06,264 [WARN] PackLoader:240 - Cannot read IP mode file for ITTIA_DB.I-CUBE-ITTIADB.8.9.0
2025-11-14 10:48:06,280 [WARN] PackLoader:240 - Cannot read IP mode file for STMicroelectronics.X-CUBE-ST67W61.1.0.0
2025-11-14 10:48:06,291 [WARN] PackLoader:240 - Cannot read IP mode file for STMicroelectronics.X-CUBE-AI.10.2.0
2025-11-14 10:48:06,318 [INFO] WebApp:894 - Register for checkConnection events
2025-11-14 10:48:06,319 [INFO] WebApp:463 - Apply proxy settings
2025-11-14 10:48:06,320 [INFO] WebApp:548 - Chromium requires no authentication
2025-11-14 10:48:06,327 [INFO] WebApp:491 - Direct internet connection detected
2025-11-14 10:48:06,333 [WARN] PackLoader:240 - Cannot read IP mode file for SEGGER.I-CUBE-embOS.1.3.1
2025-11-14 10:48:06,419 [WARN] PackLoader:240 - Cannot read IP mode file for STMicroelectronics.X-CUBE-ALGOBUILD.1.4.0
2025-11-14 10:48:06,489 [WARN] PackLoader:240 - Cannot read IP mode file for STMicroelectronics.X-CUBE-MEMS1.11.3.0
2025-11-14 10:48:06,765 [WARN] PackLoader:240 - Cannot read IP mode file for STMicroelectronics.X-CUBE-PM33A1.1.0.0
2025-11-14 10:48:06,789 [WARN] PackLoader:240 - Cannot read IP mode file for STMicroelectronics.X-CUBE-AZRTOS-F4.1.1.0
2025-11-14 10:48:06,798 [WARN] PackLoader:240 - Cannot read IP mode file for STMicroelectronics.X-CUBE-ISPU.2.1.0
2025-11-14 10:48:06,807 [ERROR] Engine:466 - C:\Users\user\.stm32cubemx\thirdparties\pdsc\STMicroelectronics.X-CUBE-IPS.3.2.0.pdsc: PDSC version is not supported
2025-11-14 10:48:06,815 [WARN] PackLoader:240 - Cannot read IP mode file for STMicroelectronics.X-CUBE-NFC12.1.0.0
2025-11-14 10:48:06,820 [INFO] WebApp:191 - Connection restablished
2025-11-14 10:48:06,837 [WARN] PackLoader:240 - Cannot read IP mode file for STMicroelectronics.X-CUBE-AZRTOS-L5.2.0.0
2025-11-14 10:48:06,855 [WARN] PackLoader:240 - Cannot read IP mode file for STMicroelectronics.X-CUBE-NFC6.3.1.0
2025-11-14 10:48:06,892 [WARN] PackLoader:240 - Cannot read IP mode file for STMicroelectronics.X-CUBE-FREERTOS.1.3.1
2025-11-14 10:48:06,898 [WARN] PackLoader:240 - Cannot read IP mode file for STMicroelectronics.X-CUBE-TOUCHGFX.4.26.0
2025-11-14 10:48:06,905 [WARN] PackLoader:240 - Cannot read IP mode file for STMicroelectronics.FP-SNS-STAIOTCFT.1.0.0
2025-11-14 10:48:06,949 [WARN] PackLoader:240 - Cannot read IP mode file for STMicroelectronics.X-CUBE-DPower.1.3.0
2025-11-14 10:48:06,954 [INFO] WebApp:225 - Starting web application
2025-11-14 10:48:06,954 [INFO] WebApp:593 - Web application path used C:\ST\STM32CubeIDE_1.18.0\STM32CubeIDE\plugins\com.st.stm32cube.common.mx_6.14.0.202502271554\db\plugins\mcufinder\reactClient1\index.html
2025-11-14 10:48:06,978 [WARN] ConditionMgr:438 - getConditionDescription Invalid condition id : LAN8742 Phy interface Condition cause : null
2025-11-14 10:48:06,979 [WARN] PackLoader:240 - Cannot read IP mode file for STMicroelectronics.X-CUBE-AZRTOS-L4.2.0.0
2025-11-14 10:48:06,982 [WARN] ConditionMgr:1044 - genDependencies : Invalid condition id : LAN8742 Phy interface Condition cause : null
2025-11-14 10:48:06,982 [WARN] ConditionMgr:1044 - genDependencies : Invalid condition id : LAN8742 Phy interface Condition cause : null
2025-11-14 10:48:06,983 [WARN] ConditionMgr:1044 - genDependencies : Invalid condition id : LAN8742 Phy interface Condition cause : null
2025-11-14 10:48:06,997 [WARN] PackLoader:240 - Cannot read IP mode file for STMicroelectronics.X-CUBE-SFXS2LP1.4.0.0
2025-11-14 10:48:07,020 [WARN] PackLoader:240 - Cannot read IP mode file for STMicroelectronics.X-CUBE-BLEMGR.4.1.0
2025-11-14 10:48:07,068 [WARN] ConditionMgr:438 - getConditionDescription Invalid condition id : UX DEVICE CLASS RTOS Condition cause : null
2025-11-14 10:48:07,068 [WARN] ConditionMgr:438 - getConditionDescription Invalid condition id : UX DEVICE CLASS RTOS Condition cause : null
2025-11-14 10:48:07,071 [WARN] PackLoader:240 - Cannot read IP mode file for STMicroelectronics.X-CUBE-AZRTOS-WB.2.0.0
2025-11-14 10:48:07,072 [WARN] ConditionMgr:1044 - genDependencies : Invalid condition id : UX DEVICE CLASS RTOS Condition cause : null
2025-11-14 10:48:07,073 [WARN] ConditionMgr:1044 - genDependencies : Invalid condition id : UX DEVICE CLASS RTOS Condition cause : null
2025-11-14 10:48:07,073 [WARN] ConditionMgr:1044 - genDependencies : Invalid condition id : UX DEVICE CLASS RTOS Condition cause : null
2025-11-14 10:48:07,074 [WARN] ConditionMgr:1044 - genDependencies : Invalid condition id : UX DEVICE CLASS RTOS Condition cause : null
2025-11-14 10:48:07,075 [WARN] ConditionMgr:1044 - genDependencies : Invalid condition id : UX DEVICE CLASS RTOS Condition cause : null
2025-11-14 10:48:07,085 [WARN] PackLoader:240 - Cannot read IP mode file for STMicroelectronics.X-CUBE-GNSS1.7.0.1
2025-11-14 10:48:07,092 [WARN] PackLoader:240 - Cannot read IP mode file for STMicroelectronics.X-CUBE-TOUCHGFX.4.25.0
2025-11-14 10:48:07,104 [WARN] PackLoader:240 - Cannot read IP mode file for STMicroelectronics.FP-SNS-STBOX1.2.0.0
2025-11-14 10:48:07,115 [WARN] ConditionMgr:438 - getConditionDescription Invalid condition id : Cortex-A Device cause : null
2025-11-14 10:48:07,134 [WARN] ConditionMgr:1044 - genDependencies : Invalid condition id : Cortex-A Device cause : null
2025-11-14 10:48:07,134 [WARN] ConditionMgr:1044 - genDependencies : Invalid condition id : Cortex-A Device cause : null
2025-11-14 10:48:07,134 [WARN] ConditionMgr:1044 - genDependencies : Invalid condition id : Cortex-A Device cause : null
2025-11-14 10:48:07,154 [WARN] PackLoader:240 - Cannot read IP mode file for STMicroelectronics.X-CUBE-SUBG2.5.0.0
2025-11-14 10:48:07,230 [WARN] PackLoader:240 - Cannot read IP mode file for STMicroelectronics.X-CUBE-AZRTOS-H7RS.1.1.0
2025-11-14 10:48:07,252 [WARN] PackLoader:240 - Cannot read IP mode file for Cesanta.I-CUBE-Mongoose.7.13.0
2025-11-14 10:48:07,270 [WARN] PackLoader:240 - Cannot read IP mode file for STMicroelectronics.X-CUBE-AZRTOS-G4.2.0.0
2025-11-14 10:48:07,278 [WARN] PackLoader:240 - Cannot read IP mode file for wolfSSL.I-CUBE-wolfSSH.1.4.20
2025-11-14 10:48:07,284 [WARN] PackLoader:240 - Cannot read IP mode file for STMicroelectronics.X-CUBE-NFC7.2.0.0
2025-11-14 10:48:07,305 [WARN] PackLoader:240 - Cannot read IP mode file for STMicroelectronics.X-CUBE-IPS.3.1.0
2025-11-14 10:48:07,318 [WARN] PackLoader:240 - Cannot read IP mode file for STMicroelectronics.X-CUBE-ALS.1.0.2
2025-11-14 10:48:07,333 [WARN] PackLoader:240 - Cannot read IP mode file for STMicroelectronics.X-CUBE-STSE01.1.0.0
2025-11-14 10:48:07,382 [WARN] PackLoader:240 - Cannot read IP mode file for portGmbH.I-Cube-SoM-uGOAL.1.1.0
2025-11-14 10:48:07,399 [WARN] PackLoader:240 - Cannot read IP mode file for STMicroelectronics.X-CUBE-TOF1.3.4.3
2025-11-14 10:48:07,413 [INFO] ThirdParty:978 - Integrity check success = true
2025-11-14 10:48:07,413 [INFO] IntegrityCheckThread:100 - exiting critical section [integrity check]
2025-11-14 10:48:07,413 [INFO] IntegrityCheckThread:103 - End integrity checks thread
2025-11-14 10:48:07,752 [INFO] UserAuth:486 - Internet connection configuration mode: 1
2025-11-14 11:55:14,815 [INFO] WebApp:194 - Connection lost
2025-11-14 12:01:15,635 [INFO] WebApp:191 - Connection restablished
2025-11-14 12:01:17,599 [INFO] WebApp:194 - Connection lost
2025-11-14 12:01:18,217 [INFO] WebApp:191 - Connection restablished
2025-11-14 12:09:49,159 [INFO] WebApp:194 - Connection lost
2025-11-14 12:09:55,128 [INFO] WebApp:191 - Connection restablished
2025-11-14 12:09:58,187 [INFO] WebApp:194 - Connection lost
2025-11-14 12:09:58,691 [INFO] WebApp:191 - Connection restablished
2025-11-14 12:10:10,631 [INFO] WebApp:194 - Connection lost
2025-11-14 12:10:16,700 [INFO] WebApp:191 - Connection restablished
2025-11-14 12:10:18,649 [INFO] WebApp:194 - Connection lost
2025-11-14 12:10:18,940 [INFO] WebApp:191 - Connection restablished
2025-11-14 12:10:21,173 [INFO] WebApp:194 - Connection lost
2025-11-14 12:10:21,823 [INFO] WebApp:191 - Connection restablished
2025-11-14 12:12:06,689 [INFO] WebApp:194 - Connection lost
2025-11-14 12:12:07,142 [INFO] WebApp:191 - Connection restablished
2025-11-14 12:28:01,652 [INFO] WebApp:194 - Connection lost
2025-11-14 12:28:06,573 [INFO] WebApp:191 - Connection restablished
2025-11-14 12:28:09,695 [INFO] WebApp:194 - Connection lost
2025-11-14 12:28:10,041 [INFO] WebApp:191 - Connection restablished
2025-11-14 12:38:10,665 [INFO] WebApp:194 - Connection lost
2025-11-14 12:38:11,105 [INFO] WebApp:191 - Connection restablished
2025-11-14 12:39:21,208 [INFO] WebApp:194 - Connection lost
2025-11-14 12:39:21,873 [INFO] WebApp:191 - Connection restablished
2025-11-14 12:39:29,414 [INFO] WebApp:194 - Connection lost
2025-11-14 12:39:29,674 [INFO] WebApp:191 - Connection restablished
2025-11-14 12:39:32,648 [INFO] WebApp:194 - Connection lost
2025-11-14 12:39:32,960 [INFO] WebApp:191 - Connection restablished
2025-11-14 12:39:45,396 [INFO] WebApp:194 - Connection lost
2025-11-14 12:39:45,664 [INFO] WebApp:191 - Connection restablished
2025-11-14 12:39:48,663 [INFO] WebApp:194 - Connection lost
2025-11-14 12:39:49,376 [INFO] WebApp:191 - Connection restablished
2025-11-14 12:40:06,174 [INFO] WebApp:194 - Connection lost
2025-11-14 12:40:06,677 [INFO] WebApp:191 - Connection restablished
2025-11-14 12:40:17,956 [INFO] WebApp:194 - Connection lost
2025-11-14 12:40:23,727 [INFO] WebApp:191 - Connection restablished
2025-11-14 12:40:25,659 [INFO] WebApp:194 - Connection lost
2025-11-14 12:40:25,959 [INFO] WebApp:191 - Connection restablished
2025-11-14 12:40:28,668 [INFO] WebApp:194 - Connection lost
2025-11-14 12:40:28,965 [INFO] WebApp:191 - Connection restablished
2025-11-14 12:42:13,667 [INFO] WebApp:194 - Connection lost
2025-11-14 12:42:14,393 [INFO] WebApp:191 - Connection restablished
2025-11-14 13:04:09,756 [INFO] WebApp:194 - Connection lost
2025-11-14 13:04:10,330 [INFO] WebApp:191 - Connection restablished
2025-11-14 13:13:01,194 [INFO] WebApp:194 - Connection lost
2025-11-14 13:13:10,453 [INFO] WebApp:191 - Connection restablished
2025-11-14 13:13:41,771 [INFO] WebApp:194 - Connection lost
2025-11-14 13:13:42,636 [INFO] WebApp:191 - Connection restablished
2025-11-14 13:13:45,198 [INFO] WebApp:194 - Connection lost
2025-11-14 13:13:45,581 [INFO] WebApp:191 - Connection restablished
2025-11-14 13:13:53,704 [INFO] WebApp:194 - Connection lost
2025-11-14 13:13:54,701 [INFO] WebApp:191 - Connection restablished
2025-11-14 13:14:03,975 [INFO] WebApp:194 - Connection lost
2025-11-14 13:14:10,539 [INFO] WebApp:191 - Connection restablished
2025-11-14 13:14:12,228 [INFO] WebApp:194 - Connection lost
2025-11-14 13:14:12,645 [INFO] WebApp:191 - Connection restablished
2025-11-14 13:14:14,742 [INFO] WebApp:194 - Connection lost
2025-11-14 13:14:15,263 [INFO] WebApp:191 - Connection restablished
2025-11-14 13:15:59,700 [INFO] WebApp:194 - Connection lost
2025-11-14 13:16:00,321 [INFO] WebApp:191 - Connection restablished
2025-11-14 13:19:20,205 [INFO] WebApp:194 - Connection lost
2025-11-14 13:19:20,744 [INFO] WebApp:191 - Connection restablished
2025-11-14 13:38:58,357 [INFO] WebApp:194 - Connection lost
2025-11-14 13:39:21,750 [INFO] WebApp:191 - Connection restablished
2025-11-14 13:39:21,764 [INFO] WebApp:194 - Connection lost
2025-11-14 13:39:22,225 [INFO] WebApp:191 - Connection restablished
2025-11-14 15:51:49,676 [ERROR] ConfigurationRetriever:142 - IOException on connection: Read timed out
2025-11-14 15:51:53,540 [ERROR] LogOutputStream:75 - [STDERR_REDIRECT] 
2025-11-14 15:51:53,543 [ERROR] LogOutputStream:75 - [STDERR_REDIRECT] 
