2025-11-12 00:06:33,256 [ERROR] LogOutputStream:75 - [STDERR_REDIRECT] 
2025-11-12 08:05:06,611 [INFO] Activator:176 - 


2025-11-12 08:05:06,615 [INFO] Activator:177 - !SESSION log4j initialized
2025-11-12 08:05:17,330 [INFO] LogOutputStream:77 - [STDOUT_REDIRECT] 
2025-11-12 08:05:19,672 [INFO] ApplicationProperties:184 - Using Application install path: C:\ST\STM32CubeIDE_1.18.0\STM32CubeIDE\plugins\com.st.stm32cube.common.mx_6.14.0.202502271554
2025-11-12 08:05:19,699 [INFO] DbMcusXml:78 - Set database path to: C:\ST\STM32CubeIDE_1.18.0\STM32CubeIDE\plugins\com.st.stm32cube.common.mx_6.14.0.202502271554\\db\/mcu/
2025-11-12 08:05:19,699 [INFO] ApiDb:274 - Set plugin database path to: C:\ST\STM32CubeIDE_1.18.0\STM32CubeIDE\plugins\com.st.stm32cube.common.mx_6.14.0.202502271554\\db\/plugins/boardmanager/
2025-11-12 08:05:19,699 [WARN] ApiDb:259 - Overriding images path with different value:  => C:\ST\STM32CubeIDE_1.18.0\STM32CubeIDE\plugins\com.st.stm32cube.common.mx_6.14.0.202502271554\\db\/plugins/mcufinder/images/
2025-11-12 08:05:19,717 [INFO] ApiDb:250 - Set database path to: C:\Users\user\.stmcufinder\plugins\mcufinder//mcu/
2025-11-12 08:05:19,719 [INFO] DbMcusAds:125 - Set database path to: C:\Users\user\.stmcufinder\plugins\mcufinder//mcu/
2025-11-12 08:05:19,723 [INFO] CrossReferenceDbSqlite:203 - Set database path to: C:\Users\user\.stmcufinder\plugins\mcufinder//mcu/cs/
2025-11-12 08:05:19,884 [INFO] RulesReader:64 - Compatibility file has been processed (301 Rules)
2025-11-12 08:05:20,031 [INFO] DbMcusXml:78 - Set database path to: C:\ST\STM32CubeIDE_1.18.0\STM32CubeIDE\plugins\com.st.stm32cube.common.mx_6.14.0.202502271554\\db\/mcu/
2025-11-12 08:05:20,031 [INFO] ApiDb:274 - Set plugin database path to: C:\ST\STM32CubeIDE_1.18.0\STM32CubeIDE\plugins\com.st.stm32cube.common.mx_6.14.0.202502271554\\db\/plugins/boardmanager/
2025-11-12 08:05:20,031 [INFO] ApiDb:261 - Set plugin images path to: C:\ST\STM32CubeIDE_1.18.0\STM32CubeIDE\plugins\com.st.stm32cube.common.mx_6.14.0.202502271554\\db\/plugins/mcufinder/images/
2025-11-12 08:05:20,032 [WARN] DbFile:41 - Overriding database path with different value: C:\Users\user\.stmcufinder\plugins\mcufinder/ => C:\Users\user\.stmcufinder\plugins\mcufinder
2025-11-12 08:05:20,032 [INFO] ApiDb:250 - Set database path to: C:\Users\user\.stmcufinder\plugins\mcufinder//mcu/
2025-11-12 08:05:20,032 [WARN] DbFile:41 - Overriding database path with different value: C:\Users\user\.stmcufinder\plugins\mcufinder/ => C:\Users\user\.stmcufinder\plugins\mcufinder
2025-11-12 08:05:20,032 [INFO] DbMcusAds:125 - Set database path to: C:\Users\user\.stmcufinder\plugins\mcufinder//mcu/
2025-11-12 08:05:20,032 [WARN] DbFile:41 - Overriding database path with different value: C:\Users\user\.stmcufinder\plugins\mcufinder/ => C:\Users\user\.stmcufinder\plugins\mcufinder
2025-11-12 08:05:20,032 [WARN] DbFile:41 - Overriding database path with different value: C:\Users\user\.stmcufinder\plugins\mcufinder/ => C:\Users\user\.stmcufinder\plugins\mcufinder
2025-11-12 08:05:20,032 [INFO] CrossReferenceDbSqlite:203 - Set database path to: C:\Users\user\.stmcufinder\plugins\mcufinder//mcu/cs/
2025-11-12 08:05:20,147 [INFO] MainPanel:272 - HeapMemory: 268435456
2025-11-12 08:05:20,340 [INFO] DbMcusXml:78 - Set database path to: C:\ST\STM32CubeIDE_1.18.0\STM32CubeIDE\plugins\com.st.stm32cube.common.mx_6.14.0.202502271554\\db\/mcu/
2025-11-12 08:05:20,340 [INFO] ApiDb:274 - Set plugin database path to: C:\ST\STM32CubeIDE_1.18.0\STM32CubeIDE\plugins\com.st.stm32cube.common.mx_6.14.0.202502271554\\db\/plugins/boardmanager/
2025-11-12 08:05:20,340 [INFO] ApiDb:261 - Set plugin images path to: C:\ST\STM32CubeIDE_1.18.0\STM32CubeIDE\plugins\com.st.stm32cube.common.mx_6.14.0.202502271554\\db\/plugins/mcufinder/images/
2025-11-12 08:05:20,341 [WARN] DbFile:41 - Overriding database path with different value: C:\Users\user\.stmcufinder\plugins\mcufinder/ => C:\Users\user\.stmcufinder\plugins\mcufinder
2025-11-12 08:05:20,341 [INFO] ApiDb:250 - Set database path to: C:\Users\user\.stmcufinder\plugins\mcufinder//mcu/
2025-11-12 08:05:20,341 [WARN] DbFile:41 - Overriding database path with different value: C:\Users\user\.stmcufinder\plugins\mcufinder/ => C:\Users\user\.stmcufinder\plugins\mcufinder
2025-11-12 08:05:20,341 [INFO] DbMcusAds:125 - Set database path to: C:\Users\user\.stmcufinder\plugins\mcufinder//mcu/
2025-11-12 08:05:20,341 [WARN] DbFile:41 - Overriding database path with different value: C:\Users\user\.stmcufinder\plugins\mcufinder/ => C:\Users\user\.stmcufinder\plugins\mcufinder
2025-11-12 08:05:20,342 [WARN] DbFile:41 - Overriding database path with different value: C:\Users\user\.stmcufinder\plugins\mcufinder/ => C:\Users\user\.stmcufinder\plugins\mcufinder
2025-11-12 08:05:20,342 [INFO] CrossReferenceDbSqlite:203 - Set database path to: C:\Users\user\.stmcufinder\plugins\mcufinder//mcu/cs/
2025-11-12 08:05:20,365 [INFO] ApplicationProperties:184 - Using Application install path: C:\ST\STM32CubeIDE_1.18.0\STM32CubeIDE\plugins\com.st.stm32cube.common.mx_6.14.0.202502271554
2025-11-12 08:05:20,366 [INFO] PluginManage:196 - Search for loadable plugins [exclusion list=, ]
2025-11-12 08:05:20,369 [INFO] PluginManage:310 - Check plugin analytics
2025-11-12 08:05:20,734 [INFO] AnalyticsPlugin:253 - Accepted Software Licenses: 
2025-11-12 08:05:20,734 [INFO] AnalyticsPlugin:255 - Accepted CMSIS Pack Licenses: 
2025-11-12 08:05:20,734 [INFO] AnalyticsPlugin:257 - Accepted Firmware Licenses: FW.F4.1.28.0,FW.G0.1.6.0
2025-11-12 08:05:20,738 [INFO] PluginManage:359 - Loaded plugin analytics (category:tool,tabindex:-1)
2025-11-12 08:05:20,739 [INFO] PluginManage:310 - Check plugin cadmodel
2025-11-12 08:05:20,756 [INFO] CADModel:105 - Init CAD model plugin
2025-11-12 08:05:20,756 [INFO] PluginManage:359 - Loaded plugin cadmodel (category:power,tabindex:5)
2025-11-12 08:05:20,756 [INFO] PluginManage:310 - Check plugin clock
2025-11-12 08:05:20,777 [INFO] PluginManage:359 - Loaded plugin clock (category:base,tabindex:2)
2025-11-12 08:05:20,778 [INFO] PluginManage:310 - Check plugin ddr
2025-11-12 08:05:20,783 [INFO] PluginManage:359 - Loaded plugin ddr (category:tool,tabindex:6)
2025-11-12 08:05:20,784 [INFO] PluginManage:310 - Check plugin filemanager
2025-11-12 08:05:20,973 [INFO] PluginManage:359 - Loaded plugin filemanager (category:base,tabindex:10)
2025-11-12 08:05:20,973 [INFO] PluginManage:310 - Check plugin ipmanager
2025-11-12 08:05:20,981 [INFO] PluginManage:359 - Loaded plugin ipmanager (category:base,tabindex:5)
2025-11-12 08:05:20,981 [INFO] PluginManage:310 - Check plugin lpbam
2025-11-12 08:05:20,990 [INFO] PluginManage:359 - Loaded plugin lpbam (category:base,tabindex:0)
2025-11-12 08:05:20,990 [INFO] PluginManage:310 - Check plugin memorymap
2025-11-12 08:05:21,013 [INFO] PluginManage:359 - Loaded plugin memorymap (category:base,tabindex:4)
2025-11-12 08:05:21,013 [INFO] PluginManage:310 - Check plugin pinoutandconfiguration
2025-11-12 08:05:21,027 [INFO] PluginManage:359 - Loaded plugin pinoutandconfiguration (category:base,tabindex:1)
2025-11-12 08:05:21,027 [INFO] PluginManage:310 - Check plugin pinoutconfig
2025-11-12 08:05:21,232 [WARN] SupportedApi:132 - Cannot load RTOS API schema: s4s-elt-must-match.1: The content of 'definitions' must match (annotation?, (simpleType | complexType)?, (unique | key | keyref)*)). A problem was found starting at: attribute.
2025-11-12 08:05:21,542 [INFO] PluginManage:359 - Loaded plugin pinoutconfig (category:base,tabindex:0)
2025-11-12 08:05:21,542 [INFO] PluginManage:310 - Check plugin power
2025-11-12 08:05:21,569 [INFO] PluginManage:359 - Loaded plugin power (category:power,tabindex:4)
2025-11-12 08:05:21,570 [INFO] PluginManage:310 - Check plugin projectmanager
2025-11-12 08:05:21,595 [INFO] PluginManage:359 - Loaded plugin projectmanager (category:projectmanager,tabindex:4)
2025-11-12 08:05:21,595 [INFO] PluginManage:310 - Check plugin rif
2025-11-12 08:05:21,614 [INFO] PluginManage:359 - Loaded plugin rif (category:base,tabindex:3)
2025-11-12 08:05:21,614 [INFO] PluginManage:310 - Check plugin thirdparty
2025-11-12 08:05:21,895 [INFO] PluginManage:359 - Loaded plugin thirdparty (category:base,tabindex:-1)
2025-11-12 08:05:21,896 [INFO] PluginManage:310 - Check plugin tools
2025-11-12 08:05:21,897 [WARN] IntegrityCheckThread:84 - waiting for thirdparty lock release [integrity check]
2025-11-12 08:05:21,898 [INFO] IntegrityCheckThread:86 - entering critical section [integrity check]
2025-11-12 08:05:21,901 [INFO] PluginManage:359 - Loaded plugin tools (category:base,tabindex:7)
2025-11-12 08:05:21,901 [INFO] PluginManage:310 - Check plugin tutovideos
2025-11-12 08:05:21,901 [INFO] ThirdPartyUpdaterWithRetryManager:70 - Updater plugin not ready yet. [1/15]
2025-11-12 08:05:22,190 [INFO] PluginManage:359 - Loaded plugin tutovideos (category:base,tabindex:-1)
2025-11-12 08:05:22,190 [INFO] PluginManage:310 - Check plugin updater
2025-11-12 08:05:22,228 [INFO] PluginManage:359 - Loaded plugin updater (category:base,tabindex:12)
2025-11-12 08:05:22,229 [INFO] PluginManage:310 - Check plugin userauth
2025-11-12 08:05:22,234 [INFO] UserAuth:118 - Init User Auth plugin
2025-11-12 08:05:22,236 [INFO] PluginManage:359 - Loaded plugin userauth (category:base,tabindex:14)
2025-11-12 08:05:22,236 [INFO] PluginManage:283 - PluginManage : Loaded plugins [18]
2025-11-12 08:05:22,643 [INFO] PinOutPanel:1589 - setPackage(No Configuration,No Configuration)
2025-11-12 08:05:22,815 [INFO] CADModel:165 - CPN selected for project level
2025-11-12 08:05:22,815 [INFO] CADModel:114 - Register for checkConnection events
2025-11-12 08:05:22,865 [INFO] IPUIPlugin:80 - create IPUIPlugin
2025-11-12 08:05:22,865 [INFO] PluginManager:220 - loadIPPluginJar : add adc
2025-11-12 08:05:22,870 [INFO] IPUIPlugin:80 - create IPUIPlugin
2025-11-12 08:05:22,871 [INFO] PluginManager:220 - loadIPPluginJar : add aes
2025-11-12 08:05:22,876 [INFO] IPUIPlugin:80 - create IPUIPlugin
2025-11-12 08:05:22,877 [INFO] PluginManager:220 - loadIPPluginJar : add can
2025-11-12 08:05:22,880 [INFO] IPUIPlugin:80 - create IPUIPlugin
2025-11-12 08:05:22,880 [INFO] PluginManager:220 - loadIPPluginJar : add comp
2025-11-12 08:05:22,885 [INFO] IPUIPlugin:80 - create IPUIPlugin
2025-11-12 08:05:22,885 [INFO] PluginManager:220 - loadIPPluginJar : add cryp
2025-11-12 08:05:22,894 [INFO] IPUIPlugin:80 - create IPUIPlugin
2025-11-12 08:05:22,894 [INFO] PluginManager:220 - loadIPPluginJar : add ddr_ctrl_phy
2025-11-12 08:05:22,899 [INFO] IPUIPlugin:80 - create IPUIPlugin
2025-11-12 08:05:22,899 [INFO] PluginManager:220 - loadIPPluginJar : add dfsdm
2025-11-12 08:05:22,910 [INFO] IPUIPlugin:80 - create IPUIPlugin
2025-11-12 08:05:22,911 [INFO] PluginManager:220 - loadIPPluginJar : add dma
2025-11-12 08:05:22,917 [INFO] IPUIPlugin:80 - create IPUIPlugin
2025-11-12 08:05:22,917 [INFO] PluginManager:220 - loadIPPluginJar : add dma3
2025-11-12 08:05:22,924 [INFO] IPUIPlugin:80 - create IPUIPlugin
2025-11-12 08:05:22,924 [INFO] PluginManager:220 - loadIPPluginJar : add extmemmanager
2025-11-12 08:05:22,928 [INFO] IPUIPlugin:80 - create IPUIPlugin
2025-11-12 08:05:22,928 [INFO] PluginManager:220 - loadIPPluginJar : add fatfs
2025-11-12 08:05:22,937 [INFO] IPUIPlugin:80 - create IPUIPlugin
2025-11-12 08:05:22,937 [INFO] PluginManager:220 - loadIPPluginJar : add fmc
2025-11-12 08:05:22,948 [INFO] IPUIPlugin:80 - create IPUIPlugin
2025-11-12 08:05:22,949 [INFO] PluginManager:220 - loadIPPluginJar : add freertos
2025-11-12 08:05:22,951 [INFO] IPUIPlugin:80 - create IPUIPlugin
2025-11-12 08:05:22,952 [INFO] PluginManager:220 - loadIPPluginJar : add genericplugin
2025-11-12 08:05:22,957 [INFO] IPUIPlugin:80 - create IPUIPlugin
2025-11-12 08:05:22,957 [INFO] PluginManager:220 - loadIPPluginJar : add gfxmmu
2025-11-12 08:05:22,966 [INFO] IPUIPlugin:80 - create IPUIPlugin
2025-11-12 08:05:22,966 [INFO] PluginManager:220 - loadIPPluginJar : add gic
2025-11-12 08:05:22,973 [INFO] IPUIPlugin:80 - create IPUIPlugin
2025-11-12 08:05:22,974 [INFO] PluginManager:220 - loadIPPluginJar : add gpio
2025-11-12 08:05:22,977 [INFO] IPUIPlugin:80 - create IPUIPlugin
2025-11-12 08:05:22,978 [INFO] PluginManager:220 - loadIPPluginJar : add gtzc
2025-11-12 08:05:22,981 [INFO] IPUIPlugin:80 - create IPUIPlugin
2025-11-12 08:05:22,981 [INFO] PluginManager:220 - loadIPPluginJar : add hash
2025-11-12 08:05:22,987 [INFO] IPUIPlugin:80 - create IPUIPlugin
2025-11-12 08:05:22,987 [INFO] PluginManager:220 - loadIPPluginJar : add i2c
2025-11-12 08:05:22,992 [INFO] IPUIPlugin:80 - create IPUIPlugin
2025-11-12 08:05:22,992 [INFO] PluginManager:220 - loadIPPluginJar : add i2s
2025-11-12 08:05:22,996 [INFO] IPUIPlugin:80 - create IPUIPlugin
2025-11-12 08:05:22,996 [INFO] PluginManager:220 - loadIPPluginJar : add i3c
2025-11-12 08:05:23,002 [INFO] IPUIPlugin:80 - create IPUIPlugin
2025-11-12 08:05:23,002 [INFO] PluginManager:220 - loadIPPluginJar : add ipddr
2025-11-12 08:05:23,012 [INFO] IPUIPlugin:80 - create IPUIPlugin
2025-11-12 08:05:23,013 [INFO] PluginManager:220 - loadIPPluginJar : add linkedlist
2025-11-12 08:05:23,018 [INFO] IPUIPlugin:80 - create IPUIPlugin
2025-11-12 08:05:23,018 [INFO] PluginManager:220 - loadIPPluginJar : add lorawan
2025-11-12 08:05:23,020 [INFO] IPUIPlugin:80 - create IPUIPlugin
2025-11-12 08:05:23,021 [INFO] PluginManager:220 - loadIPPluginJar : add ltdc
2025-11-12 08:05:23,028 [INFO] IPUIPlugin:80 - create IPUIPlugin
2025-11-12 08:05:23,028 [INFO] PluginManager:220 - loadIPPluginJar : add mdma
2025-11-12 08:05:23,034 [INFO] IPUIPlugin:80 - create IPUIPlugin
2025-11-12 08:05:23,034 [INFO] PluginManager:220 - loadIPPluginJar : add nvic
2025-11-12 08:05:23,039 [INFO] IPUIPlugin:80 - create IPUIPlugin
2025-11-12 08:05:23,039 [INFO] PluginManager:220 - loadIPPluginJar : add opamp
2025-11-12 08:05:23,044 [INFO] IPUIPlugin:80 - create IPUIPlugin
2025-11-12 08:05:23,044 [INFO] PluginManager:220 - loadIPPluginJar : add openamp
2025-11-12 08:05:23,051 [INFO] IPUIPlugin:80 - create IPUIPlugin
2025-11-12 08:05:23,051 [INFO] PluginManager:220 - loadIPPluginJar : add pdm2pcm
2025-11-12 08:05:23,062 [INFO] IPUIPlugin:80 - create IPUIPlugin
2025-11-12 08:05:23,066 [INFO] PluginManager:220 - loadIPPluginJar : add plateformsettings
2025-11-12 08:05:23,070 [INFO] IPUIPlugin:80 - create IPUIPlugin
2025-11-12 08:05:23,070 [INFO] PluginManager:220 - loadIPPluginJar : add quadspi
2025-11-12 08:05:23,074 [INFO] IPUIPlugin:80 - create IPUIPlugin
2025-11-12 08:05:23,075 [INFO] PluginManager:220 - loadIPPluginJar : add radio
2025-11-12 08:05:23,083 [INFO] IPUIPlugin:80 - create IPUIPlugin
2025-11-12 08:05:23,084 [INFO] PluginManager:220 - loadIPPluginJar : add resmgrutility
2025-11-12 08:05:23,088 [INFO] IPUIPlugin:80 - create IPUIPlugin
2025-11-12 08:05:23,088 [INFO] PluginManager:220 - loadIPPluginJar : add sai
2025-11-12 08:05:23,094 [INFO] IPUIPlugin:80 - create IPUIPlugin
2025-11-12 08:05:23,094 [INFO] PluginManager:220 - loadIPPluginJar : add spi
2025-11-12 08:05:23,109 [INFO] IPUIPlugin:80 - create IPUIPlugin
2025-11-12 08:05:23,109 [INFO] PluginManager:220 - loadIPPluginJar : add stm32_wpan
2025-11-12 08:05:23,112 [INFO] IPUIPlugin:80 - create IPUIPlugin
2025-11-12 08:05:23,112 [INFO] PluginManager:220 - loadIPPluginJar : add tim
2025-11-12 08:05:23,117 [INFO] IPUIPlugin:80 - create IPUIPlugin
2025-11-12 08:05:23,118 [INFO] PluginManager:220 - loadIPPluginJar : add touchsensing
2025-11-12 08:05:23,123 [INFO] IPUIPlugin:80 - create IPUIPlugin
2025-11-12 08:05:23,123 [INFO] PluginManager:220 - loadIPPluginJar : add tracer_emb
2025-11-12 08:05:23,126 [INFO] IPUIPlugin:80 - create IPUIPlugin
2025-11-12 08:05:23,127 [INFO] PluginManager:220 - loadIPPluginJar : add ts
2025-11-12 08:05:23,129 [INFO] IPUIPlugin:80 - create IPUIPlugin
2025-11-12 08:05:23,130 [INFO] PluginManager:220 - loadIPPluginJar : add tsc
2025-11-12 08:05:23,133 [INFO] IPUIPlugin:80 - create IPUIPlugin
2025-11-12 08:05:23,133 [INFO] PluginManager:220 - loadIPPluginJar : add ucpd
2025-11-12 08:05:23,139 [INFO] IPUIPlugin:80 - create IPUIPlugin
2025-11-12 08:05:23,139 [INFO] PluginManager:220 - loadIPPluginJar : add usart
2025-11-12 08:05:23,144 [INFO] IPUIPlugin:80 - create IPUIPlugin
2025-11-12 08:05:23,145 [INFO] PluginManager:220 - loadIPPluginJar : add usbx
2025-11-12 08:05:23,416 [FATAL] Updater:351 - Updater called before beeing initialized
2025-11-12 08:05:23,545 [INFO] RulesReader:64 - Compatibility file has been processed (301 Rules)
2025-11-12 08:05:23,567 [INFO] RulesReader:64 - Compatibility file has been processed (301 Rules)
2025-11-12 08:05:23,578 [INFO] CADModel:165 - CPN selected for project level
2025-11-12 08:05:23,578 [INFO] CADModel:114 - Register for checkConnection events
2025-11-12 08:05:23,578 [FATAL] Updater:351 - Updater called before beeing initialized
2025-11-12 08:05:23,578 [ERROR] CADModel:125 - Updater not yet initialized, retry later 
2025-11-12 08:05:23,851 [FATAL] Updater:351 - Updater called before beeing initialized
2025-11-12 08:05:23,857 [INFO] CADModel:165 - CPN selected for project level
2025-11-12 08:05:23,857 [INFO] CADModel:114 - Register for checkConnection events
2025-11-12 08:05:23,858 [FATAL] Updater:351 - Updater called before beeing initialized
2025-11-12 08:05:23,858 [ERROR] CADModel:125 - Updater not yet initialized, retry later 
2025-11-12 08:05:23,864 [FATAL] Updater:351 - Updater called before beeing initialized
2025-11-12 08:05:24,132 [FATAL] Updater:351 - Updater called before beeing initialized
2025-11-12 08:05:24,141 [INFO] DbMcusAds:53 - JSON generation date=Thu Oct 02 15:06:05 IST 2025 (1759397765645)
2025-11-12 08:05:24,142 [FATAL] Updater:351 - Updater called before beeing initialized
2025-11-12 08:05:24,216 [WARN] DetailPanel:346 - Failed to get advertising image, set to default
2025-11-12 08:05:24,603 [FATAL] Updater:351 - Updater called before beeing initialized
2025-11-12 08:05:24,605 [FATAL] Updater:351 - Updater called before beeing initialized
2025-11-12 08:05:24,605 [FATAL] Updater:351 - Updater called before beeing initialized
2025-11-12 08:05:24,605 [WARN] DetailPanel:346 - Failed to get advertising image, set to default
2025-11-12 08:05:24,606 [FATAL] Updater:351 - Updater called before beeing initialized
2025-11-12 08:05:24,723 [ERROR] Updater:1198 - MainUpdater not yet initialized. External WinMGr cannot be set.
2025-11-12 08:05:24,725 [INFO] Updater:1134 - Updater Version found : 6.14.0
2025-11-12 08:05:24,752 [INFO] ApplicationProperties:184 - Using Application install path: C:\ST\STM32CubeIDE_1.18.0\STM32CubeIDE\plugins\com.st.stm32cube.common.mx_6.14.0.202502271554
2025-11-12 08:05:24,902 [INFO] ThirdPartyUpdaterWithRetryManager:70 - Updater plugin not ready yet. [2/15]
2025-11-12 08:05:26,328 [ERROR] LogOutputStream:75 - [STDERR_REDIRECT] Nov 12, 2025 8:05:26 AM java.util.prefs.WindowsPreferences <init>
2025-11-12 08:05:26,331 [ERROR] LogOutputStream:75 - [STDERR_REDIRECT] WARNING: Could not open/create prefs root node Software\JavaSoft\Prefs at root 0xffffffff80000002. Windows RegCreateKeyEx(...) returned error code 5.
2025-11-12 08:05:26,331 [ERROR] LogOutputStream:75 - [STDERR_REDIRECT] 
2025-11-12 08:05:27,052 [INFO] MainUpdater:2872 - connection check result : 10
2025-11-12 08:05:27,052 [INFO] MainUpdater:3566 - Updater definition file requires update
2025-11-12 08:05:27,053 [INFO] MainUpdater:289 - Updater Check For Update Now.
2025-11-12 08:05:27,053 [INFO] MicroXplorer:498 - Change Database Version : DB.6.0.140
2025-11-12 08:05:27,091 [INFO] McuFinderGlobals:63 - Set McuFinder mode to 2 (CubeIDE integrated)
2025-11-12 08:05:27,093 [INFO] UserAuth:486 - Internet connection configuration mode: 1
2025-11-12 08:05:27,131 [INFO] JxBrowserEngine:152 - Initiate JxBrowser Engine with user profile folder
2025-11-12 08:05:27,366 [INFO] ServerAccessManage:473 - Download File updaters.zip
2025-11-12 08:05:27,714 [INFO] FileExtend:242 - Unzip File : updaters.zip
2025-11-12 08:05:27,715 [INFO] FileExtend:257 - Standard Zip Deflate
2025-11-12 08:05:27,903 [WARN] MainUpdater:1193 - Updater busy. Cannot search thirdparties
2025-11-12 08:05:27,903 [INFO] ThirdPartyUpdaterWithRetryManager:96 - Updater plugin is busy. [1/15]
2025-11-12 08:05:29,761 [INFO] ServerAccessManage:473 - Download File PacksControlFlags.xml
2025-11-12 08:05:29,842 [INFO] WebApp:169 - Instantiating new browser for Auth
2025-11-12 08:05:29,991 [INFO] ServerAccessManage:473 - Download File cubemx.pidx
2025-11-12 08:05:30,904 [WARN] MainUpdater:1193 - Updater busy. Cannot search thirdparties
2025-11-12 08:05:30,904 [INFO] ThirdPartyUpdaterWithRetryManager:96 - Updater plugin is busy. [2/15]
2025-11-12 08:05:32,716 [INFO] WebApp:463 - Apply proxy settings
2025-11-12 08:05:32,717 [INFO] WebApp:548 - Chromium requires no authentication
2025-11-12 08:05:32,805 [INFO] WebApp:491 - Direct internet connection detected
2025-11-12 08:05:32,878 [INFO] WebApp:894 - Register for checkConnection events
2025-11-12 08:05:32,878 [INFO] WebApp:463 - Apply proxy settings
2025-11-12 08:05:32,878 [INFO] WebApp:548 - Chromium requires no authentication
2025-11-12 08:05:32,880 [INFO] WebApp:491 - Direct internet connection detected
2025-11-12 08:05:33,625 [INFO] WebApp:191 - Connection restablished
2025-11-12 08:05:33,656 [INFO] WebApp:225 - Starting web application
2025-11-12 08:05:33,657 [INFO] WebApp:593 - Web application path used C:\ST\STM32CubeIDE_1.18.0\STM32CubeIDE\plugins\com.st.stm32cube.common.mx_6.14.0.202502271554\db\plugins\mcufinder\reactClient1\index.html
2025-11-12 08:05:33,906 [WARN] MainUpdater:1193 - Updater busy. Cannot search thirdparties
2025-11-12 08:05:33,906 [INFO] ThirdPartyUpdaterWithRetryManager:96 - Updater plugin is busy. [3/15]
2025-11-12 08:05:33,957 [INFO] UserAuth:486 - Internet connection configuration mode: 1
2025-11-12 08:05:34,300 [ERROR] ServerAccessManage:1172 - Problem during Server Connection :  IO error PKIX path building failed: sun.security.provider.certpath.SunCertPathBuilderException: unable to find valid certification path to requested target
2025-11-12 08:05:34,301 [ERROR] ServerAccessManage:651 - Problem during Server Connection :  : Avnet-IOTCONNECT.X-CUBE-iotc-st67-sdk.pdsc.
2025-11-12 08:05:34,453 [INFO] LoadServerUpdatesThread:375 - End of LoadServerUpdate Thread
2025-11-12 08:05:34,682 [INFO] CheckServerUpdateThread:120 - End of CheckServer Thread
2025-11-12 08:05:37,390 [WARN] PackLoader:240 - Cannot read IP mode file for STMicroelectronics.FP-SNS-MOTENVWB1.1.4.0
2025-11-12 08:05:37,400 [WARN] PackLoader:240 - Cannot read IP mode file for STMicroelectronics.FP-ATR-ASTRA1.2.0.2
2025-11-12 08:05:37,408 [WARN] PackLoader:240 - Cannot read IP mode file for STMicroelectronics.X-CUBE-SMBUS.2.1.0
2025-11-12 08:05:37,416 [WARN] PackLoader:240 - Cannot read IP mode file for STMicroelectronics.X-CUBE-ST60.1.0.0
2025-11-12 08:05:37,458 [WARN] PackLoader:240 - Cannot read IP mode file for STMicroelectronics.X-CUBE-AZRTOS-F7.1.1.0
2025-11-12 08:05:37,546 [ERROR] Engine:466 - C:\Users\user\.stm32cubemx\thirdparties\pdsc\STMicroelectronics.FP-SNS-MOTENV1.5.1.0.pdsc: PDSC version is not supported
2025-11-12 08:05:37,585 [WARN] PackLoader:240 - Cannot read IP mode file for Infineon.AIROC-Wi-Fi-Bluetooth-STM32.1.7.1
2025-11-12 08:05:37,633 [WARN] PackLoader:240 - Cannot read IP mode file for STMicroelectronics.X-CUBE-AZRTOS-H7.3.4.0
2025-11-12 08:05:37,647 [WARN] PackLoader:240 - Cannot read IP mode file for STMicroelectronics.X-CUBE-DISPLAY.3.0.0
2025-11-12 08:05:37,662 [WARN] PackLoader:240 - Cannot read IP mode file for STMicroelectronics.X-CUBE-NFC10.1.0.0
2025-11-12 08:05:37,672 [WARN] PackLoader:240 - Cannot read IP mode file for STMicroelectronics.X-CUBE-ST60.1.1.0
2025-11-12 08:05:37,683 [WARN] PackLoader:240 - Cannot read IP mode file for emotas.I-CUBE-CANOPEN.1.3.0
2025-11-12 08:05:37,690 [WARN] PackLoader:240 - Cannot read IP mode file for STMicroelectronics.X-CUBE-GNSS1.7.1.0
2025-11-12 08:05:37,699 [ERROR] Engine:466 - C:\Users\user\.stm32cubemx\thirdparties\pdsc\STMicroelectronics.FP-SNS-STBOX1.2.1.0.pdsc: PDSC version is not supported
2025-11-12 08:05:37,706 [WARN] PackLoader:240 - Cannot read IP mode file for STMicroelectronics.FP-SNS-SMARTAG2.1.2.0
2025-11-12 08:05:37,714 [WARN] PackLoader:240 - Cannot read IP mode file for STMicroelectronics.FP-SNS-FLIGHT1.5.1.0
2025-11-12 08:05:37,725 [INFO] LogOutputStream:77 - [STDOUT_REDIRECT] 1 : Invalid condition id : UX_CORESTACK_Condition cause : null
2025-11-12 08:05:37,726 [INFO] LogOutputStream:77 - [STDOUT_REDIRECT] 1 : Invalid condition id : UX_CORESTACK_Condition cause : null
2025-11-12 08:05:37,730 [INFO] LogOutputStream:77 - [STDOUT_REDIRECT] 1 : Invalid condition id : UX_CORESTACK_Condition cause : null
2025-11-12 08:05:37,732 [INFO] LogOutputStream:77 - [STDOUT_REDIRECT] 1 : Invalid condition id : UX_CORESTACK_Condition cause : null
2025-11-12 08:05:37,734 [INFO] LogOutputStream:77 - [STDOUT_REDIRECT] 1 : Invalid condition id : UX_CORESTACK_Condition cause : null
2025-11-12 08:05:37,738 [WARN] PackLoader:240 - Cannot read IP mode file for STMicroelectronics.X-CUBE-AZRTOS-WL.2.0.0
2025-11-12 08:05:37,748 [WARN] PackLoader:240 - Cannot read IP mode file for STMicroelectronics.FP-SNS-MOTENV1.5.0.0
2025-11-12 08:05:37,758 [WARN] PackLoader:240 - Cannot read IP mode file for WES.I-CUBE-Cesium.1.3.0
2025-11-12 08:05:37,767 [WARN] PackLoader:240 - Cannot read IP mode file for STMicroelectronics.X-CUBE-BLE2.3.3.0
2025-11-12 08:05:37,775 [WARN] PackLoader:240 - Cannot read IP mode file for STMicroelectronics.X-CUBE-NFC9.1.0.0
2025-11-12 08:05:37,785 [WARN] PackLoader:240 - Cannot read IP mode file for wolfSSL.I-CUBE-wolfSSL.5.8.2
2025-11-12 08:05:37,795 [WARN] PackLoader:240 - Cannot read IP mode file for STMicroelectronics.X-CUBE-BLE1.7.1.0
2025-11-12 08:05:37,803 [WARN] PackLoader:240 - Cannot read IP mode file for wolfSSL.I-CUBE-wolfMQTT.1.19.2
2025-11-12 08:05:37,814 [WARN] PackLoader:240 - Cannot read IP mode file for STMicroelectronics.X-CUBE-EEPRMA1.5.2.0
2025-11-12 08:05:37,820 [ERROR] Engine:466 - C:\Users\user\.stm32cubemx\thirdparties\pdsc\STMicroelectronics.X-CUBE-ST67W61.1.1.0.pdsc: PDSC version is not supported
2025-11-12 08:05:37,829 [WARN] PackLoader:240 - Cannot read IP mode file for STMicroelectronics.X-CUBE-AI.10.1.0
2025-11-12 08:05:37,850 [WARN] PackLoader:240 - Cannot read IP mode file for STMicroelectronics.X-CUBE-AZRTOS-G0.1.1.0
2025-11-12 08:05:37,864 [WARN] PackLoader:240 - Cannot read IP mode file for STMicroelectronics.X-CUBE-SAFEA1.1.2.2
2025-11-12 08:05:37,874 [WARN] PackLoader:240 - Cannot read IP mode file for STMicroelectronics.X-CUBE-NFC4.3.0.0
2025-11-12 08:05:37,886 [WARN] PackLoader:240 - Cannot read IP mode file for EmbeddedOffice.I-CUBE-FS-RTOS.1.0.1
2025-11-12 08:05:37,892 [WARN] PackLoader:240 - Cannot read IP mode file for STMicroelectronics.X-CUBE-WB05N.2.0.0
2025-11-12 08:05:37,899 [WARN] PackLoader:240 - Cannot read IP mode file for wolfSSL.I-CUBE-wolfTPM.3.8.0
2025-11-12 08:05:37,906 [WARN] PackLoader:240 - Cannot read IP mode file for STMicroelectronics.X-CUBE-TCPP.4.2.0
2025-11-12 08:05:37,915 [WARN] PackLoader:240 - Cannot read IP mode file for RealThread.X-CUBE-RT-Thread_Nano.4.1.1
2025-11-12 08:05:37,922 [WARN] PackLoader:240 - Cannot read IP mode file for STMicroelectronics.FP-ATR-SIGFOX1.3.2.0
2025-11-12 08:05:37,930 [WARN] PackLoader:240 - Cannot read IP mode file for ITTIA_DB.I-CUBE-ITTIADB.8.9.0
2025-11-12 08:05:37,936 [WARN] PackLoader:240 - Cannot read IP mode file for STMicroelectronics.X-CUBE-ST67W61.1.0.0
2025-11-12 08:05:37,940 [WARN] PackLoader:240 - Cannot read IP mode file for STMicroelectronics.X-CUBE-AI.10.2.0
2025-11-12 08:05:37,975 [WARN] PackLoader:240 - Cannot read IP mode file for SEGGER.I-CUBE-embOS.1.3.1
2025-11-12 08:05:38,065 [WARN] PackLoader:240 - Cannot read IP mode file for STMicroelectronics.X-CUBE-ALGOBUILD.1.4.0
2025-11-12 08:05:38,147 [WARN] PackLoader:240 - Cannot read IP mode file for STMicroelectronics.X-CUBE-MEMS1.11.3.0
2025-11-12 08:05:38,358 [WARN] PackLoader:240 - Cannot read IP mode file for STMicroelectronics.X-CUBE-PM33A1.1.0.0
2025-11-12 08:05:38,383 [WARN] PackLoader:240 - Cannot read IP mode file for STMicroelectronics.X-CUBE-AZRTOS-F4.1.1.0
2025-11-12 08:05:38,394 [WARN] PackLoader:240 - Cannot read IP mode file for STMicroelectronics.X-CUBE-ISPU.2.1.0
2025-11-12 08:05:38,401 [ERROR] Engine:466 - C:\Users\user\.stm32cubemx\thirdparties\pdsc\STMicroelectronics.X-CUBE-IPS.3.2.0.pdsc: PDSC version is not supported
2025-11-12 08:05:38,412 [WARN] PackLoader:240 - Cannot read IP mode file for STMicroelectronics.X-CUBE-NFC12.1.0.0
2025-11-12 08:05:38,434 [WARN] PackLoader:240 - Cannot read IP mode file for STMicroelectronics.X-CUBE-AZRTOS-L5.2.0.0
2025-11-12 08:05:38,447 [WARN] PackLoader:240 - Cannot read IP mode file for STMicroelectronics.X-CUBE-NFC6.3.1.0
2025-11-12 08:05:38,455 [WARN] PackLoader:240 - Cannot read IP mode file for STMicroelectronics.X-CUBE-FREERTOS.1.3.1
2025-11-12 08:05:38,462 [WARN] PackLoader:240 - Cannot read IP mode file for STMicroelectronics.X-CUBE-TOUCHGFX.4.26.0
2025-11-12 08:05:38,472 [WARN] PackLoader:240 - Cannot read IP mode file for STMicroelectronics.FP-SNS-STAIOTCFT.1.0.0
2025-11-12 08:05:38,481 [WARN] PackLoader:240 - Cannot read IP mode file for STMicroelectronics.X-CUBE-DPower.1.3.0
2025-11-12 08:05:38,499 [WARN] ConditionMgr:438 - getConditionDescription Invalid condition id : LAN8742 Phy interface Condition cause : null
2025-11-12 08:05:38,500 [WARN] PackLoader:240 - Cannot read IP mode file for STMicroelectronics.X-CUBE-AZRTOS-L4.2.0.0
2025-11-12 08:05:38,502 [WARN] ConditionMgr:1044 - genDependencies : Invalid condition id : LAN8742 Phy interface Condition cause : null
2025-11-12 08:05:38,503 [WARN] ConditionMgr:1044 - genDependencies : Invalid condition id : LAN8742 Phy interface Condition cause : null
2025-11-12 08:05:38,503 [WARN] ConditionMgr:1044 - genDependencies : Invalid condition id : LAN8742 Phy interface Condition cause : null
2025-11-12 08:05:38,515 [WARN] PackLoader:240 - Cannot read IP mode file for STMicroelectronics.X-CUBE-SFXS2LP1.4.0.0
2025-11-12 08:05:38,529 [WARN] PackLoader:240 - Cannot read IP mode file for STMicroelectronics.X-CUBE-BLEMGR.4.1.0
2025-11-12 08:05:38,552 [WARN] ConditionMgr:438 - getConditionDescription Invalid condition id : UX DEVICE CLASS RTOS Condition cause : null
2025-11-12 08:05:38,552 [WARN] ConditionMgr:438 - getConditionDescription Invalid condition id : UX DEVICE CLASS RTOS Condition cause : null
2025-11-12 08:05:38,555 [WARN] PackLoader:240 - Cannot read IP mode file for STMicroelectronics.X-CUBE-AZRTOS-WB.2.0.0
2025-11-12 08:05:38,556 [WARN] ConditionMgr:1044 - genDependencies : Invalid condition id : UX DEVICE CLASS RTOS Condition cause : null
2025-11-12 08:05:38,556 [WARN] ConditionMgr:1044 - genDependencies : Invalid condition id : UX DEVICE CLASS RTOS Condition cause : null
2025-11-12 08:05:38,557 [WARN] ConditionMgr:1044 - genDependencies : Invalid condition id : UX DEVICE CLASS RTOS Condition cause : null
2025-11-12 08:05:38,557 [WARN] ConditionMgr:1044 - genDependencies : Invalid condition id : UX DEVICE CLASS RTOS Condition cause : null
2025-11-12 08:05:38,558 [WARN] ConditionMgr:1044 - genDependencies : Invalid condition id : UX DEVICE CLASS RTOS Condition cause : null
2025-11-12 08:05:38,654 [WARN] PackLoader:240 - Cannot read IP mode file for STMicroelectronics.X-CUBE-GNSS1.7.0.1
2025-11-12 08:05:38,659 [WARN] PackLoader:240 - Cannot read IP mode file for STMicroelectronics.X-CUBE-TOUCHGFX.4.25.0
2025-11-12 08:05:38,668 [WARN] PackLoader:240 - Cannot read IP mode file for STMicroelectronics.FP-SNS-STBOX1.2.0.0
2025-11-12 08:05:38,678 [WARN] ConditionMgr:438 - getConditionDescription Invalid condition id : Cortex-A Device cause : null
2025-11-12 08:05:38,694 [WARN] ConditionMgr:1044 - genDependencies : Invalid condition id : Cortex-A Device cause : null
2025-11-12 08:05:38,694 [WARN] ConditionMgr:1044 - genDependencies : Invalid condition id : Cortex-A Device cause : null
2025-11-12 08:05:38,695 [WARN] ConditionMgr:1044 - genDependencies : Invalid condition id : Cortex-A Device cause : null
2025-11-12 08:05:38,709 [WARN] PackLoader:240 - Cannot read IP mode file for STMicroelectronics.X-CUBE-SUBG2.5.0.0
2025-11-12 08:05:38,739 [WARN] PackLoader:240 - Cannot read IP mode file for STMicroelectronics.X-CUBE-AZRTOS-H7RS.1.1.0
2025-11-12 08:05:38,845 [WARN] PackLoader:240 - Cannot read IP mode file for Cesanta.I-CUBE-Mongoose.7.13.0
2025-11-12 08:05:38,858 [WARN] PackLoader:240 - Cannot read IP mode file for STMicroelectronics.X-CUBE-AZRTOS-G4.2.0.0
2025-11-12 08:05:38,868 [WARN] PackLoader:240 - Cannot read IP mode file for wolfSSL.I-CUBE-wolfSSH.1.4.20
2025-11-12 08:05:38,882 [WARN] PackLoader:240 - Cannot read IP mode file for STMicroelectronics.X-CUBE-NFC7.2.0.0
2025-11-12 08:05:38,903 [WARN] PackLoader:240 - Cannot read IP mode file for STMicroelectronics.X-CUBE-IPS.3.1.0
2025-11-12 08:05:39,004 [WARN] PackLoader:240 - Cannot read IP mode file for STMicroelectronics.X-CUBE-ALS.1.0.2
2025-11-12 08:05:39,014 [WARN] PackLoader:240 - Cannot read IP mode file for STMicroelectronics.X-CUBE-STSE01.1.0.0
2025-11-12 08:05:39,021 [WARN] PackLoader:240 - Cannot read IP mode file for portGmbH.I-Cube-SoM-uGOAL.1.1.0
2025-11-12 08:05:39,036 [WARN] PackLoader:240 - Cannot read IP mode file for STMicroelectronics.X-CUBE-TOF1.3.4.3
2025-11-12 08:05:39,049 [INFO] ThirdParty:978 - Integrity check success = true
2025-11-12 08:05:39,049 [INFO] IntegrityCheckThread:100 - exiting critical section [integrity check]
2025-11-12 08:05:39,049 [INFO] IntegrityCheckThread:103 - End integrity checks thread
2025-11-12 08:53:22,014 [INFO] LogOutputStream:77 - [STDOUT_REDIRECT] StartTraceHandler.execute(), success : Collect=false
2025-11-12 08:53:23,836 [INFO] LogOutputStream:77 - [STDOUT_REDIRECT] StartTraceHandler.execute(), success : Collect=true
2025-11-12 08:53:25,700 [INFO] LogOutputStream:77 - [STDOUT_REDIRECT] StartTraceHandler.execute(), success : Collect=false
2025-11-12 08:53:27,548 [INFO] LogOutputStream:77 - [STDOUT_REDIRECT] StartTraceHandler.execute(), success : Collect=true
2025-11-12 08:55:22,167 [INFO] LogOutputStream:77 - [STDOUT_REDIRECT] StartTraceHandler.execute(), success : Collect=false
2025-11-12 08:55:23,488 [INFO] LogOutputStream:77 - [STDOUT_REDIRECT] StartTraceHandler.execute(), success : Collect=true
2025-11-12 08:55:24,523 [INFO] LogOutputStream:77 - [STDOUT_REDIRECT] StartTraceHandler.execute(), success : Collect=false
2025-11-12 08:55:31,495 [INFO] LogOutputStream:77 - [STDOUT_REDIRECT] StartTraceHandler.execute(), success : Collect=true
2025-11-12 08:57:16,026 [ERROR] LogOutputStream:75 - [STDERR_REDIRECT] Exception in thread "SWV client thread" java.lang.NullPointerException: Cannot invoke "com.st.stm32cube.ide.mcu.debug.swv.core.SWVPlugin.isDebugging()" because "com.st.stm32cube.ide.mcu.debug.swv.core.SWVPlugin.plugin" is null
2025-11-12 08:57:16,030 [ERROR] LogOutputStream:75 - [STDERR_REDIRECT] 	at com.st.stm32cube.ide.mcu.debug.swv.core.SWVPlugin.debugTrace(SWVPlugin.java:85)
2025-11-12 08:57:16,033 [ERROR] LogOutputStream:75 - [STDERR_REDIRECT] 	at com.st.stm32cube.ide.mcu.debug.swv.core.SWVClient.TRACE(SWVClient.java:768)
2025-11-12 08:57:16,035 [ERROR] LogOutputStream:75 - [STDERR_REDIRECT] 	at com.st.stm32cube.ide.mcu.debug.swv.core.SWVClient.readByte(SWVClient.java:296)
2025-11-12 08:57:16,037 [ERROR] LogOutputStream:75 - [STDERR_REDIRECT] 	at com.st.stm32cube.ide.mcu.debug.swv.core.SWVClient.getNextByte(SWVClient.java:277)
2025-11-12 08:57:16,038 [ERROR] LogOutputStream:75 - [STDERR_REDIRECT] 	at com.st.stm32cube.ide.mcu.debug.swv.core.SWVClient.run(SWVClient.java:313)
2025-11-12 08:57:21,782 [ERROR] LogOutputStream:75 - [STDERR_REDIRECT] 
2025-11-12 08:57:21,783 [ERROR] LogOutputStream:75 - [STDERR_REDIRECT] 
