../Drivers/CMSIS/Include/core_cm4.h:1722:22:__NVIC_DisableIRQ	16	static,ignoring_inline_asm
../Core/Src/main.c:85:5:main	8	static
../Core/Src/main.c:143:6:SystemClock_Config	88	static
../Core/Src/main.c:190:13:MX_CRC_Init	8	static
../Core/Src/main.c:216:13:MX_USART2_UART_Init	8	static
../Core/Src/main.c:249:13:MX_GPIO_Init	32	static
../Core/Src/main.c:271:13:printmsg	96	static
../Core/Src/main.c:285:6:bootloader_uart_read_data	16	static
../Core/Src/main.c:341:6:bootloader_jump_to_user_app	24	static,ignoring_inline_asm
../Core/Src/main.c:387:6:HAL_GPIO_EXTI_Callback	16	static
../Core/Src/main.c:395:6:bootloader_handle_getver_cmd	32	static
../Core/Src/main.c:426:6:bootloader_handle_gethelp_cmd	24	static
../Core/Src/main.c:451:6:bootloader_handle_getcid_cmd	32	static
../Core/Src/main.c:478:6:bootloader_handle_getrdp_cmd	32	static
../Core/Src/main.c:504:6:bootloader_handle_go_cmd	40	static
../Core/Src/main.c:557:6:bootloader_handle_flash_erase_cmd	32	static
../Core/Src/main.c:593:6:bootloader_handle_mem_write_cmd	40	static
../Core/Src/main.c:638:6:bootloader_handle_en_rw_protect	32	static
../Core/Src/main.c:672:6:bootloader_handle_mem_read	16	static
../Core/Src/main.c:676:6:bootloader_handle_read_sector_protection_status	32	static
../Core/Src/main.c:708:6:bootloader_handle_read_otp	16	static
../Core/Src/main.c:712:6:bootloader_handle_dis_rw_protect	32	static
../Core/Src/main.c:744:13:bootloader_send_ack	24	static
../Core/Src/main.c:752:13:bootloader_send_nack	16	static
../Core/Src/main.c:758:16:get_bootloader_version	16	static
../Core/Src/main.c:764:9:bootloader_verify_crc	40	static
../Core/Src/main.c:792:13:bootloader_uart_write_data	16	static
../Core/Src/main.c:798:10:get_mcu_device_id	16	static
../Core/Src/main.c:804:9:get_flash_rdp_level	16	static
../Core/Src/main.c:810:9:verify_addr	16	static
../Core/Src/main.c:834:9:execute_flash_erase	48	static
../Core/Src/main.c:878:9:program_memory	40	static
../Core/Src/main.c:892:9:configure_protection	24	static
../Core/Src/main.c:933:6:read_protection_status	24	static
../Core/Src/main.c:947:6:Error_Handler	4	static,ignoring_inline_asm
